Component: Arm Compiler for Embedded 6.23 Tool: armlink [5f102400]

==============================================================================

Section Cross References

    startup_stm32u575xx.o(STACK) refers (Special) to heapauxi.o(.text) for __use_two_region_memory
    startup_stm32u575xx.o(HEAP) refers (Special) to heapauxi.o(.text) for __use_two_region_memory
    startup_stm32u575xx.o(RESET) refers (Special) to heapauxi.o(.text) for __use_two_region_memory
    startup_stm32u575xx.o(RESET) refers to startup_stm32u575xx.o(STACK) for __initial_sp
    startup_stm32u575xx.o(RESET) refers to startup_stm32u575xx.o(.text) for Reset_Handler
    startup_stm32u575xx.o(RESET) refers to stm32u5xx_it.o(.text.NMI_Handler) for NMI_Handler
    startup_stm32u575xx.o(RESET) refers to stm32u5xx_it.o(.text.HardFault_Handler) for HardFault_Handler
    startup_stm32u575xx.o(RESET) refers to stm32u5xx_it.o(.text.MemManage_Handler) for MemManage_Handler
    startup_stm32u575xx.o(RESET) refers to stm32u5xx_it.o(.text.BusFault_Handler) for BusFault_Handler
    startup_stm32u575xx.o(RESET) refers to stm32u5xx_it.o(.text.UsageFault_Handler) for UsageFault_Handler
    startup_stm32u575xx.o(RESET) refers to stm32u5xx_it.o(.text.SVC_Handler) for SVC_Handler
    startup_stm32u575xx.o(RESET) refers to stm32u5xx_it.o(.text.DebugMon_Handler) for DebugMon_Handler
    startup_stm32u575xx.o(RESET) refers to stm32u5xx_it.o(.text.PendSV_Handler) for PendSV_Handler
    startup_stm32u575xx.o(RESET) refers to stm32u5xx_it.o(.text.SysTick_Handler) for SysTick_Handler
    startup_stm32u575xx.o(RESET) refers to stm32u5xx_it.o(.text.UART5_IRQHandler) for UART5_IRQHandler
    startup_stm32u575xx.o(.text) refers (Special) to heapauxi.o(.text) for __use_two_region_memory
    startup_stm32u575xx.o(.text) refers to system_stm32u5xx.o(.text.SystemInit) for SystemInit
    startup_stm32u575xx.o(.text) refers to __main.o(!!!main) for __main
    startup_stm32u575xx.o(.text) refers to startup_stm32u575xx.o(HEAP) for Heap_Mem
    startup_stm32u575xx.o(.text) refers to startup_stm32u575xx.o(STACK) for Stack_Mem
    main.o(.text) refers (Special) to use_no_semi_2.o(.text) for __use_no_semihosting
    main.o(.text._sys_exit) refers (Special) to use_no_semi_2.o(.text) for __use_no_semihosting
    main.o(.ARM.exidx.text._sys_exit) refers (Special) to use_no_semi_2.o(.text) for __use_no_semihosting
    main.o(.ARM.exidx.text._sys_exit) refers to main.o(.text._sys_exit) for [Anonymous Symbol]
    main.o(.text._ttywrch) refers (Special) to use_no_semi_2.o(.text) for __use_no_semihosting
    main.o(.ARM.exidx.text._ttywrch) refers (Special) to use_no_semi_2.o(.text) for __use_no_semihosting
    main.o(.ARM.exidx.text._ttywrch) refers to main.o(.text._ttywrch) for [Anonymous Symbol]
    main.o(.text.fputc) refers (Special) to use_no_semi_2.o(.text) for __use_no_semihosting
    main.o(.text.fputc) refers to usart.o(.bss.huart1) for huart1
    main.o(.text.fputc) refers to stm32u5xx_hal_uart.o(.text.HAL_UART_Transmit) for HAL_UART_Transmit
    main.o(.ARM.exidx.text.fputc) refers (Special) to use_no_semi_2.o(.text) for __use_no_semihosting
    main.o(.ARM.exidx.text.fputc) refers to main.o(.text.fputc) for [Anonymous Symbol]
    main.o(.text.main) refers (Special) to use_no_semi_2.o(.text) for __use_no_semihosting
    main.o(.text.main) refers to stm32u5xx_hal.o(.text.HAL_Init) for HAL_Init
    main.o(.text.main) refers to stm32u5xx_hal_pwr_ex.o(.text.HAL_PWREx_DisableUCPDDeadBattery) for HAL_PWREx_DisableUCPDDeadBattery
    main.o(.text.main) refers to rt_memclr_w.o(.text) for __aeabi_memclr4
    main.o(.text.main) refers to stm32u5xx_hal_pwr_ex.o(.text.HAL_PWREx_ControlVoltageScaling) for HAL_PWREx_ControlVoltageScaling
    main.o(.text.main) refers to stm32u5xx_hal_rcc.o(.text.HAL_RCC_OscConfig) for HAL_RCC_OscConfig
    main.o(.text.main) refers to stm32u5xx_hal_rcc.o(.text.HAL_RCC_ClockConfig) for HAL_RCC_ClockConfig
    main.o(.text.main) refers to gpio.o(.text.MX_GPIO_Init) for MX_GPIO_Init
    main.o(.text.main) refers to icache.o(.text.MX_ICACHE_Init) for MX_ICACHE_Init
    main.o(.text.main) refers to usart.o(.text.MX_UART5_Init) for MX_UART5_Init
    main.o(.text.main) refers to usart.o(.text.MX_USART1_UART_Init) for MX_USART1_UART_Init
    main.o(.text.main) refers to usart.o(.bss.huart5) for huart5
    main.o(.text.main) refers to main.o(.bss.gRX_BufF) for gRX_BufF
    main.o(.text.main) refers to bsp_esp8266.o(.text.ESP8266_Init) for ESP8266_Init
    main.o(.text.main) refers to bsp_esp8266.o(.text.ESP8266_STA_MQTTClient) for ESP8266_STA_MQTTClient
    main.o(.text.main) refers to stm32u5xx_hal_gpio.o(.text.HAL_GPIO_WritePin) for HAL_GPIO_WritePin
    main.o(.text.main) refers to bsp_esp8266.o(.bss.ESP8266_Fram_Record_Struct) for ESP8266_Fram_Record_Struct
    main.o(.text.main) refers to stm32u5xx_hal.o(.text.HAL_Delay) for HAL_Delay
    main.o(.text.main) refers to bsp_esp8266.o(.text.ESP8266_Json_Parse) for ESP8266_Json_Parse
[...]
    __rt_entry_sh                            0x0800034d   Thumb Code     0  __rtentry4.o(.ARM.Collect$$rtentry$$00000004)
    __rt_entry_li                            0x08000353   Thumb Code     0  __rtentry2.o(.ARM.Collect$$rtentry$$0000000A)
    __rt_entry_postsh_1                      0x08000353   Thumb Code     0  __rtentry2.o(.ARM.Collect$$rtentry$$00000009)
    __rt_entry_main                          0x08000357   Thumb Code     0  __rtentry2.o(.ARM.Collect$$rtentry$$0000000D)
    __rt_entry_postli_1                      0x08000357   Thumb Code     0  __rtentry2.o(.ARM.Collect$$rtentry$$0000000C)
    __rt_exit                                0x0800035f   Thumb Code     0  rtexit.o(.ARM.Collect$$rtexit$$00000000)
    __rt_exit_ls                             0x08000361   Thumb Code     0  rtexit2.o(.ARM.Collect$$rtexit$$00000003)
    __rt_exit_prels_1                        0x08000361   Thumb Code     0  rtexit2.o(.ARM.Collect$$rtexit$$00000002)
    __rt_exit_exit                           0x08000365   Thumb Code     0  rtexit2.o(.ARM.Collect$$rtexit$$00000004)
    Reset_Handler                            0x0800036d   Thumb Code     8  startup_stm32u575xx.o(.text)
    SecureFault_Handler                      0x0800037f   Thumb Code     2  startup_stm32u575xx.o(.text)
    ADC1_IRQHandler                          0x08000389   Thumb Code     0  startup_stm32u575xx.o(.text)
    ADC4_IRQHandler                          0x08000389   Thumb Code     0  startup_stm32u575xx.o(.text)
    ADF1_IRQHandler                          0x08000389   Thumb Code     0  startup_stm32u575xx.o(.text)
    COMP_IRQHandler                          0x08000389   Thumb Code     0  startup_stm32u575xx.o(.text)
    CORDIC_IRQHandler                        0x08000389   Thumb Code     0  startup_stm32u575xx.o(.text)
    CRS_IRQHandler                           0x08000389   Thumb Code     0  startup_stm32u575xx.o(.text)
    DAC1_IRQHandler                          0x08000389   Thumb Code     0  startup_stm32u575xx.o(.text)
    DCACHE1_IRQHandler                       0x08000389   Thumb Code     0  startup_stm32u575xx.o(.text)
    DCMI_PSSI_IRQHandler                     0x08000389   Thumb Code     0  startup_stm32u575xx.o(.text)
    DMA2D_IRQHandler                         0x08000389   Thumb Code     0  startup_stm32u575xx.o(.text)
    EXTI0_IRQHandler                         0x08000389   Thumb Code     0  startup_stm32u575xx.o(.text)
    EXTI10_IRQHandler                        0x08000389   Thumb Code     0  startup_stm32u575xx.o(.text)
    EXTI11_IRQHandler                        0x08000389   Thumb Code     0  startup_stm32u575xx.o(.text)
    EXTI12_IRQHandler                        0x08000389   Thumb Code     0  startup_stm32u575xx.o(.text)
    EXTI13_IRQHandler                        0x08000389   Thumb Code     0  startup_stm32u575xx.o(.text)
    EXTI14_IRQHandler                        0x08000389   Thumb Code     0  startup_stm32u575xx.o(.text)
    EXTI15_IRQHandler                        0x08000389   Thumb Code     0  startup_stm32u575xx.o(.text)
    EXTI1_IRQHandler                         0x08000389   Thumb Code     0  startup_stm32u575xx.o(.text)
    EXTI2_IRQHandler                         0x08000389   Thumb Code     0  startup_stm32u575xx.o(.text)
    EXTI3_IRQHandler                         0x08000389   Thumb Code     0  startup_stm32u575xx.o(.text)
    EXTI4_IRQHandler                         0x08000389   Thumb Code     0  startup_stm32u575xx.o(.text)
    EXTI5_IRQHandler                         0x08000389   Thumb Code     0  startup_stm32u575xx.o(.text)
    EXTI6_IRQHandler                         0x08000389   Thumb Code     0  startup_stm32u575xx.o(.text)
    EXTI7_IRQHandler                         0x08000389   Thumb Code     0  startup_stm32u575xx.o(.text)
    EXTI8_IRQHandler                         0x08000389   Thumb Code     0  startup_stm32u575xx.o(.text)
    EXTI9_IRQHandler                         0x08000389   Thumb Code     0  startup_stm32u575xx.o(.text)
    FDCAN1_IT0_IRQHandler                    0x08000389   Thumb Code     0  startup_stm32u575xx.o(.text)
    FDCAN1_IT1_IRQHandler                    0x08000389   Thumb Code     0  startup_stm32u575xx.o(.text)
    FLASH_IRQHandler                         0x08000389   Thumb Code     0  startup_stm32u575xx.o(.text)
    FLASH_S_IRQHandler                       0x08000389   Thumb Code     0  startup_stm32u575xx.o(.text)
    FMAC_IRQHandler                          0x08000389   Thumb Code     0  startup_stm32u575xx.o(.text)
    FMC_IRQHandler                           0x08000389   Thumb Code     0  startup_stm32u575xx.o(.text)
    FPU_IRQHandler                           0x08000389   Thumb Code     0  startup_stm32u575xx.o(.text)
    GPDMA1_Channel0_IRQHandler               0x08000389   Thumb Code     0  startup_stm32u575xx.o(.text)
    GPDMA1_Channel10_IRQHandler              0x08000389   Thumb Code     0  startup_stm32u575xx.o(.text)
    GPDMA1_Channel11_IRQHandler              0x08000389   Thumb Code     0  startup_stm32u575xx.o(.text)
    GPDMA1_Channel12_IRQHandler              0x08000389   Thumb Code     0  startup_stm32u575xx.o(.text)
    GPDMA1_Channel13_IRQHandler              0x08000389   Thumb Code     0  startup_stm32u575xx.o(.text)
    GPDMA1_Channel14_IRQHandler              0x08000389   Thumb Code     0  startup_stm32u575xx.o(.text)
    GPDMA1_Channel15_IRQHandler              0x08000389   Thumb Code     0  startup_stm32u575xx.o(.text)
    GPDMA1_Channel1_IRQHandler               0x08000389   Thumb Code     0  startup_stm32u575xx.o(.text)
    GPDMA1_Channel2_IRQHandler               0x08000389   Thumb Code     0  startup_stm32u575xx.o(.text)
    GPDMA1_Channel3_IRQHandler               0x08000389   Thumb Code     0  startup_stm32u575xx.o(.text)
    GPDMA1_Channel4_IRQHandler               0x08000389   Thumb Code     0  startup_stm32u575xx.o(.text)
    GPDMA1_Channel5_IRQHandler               0x08000389   Thumb Code     0  startup_stm32u575xx.o(.text)
    GPDMA1_Channel6_IRQHandler               0x08000389   Thumb Code     0  startup_stm32u575xx.o(.text)
    GPDMA1_Channel7_IRQHandler               0x08000389   Thumb Code     0  startup_stm32u575xx.o(.text)
    GPDMA1_Channel8_IRQHandler               0x08000389   Thumb Code     0  startup_stm32u575xx.o(.text)
    GPDMA1_Channel9_IRQHandler               0x08000389   Thumb Code     0  startup_stm32u575xx.o(.text)
    GTZC_IRQHandler                          0x08000389   Thumb Code     0  startup_stm32u575xx.o(.text)
    HASH_IRQHandler                          0x08000389   Thumb Code     0  startup_stm32u575xx.o(.text)
    I2C1_ER_IRQHandler                       0x08000389   Thumb Code     0  startup_stm32u575xx.o(.text)
    I2C1_EV_IRQHandler                       0x08000389   Thumb Code     0  startup_stm32u575xx.o(.text)
    I2C2_ER_IRQHandler                       0x08000389   Thumb Code     0  startup_stm32u575xx.o(.text)
    I2C2_EV_IRQHandler                       0x08000389   Thumb Code     0  startup_stm32u575xx.o(.text)
    I2C3_ER_IRQHandler                       0x08000389   Thumb Code     0  startup_stm32u575xx.o(.text)
    I2C3_EV_IRQHandler                       0x08000389   Thumb Code     0  startup_stm32u575xx.o(.text)
    I2C4_ER_IRQHandler                       0x08000389   Thumb Code     0  startup_stm32u575xx.o(.text)
    I2C4_EV_IRQHandler                       0x08000389   Thumb Code     0  startup_stm32u575xx.o(.text)
    ICACHE_IRQHandler                        0x08000389   Thumb Code     0  startup_stm32u575xx.o(.text)
    IWDG_IRQHandler                          0x08000389   Thumb Code     0  startup_stm32u575xx.o(.text)
    LPDMA1_Channel0_IRQHandler               0x08000389   Thumb Code     0  startup_stm32u575xx.o(.text)
    LPDMA1_Channel1_IRQHandler               0x08000389   Thumb Code     0  startup_stm32u575xx.o(.text)
    LPDMA1_Channel2_IRQHandler               0x08000389   Thumb Code     0  startup_stm32u575xx.o(.text)
    LPDMA1_Channel3_IRQHandler               0x08000389   Thumb Code     0  startup_stm32u575xx.o(.text)
    LPTIM1_IRQHandler                        0x08000389   Thumb Code     0  startup_stm32u575xx.o(.text)
    LPTIM2_IRQHandler                        0x08000389   Thumb Code     0  startup_stm32u575xx.o(.text)
    LPTIM3_IRQHandler                        0x08000389   Thumb Code     0  startup_stm32u575xx.o(.text)
    LPTIM4_IRQHandler                        0x08000389   Thumb Code     0  startup_stm32u575xx.o(.text)
    LPUART1_IRQHandler                       0x08000389   Thumb Code     0  startup_stm32u575xx.o(.text)
    LSECSSD_IRQHandler                       0x08000389   Thumb Code     0  startup_stm32u575xx.o(.text)
    MDF1_FLT0_IRQHandler                     0x08000389   Thumb Code     0  startup_stm32u575xx.o(.text)
    MDF1_FLT1_IRQHandler                     0x08000389   Thumb Code     0  startup_stm32u575xx.o(.text)
    MDF1_FLT2_IRQHandler                     0x08000389   Thumb Code     0  startup_stm32u575xx.o(.text)
    MDF1_FLT3_IRQHandler                     0x08000389   Thumb Code     0  startup_stm32u575xx.o(.text)
    MDF1_FLT4_IRQHandler                     0x08000389   Thumb Code     0  startup_stm32u575xx.o(.text)
    MDF1_FLT5_IRQHandler                     0x08000389   Thumb Code     0  startup_stm32u575xx.o(.text)
    OCTOSPI1_IRQHandler                      0x08000389   Thumb Code     0  startup_stm32u575xx.o(.text)
    OCTOSPI2_IRQHandler                      0x08000389   Thumb Code     0  startup_stm32u575xx.o(.text)
    OTG_FS_IRQHandler                        0x08000389   Thumb Code     0  startup_stm32u575xx.o(.text)
    PVD_PVM_IRQHandler                       0x08000389   Thumb Code     0  startup_stm32u575xx.o(.text)
    PWR_S3WU_IRQHandler                      0x08000389   Thumb Code     0  startup_stm32u575xx.o(.text)
    RAMCFG_IRQHandler                        0x08000389   Thumb Code     0  startup_stm32u575xx.o(.text)
    RCC_IRQHandler                           0x08000389   Thumb Code     0  startup_stm32u575xx.o(.text)
    RCC_S_IRQHandler                         0x08000389   Thumb Code     0  startup_stm32u575xx.o(.text)
    RNG_IRQHandler                           0x08000389   Thumb Code     0  startup_stm32u575xx.o(.text)
    RTC_IRQHandler                           0x08000389   Thumb Code     0  startup_stm32u575xx.o(.text)
    RTC_S_IRQHandler                         0x08000389   Thumb Code     0  startup_stm32u575xx.o(.text)
    SAI1_IRQHandler                          0x08000389   Thumb Code     0  startup_stm32u575xx.o(.text)
    SAI2_IRQHandler                          0x08000389   Thumb Code     0  startup_stm32u575xx.o(.text)
    SDMMC1_IRQHandler                        0x08000389   Thumb Code     0  startup_stm32u575xx.o(.text)
    SDMMC2_IRQHandler                        0x08000389   Thumb Code     0  startup_stm32u575xx.o(.text)
    SPI1_IRQHandler                          0x08000389   Thumb Code     0  startup_stm32u575xx.o(.text)
    SPI2_IRQHandler                          0x08000389   Thumb Code     0  startup_stm32u575xx.o(.text)
    SPI3_IRQHandler                          0x08000389   Thumb Code     0  startup_stm32u575xx.o(.text)
    TAMP_IRQHandler                          0x08000389   Thumb Code     0  startup_stm32u575xx.o(.text)
    TIM15_IRQHandler                         0x08000389   Thumb Code     0  startup_stm32u575xx.o(.text)
    TIM16_IRQHandler                         0x08000389   Thumb Code     0  startup_stm32u575xx.o(.text)
    TIM17_IRQHandler                         0x08000389   Thumb Code     0  startup_stm32u575xx.o(.text)
    TIM1_BRK_IRQHandler                      0x08000389   Thumb Code     0  startup_stm32u575xx.o(.text)
    TIM1_CC_IRQHandler                       0x08000389   Thumb Code     0  startup_stm32u575xx.o(.text)
    TIM1_TRG_COM_IRQHandler                  0x08000389   Thumb Code     0  startup_stm32u575xx.o(.text)
    TIM1_UP_IRQHandler                       0x08000389   Thumb Code     0  startup_stm32u575xx.o(.text)
    TIM2_IRQHandler                          0x08000389   Thumb Code     0  startup_stm32u575xx.o(.text)
    TIM3_IRQHandler                          0x08000389   Thumb Code     0  startup_stm32u575xx.o(.text)
    TIM4_IRQHandler                          0x08000389   Thumb Code     0  startup_stm32u575xx.o(.text)
    TIM5_IRQHandler                          0x08000389   Thumb Code     0  startup_stm32u575xx.o(.text)
    TIM6_IRQHandler                          0x08000389   Thumb Code     0  startup_stm32u575xx.o(.text)
    TIM7_IRQHandler                          0x08000389   Thumb Code     0  startup_stm32u575xx.o(.text)
    TIM8_BRK_IRQHandler                      0x08000389   Thumb Code     0  startup_stm32u575xx.o(.text)
    TIM8_CC_IRQHandler                       0x08000389   Thumb Code     0  startup_stm32u575xx.o(.text)
    TIM8_TRG_COM_IRQHandler                  0x08000389   Thumb Code     0  startup_stm32u575xx.o(.text)
    TIM8_UP_IRQHandler                       0x08000389   Thumb Code     0  startup_stm32u575xx.o(.text)
    TSC_IRQHandler                           0x08000389   Thumb Code     0  startup_stm32u575xx.o(.text)
    UART4_IRQHandler                         0x08000389   Thumb Code     0  startup_stm32u575xx.o(.text)
    UCPD1_IRQHandler                         0x08000389   Thumb Code     0  startup_stm32u575xx.o(.text)
    USART1_IRQHandler                        0x08000389   Thumb Code     0  startup_stm32u575xx.o(.text)
    USART2_IRQHandler                        0x08000389   Thumb Code     0  startup_stm32u575xx.o(.text)
    USART3_IRQHandler                        0x08000389   Thumb Code     0  startup_stm32u575xx.o(.text)
    WWDG_IRQHandler                          0x08000389   Thumb Code     0  startup_stm32u575xx.o(.text)
    __user_initial_stackheap                 0x0800038d   Thumb Code    10  startup_stm32u575xx.o(.text)
    __use_no_semihosting                     0x080003b1   Thumb Code     2  use_no_semi_2.o(.text)
    malloc                                   0x080003b3   Thumb Code    94  h1_alloc.o(.text)
    free                                     0x08000411   Thumb Code    78  h1_free.o(.text)
    realloc                                  0x0800045f   Thumb Code   196  h1_realloc.o(.text)
    __aeabi_uldivmod                         0x08000523   Thumb Code     0  lludivv7m.o(.text)
    _ll_udiv                                 0x08000523   Thumb Code   240  lludivv7m.o(.text)
    tolower                                  0x08000613   Thumb Code    26  tolower.o(.text)
    __2printf                                0x0800062d   Thumb Code    20  __2printf.o(.text)
    __2sprintf                               0x08000645   Thumb Code    38  __2sprintf.o(.text)
    _printf_pre_padding                      0x08000671   Thumb Code    44  _printf_pad.o(.text)
    _printf_post_padding                     0x0800069d   Thumb Code    34  _printf_pad.o(.text)
    _printf_truncate_signed                  0x080006bf   Thumb Code    18  _printf_truncate.o(.text)
    _printf_truncate_unsigned                0x080006d1   Thumb Code    18  _printf_truncate.o(.text)
    _printf_str                              0x080006e3   Thumb Code    82  _printf_str.o(.text)
    _printf_int_dec                          0x08000735   Thumb Code   104  _printf_dec.o(.text)
    _printf_wctomb                           0x080007ad   Thumb Code   182  _printf_wctomb.o(.text)
    _printf_int_oct                          0x08000869   Thumb Code    74  _printf_oct_int.o(.text)
    _printf_longlong_oct                     0x08000869   Thumb Code     0  _printf_oct_int.o(.text)
    _printf_int_hex                          0x080008bd   Thumb Code    84  _printf_hex_int.o(.text)
    _printf_longlong_hex                     0x080008bd   Thumb Code     0  _printf_hex_int.o(.text)
    __printf                                 0x08000915   Thumb Code   388  __printf_flags_ss_wp.o(.text)
    puts                                     0x08000a9d   Thumb Code    40  puts.o(.text)
    strchr                                   0x08000ac9   Thumb Code    20  strchr.o(.text)
    strstr                                   0x08000add   Thumb Code    36  strstr.o(.text)
    strlen                                   0x08000b01   Thumb Code    62  strlen.o(.text)
    strncmp                                  0x08000b3f   Thumb Code   150  strncmp.o(.text)
    __aeabi_memcpy                           0x08000bd5   Thumb Code     0  rt_memcpy_v6.o(.text)
    __rt_memcpy                              0x08000bd5   Thumb Code   138  rt_memcpy_v6.o(.text)
    _memcpy_lastbytes                        0x08000c3b   Thumb Code     0  rt_memcpy_v6.o(.text)
    __aeabi_memclr                           0x08000c5f   Thumb Code     0  rt_memclr.o(.text)
    __rt_memclr                              0x08000c5f   Thumb Code     0  rt_memclr.o(.text)
    _memset                                  0x08000c63   Thumb Code    64  rt_memclr.o(.text)
    __aeabi_memclr4                          0x08000ca3   Thumb Code     0  rt_memclr_w.o(.text)
    __aeabi_memclr8                          0x08000ca3   Thumb Code     0  rt_memclr_w.o(.text)
    __rt_memclr_w                            0x08000ca3   Thumb Code     0  rt_memclr_w.o(.text)
    _memset_w                                0x08000ca7   Thumb Code    74  rt_memclr_w.o(.text)
    strcmp                                   0x08000cf1   Thumb Code   124  strcmpv8m_maindsp.o(.text)
    __use_two_region_memory                  0x08000d6d   Thumb Code     2  heapauxi.o(.text)
    __rt_heap_escrow                         0x08000d6f   Thumb Code     2  heapauxi.o(.text)
    __rt_heap_expand                         0x08000d71   Thumb Code     2  heapauxi.o(.text)
    __I$use$semihosting                      0x08000d73   Thumb Code     0  use_no_semi.o(.text)
    __use_no_semihosting_swi                 0x08000d73   Thumb Code     2  use_no_semi.o(.text)
    __rt_ctype_table                         0x08000d75   Thumb Code    16  rt_ctype_table.o(.text)
    __rt_heap_descriptor                     0x08000d85   Thumb Code     8  rt_heap_descriptor_intlibspace.o(.text)
    __use_no_heap                            0x08000d8d   Thumb Code     2  hguard.o(.text)
    __heap$guard                             0x08000d8f   Thumb Code     2  hguard.o(.text)
    _terminate_user_alloc                    0x08000d91   Thumb Code     2  init_alloc.o(.text)
    _init_user_alloc                         0x08000d93   Thumb Code     2  init_alloc.o(.text)
    __Heap_Full                              0x08000d95   Thumb Code    34  init_alloc.o(.text)
    __Heap_Broken                            0x08000db7   Thumb Code     6  init_alloc.o(.text)
    _init_alloc                              0x08000dbd   Thumb Code    94  init_alloc.o(.text)
    __Heap_Initialize                        0x08000e1b   Thumb Code     8  h1_init.o(.text)
    __Heap_DescSize                          0x08000e23   Thumb Code     4  h1_init.o(.text)
    _printf_int_common                       0x08000e27   Thumb Code   178  _printf_intcommon.o(.text)
    _printf_fp_dec_real                      0x08001089   Thumb Code   620  _printf_fp_dec.o(.text)
    _printf_char_common                      0x080012ff   Thumb Code    32  _printf_char_common.o(.text)
    _sputc                                   0x08001325   Thumb Code    10  _sputc.o(.text)
    _printf_cs_common                        0x0800132f   Thumb Code    20  _printf_char.o(.text)
    _printf_char                             0x08001343   Thumb Code    16  _printf_char.o(.text)
    _printf_string                           0x08001353   Thumb Code     8  _printf_char.o(.text)
    _printf_char_file                        0x0800135d   Thumb Code    32  _printf_char_file.o(.text)
    _printf_lcs_common                       0x08001381   Thumb Code    20  _printf_wchar.o(.text)
    _printf_wchar                            0x08001395   Thumb Code    16  _printf_wchar.o(.text)
    _printf_wstring                          0x080013a5   Thumb Code     8  _printf_wchar.o(.text)
    _scanf_really_real                       0x080015f9   Thumb Code   684  scanf_fp.o(.text)
    _sgetc                                   0x080018a5   Thumb Code    30  _sgetc.o(.text)
    _sbackspace                              0x080018c3   Thumb Code    34  _sgetc.o(.text)
    __strtod_int                             0x08001929   Thumb Code    94  strtod.o(.text)
    _c16rtomb                                0x08001995   Thumb Code    72  _c16rtomb.o(.text)
    _wcrtomb                                 0x08001995   Thumb Code     0  _c16rtomb.o(.text)
    __aeabi_memcpy4                          0x080019dd   Thumb Code     0  rt_memcpy_w.o(.text)
    __aeabi_memcpy8                          0x080019dd   Thumb Code     0  rt_memcpy_w.o(.text)
    __rt_memcpy_w                            0x080019dd   Thumb Code   100  rt_memcpy_w.o(.text)
    _memcpy_lastbytes_aligned                0x08001a25   Thumb Code     0  rt_memcpy_w.o(.text)
    __user_libspace                          0x08001a41   Thumb Code     8  libspace.o(.text)
    __user_perproc_libspace                  0x08001a41   Thumb Code     0  libspace.o(.text)
    __user_perthread_libspace                0x08001a41   Thumb Code     0  libspace.o(.text)
    __rt_locale                              0x08001a49   Thumb Code     8  rt_locale_intlibspace.o(.text)
    __aeabi_errno_addr                       0x08001a51   Thumb Code     8  rt_errno_addr_intlibspace.o(.text)
    __errno$intlibspace                      0x08001a51   Thumb Code     0  rt_errno_addr_intlibspace.o(.text)
    __rt_errno_addr$intlibspace              0x08001a51   Thumb Code     0  rt_errno_addr_intlibspace.o(.text)
    __Heap_ProvideMemory                     0x08001a59   Thumb Code    52  h1_extend.o(.text)
    _maybe_terminate_alloc                   0x08001a59   Thumb Code     0  maybetermalloc1.o(.text)
    __aeabi_llsl                             0x08001a8d   Thumb Code     0  llshl.o(.text)
    _ll_shift_l                              0x08001a8d   Thumb Code    38  llshl.o(.text)
    _ll_udiv10                               0x08001ab3   Thumb Code   138  lludiv10.o(.text)
    isspace                                  0x08001b3d   Thumb Code    18  isspace.o(.text)
    _printf_fp_infnan                        0x08001b51   Thumb Code   112  _printf_fp_infnan.o(.text)
    _btod_etento                             0x08001bd1   Thumb Code   224  bigflt0.o(.text)
    ferror                                   0x08001cb5   Thumb Code     8  ferror.o(.text)
    __rt_SIGRTMEM                            0x08001cbd   Thumb Code    14  defsig_rtmem_outer.o(.text)
    __user_setup_stackheap                   0x08001ccb   Thumb Code    74  sys_stackheap_outer.o(.text)
    __read_errno                             0x08001d15   Thumb Code    10  _rserrno.o(.text)
    __set_errno                              0x08001d1f   Thumb Code    12  _rserrno.o(.text)
    _scanf_really_hex_real                   0x08001d2d   Thumb Code   786  scanf_hexfp.o(.text)
    _scanf_really_infnan                     0x0800204d   Thumb Code   292  scanf_infnan.o(.text)
    exit                                     0x08002181   Thumb Code    18  exit.o(.text)
    __sig_exit                               0x08002193   Thumb Code    10  defsig_exit.o(.text)
    __rt_SIGRTMEM_inner                      0x0800219d   Thumb Code    22  defsig_rtmem_inner.o(.text)
    _chval                                   0x080021ed   Thumb Code    28  _chval.o(.text)
    __default_signal_display                 0x08002209   Thumb Code    50  defsig_general.o(.text)
    BusFault_Handler                         0x0800223d   Thumb Code     2  stm32u5xx_it.o(.text.BusFault_Handler)
    DebugMon_Handler                         0x08002241   Thumb Code     2  stm32u5xx_it.o(.text.DebugMon_Handler)
    ESP8266_AT_Test                          0x08002245   Thumb Code   952  bsp_esp8266.o(.text.ESP8266_AT_Test)
    ESP8266_Init                             0x08002601   Thumb Code    46  bsp_esp8266.o(.text.ESP8266_Init)
    ESP8266_Json_Parse                       0x08002631   Thumb Code   208  bsp_esp8266.o(.text.ESP8266_Json_Parse)
    ESP8266_STA_MQTTClient                   0x0800277d   Thumb Code   636  bsp_esp8266.o(.text.ESP8266_STA_MQTTClient)
    Error_Handler                            0x08002a89   Thumb Code    10  main.o(.text.Error_Handler)
    HAL_DMA_Abort                            0x08002a95   Thumb Code   168  stm32u5xx_hal_dma.o(.text.HAL_DMA_Abort)
    HAL_DMA_Abort_IT                         0x08002b3d   Thumb Code    40  stm32u5xx_hal_dma.o(.text.HAL_DMA_Abort_IT)
    HAL_Delay                                0x08002b65   Thumb Code    40  stm32u5xx_hal.o(.text.HAL_Delay)
    HAL_GPIO_Init                            0x08002b8d   Thumb Code   594  stm32u5xx_hal_gpio.o(.text.HAL_GPIO_Init)
    HAL_GPIO_WritePin                        0x08002de1   Thumb Code    12  stm32u5xx_hal_gpio.o(.text.HAL_GPIO_WritePin)
    HAL_GetTick                              0x08002ded   Thumb Code    12  stm32u5xx_hal.o(.text.HAL_GetTick)
    HAL_ICACHE_ConfigAssociativityMode       0x08002df9   Thumb Code    32  stm32u5xx_hal_icache.o(.text.HAL_ICACHE_ConfigAssociativityMode)
    HAL_ICACHE_Enable                        0x08002e19   Thumb Code    20  stm32u5xx_hal_icache.o(.text.HAL_ICACHE_Enable)
    HAL_IncTick                              0x08002e2d   Thumb Code    26  stm32u5xx_hal.o(.text.HAL_IncTick)
    HAL_Init                                 0x08002e49   Thumb Code    86  stm32u5xx_hal.o(.text.HAL_Init)
    HAL_InitTick                             0x08002ea1   Thumb Code    82  stm32u5xx_hal.o(.text.HAL_InitTick)
    HAL_MspInit                              0x08002ef5   Thumb Code    32  stm32u5xx_hal_msp.o(.text.HAL_MspInit)
    HAL_NVIC_EnableIRQ                       0x08002f15   Thumb Code    34  stm32u5xx_hal_cortex.o(.text.HAL_NVIC_EnableIRQ)
    HAL_NVIC_SetPriority                     0x08002f39   Thumb Code    86  stm32u5xx_hal_cortex.o(.text.HAL_NVIC_SetPriority)
    HAL_NVIC_SetPriorityGrouping             0x08002f91   Thumb Code    32  stm32u5xx_hal_cortex.o(.text.HAL_NVIC_SetPriorityGrouping)
    HAL_PWREx_ControlVoltageScaling          0x08002fb1   Thumb Code   250  stm32u5xx_hal_pwr_ex.o(.text.HAL_PWREx_ControlVoltageScaling)
    HAL_PWREx_DisableUCPDDeadBattery         0x080030ad   Thumb Code    18  stm32u5xx_hal_pwr_ex.o(.text.HAL_PWREx_DisableUCPDDeadBattery)
    HAL_PWREx_GetVoltageRange                0x080030c1   Thumb Code    16  stm32u5xx_hal_pwr_ex.o(.text.HAL_PWREx_GetVoltageRange)
    HAL_RCCEx_GetPLL1ClockFreq               0x080030d1   Thumb Code   352  stm32u5xx_hal_rcc_ex.o(.text.HAL_RCCEx_GetPLL1ClockFreq)
    HAL_RCCEx_GetPLL2ClockFreq               0x08003239   Thumb Code   352  stm32u5xx_hal_rcc_ex.o(.text.HAL_RCCEx_GetPLL2ClockFreq)
    HAL_RCCEx_GetPLL3ClockFreq               0x080033a1   Thumb Code   352  stm32u5xx_hal_rcc_ex.o(.text.HAL_RCCEx_GetPLL3ClockFreq)
    HAL_RCCEx_GetPeriphCLKFreq               0x08003509   Thumb Code  2360  stm32u5xx_hal_rcc_ex.o(.text.HAL_RCCEx_GetPeriphCLKFreq)
    HAL_RCCEx_PeriphCLKConfig                0x08003e41   Thumb Code  1482  stm32u5xx_hal_rcc_ex.o(.text.HAL_RCCEx_PeriphCLKConfig)
    HAL_RCC_ClockConfig                      0x0800440d   Thumb Code   762  stm32u5xx_hal_rcc.o(.text.HAL_RCC_ClockConfig)
    HAL_RCC_GetHCLKFreq                      0x08004709   Thumb Code    44  stm32u5xx_hal_rcc.o(.text.HAL_RCC_GetHCLKFreq)
    HAL_RCC_GetPCLK1Freq                     0x08004735   Thumb Code    62  stm32u5xx_hal_rcc.o(.text.HAL_RCC_GetPCLK1Freq)
    HAL_RCC_GetPCLK2Freq                     0x08004775   Thumb Code    62  stm32u5xx_hal_rcc.o(.text.HAL_RCC_GetPCLK2Freq)
    HAL_RCC_GetPCLK3Freq                     0x080047b5   Thumb Code    62  stm32u5xx_hal_rcc.o(.text.HAL_RCC_GetPCLK3Freq)
    HAL_RCC_GetSysClockFreq                  0x080047f5   Thumb Code   252  stm32u5xx_hal_rcc.o(.text.HAL_RCC_GetSysClockFreq)
    HAL_RCC_OscConfig                        0x080048fd   Thumb Code  2994  stm32u5xx_hal_rcc.o(.text.HAL_RCC_OscConfig)
    HAL_SYSTICK_Config                       0x080054b1   Thumb Code    44  stm32u5xx_hal_cortex.o(.text.HAL_SYSTICK_Config)
    HAL_UARTEx_DisableFifoMode               0x080054dd   Thumb Code    54  stm32u5xx_hal_uart_ex.o(.text.HAL_UARTEx_DisableFifoMode)
    HAL_UARTEx_RxEventCallback               0x08005515   Thumb Code     2  stm32u5xx_hal_uart.o(.text.HAL_UARTEx_RxEventCallback)
    HAL_UARTEx_RxFifoFullCallback            0x08005519   Thumb Code     2  stm32u5xx_hal_uart_ex.o(.text.HAL_UARTEx_RxFifoFullCallback)
    HAL_UARTEx_SetRxFifoThreshold            0x0800551d   Thumb Code   140  stm32u5xx_hal_uart_ex.o(.text.HAL_UARTEx_SetRxFifoThreshold)
    HAL_UARTEx_SetTxFifoThreshold            0x080055a9   Thumb Code   140  stm32u5xx_hal_uart_ex.o(.text.HAL_UARTEx_SetTxFifoThreshold)
    HAL_UARTEx_TxFifoEmptyCallback           0x08005635   Thumb Code     2  stm32u5xx_hal_uart_ex.o(.text.HAL_UARTEx_TxFifoEmptyCallback)
    HAL_UART_AbortReceiveCpltCallback        0x08005639   Thumb Code    58  main.o(.text.HAL_UART_AbortReceiveCpltCallback)
    HAL_UART_AbortReceive_IT                 0x08005675   Thumb Code   332  stm32u5xx_hal_uart.o(.text.HAL_UART_AbortReceive_IT)
    HAL_UART_ErrorCallback                   0x080057c1   Thumb Code     2  stm32u5xx_hal_uart.o(.text.HAL_UART_ErrorCallback)
    HAL_UART_IRQHandler                      0x080057c5   Thumb Code  1404  stm32u5xx_hal_uart.o(.text.HAL_UART_IRQHandler)
    HAL_UART_Init                            0x08005d41   Thumb Code   100  stm32u5xx_hal_uart.o(.text.HAL_UART_Init)
    HAL_UART_MspInit                         0x08005da5   Thumb Code   330  usart.o(.text.HAL_UART_MspInit)
    HAL_UART_Receive_IT                      0x08005ef1   Thumb Code   194  stm32u5xx_hal_uart.o(.text.HAL_UART_Receive_IT)
    HAL_UART_RxCpltCallback                  0x08005fb5   Thumb Code   106  main.o(.text.HAL_UART_RxCpltCallback)
    HAL_UART_Transmit                        0x08006021   Thumb Code   226  stm32u5xx_hal_uart.o(.text.HAL_UART_Transmit)
    HAL_UART_TxCpltCallback                  0x08006105   Thumb Code     2  stm32u5xx_hal_uart.o(.text.HAL_UART_TxCpltCallback)
    HardFault_Handler                        0x08006109   Thumb Code     2  stm32u5xx_it.o(.text.HardFault_Handler)
    MX_GPIO_Init                             0x0800610d   Thumb Code   124  gpio.o(.text.MX_GPIO_Init)
    MX_ICACHE_Init                           0x08006189   Thumb Code    34  icache.o(.text.MX_ICACHE_Init)
    MX_UART5_Init                            0x080061ad   Thumb Code   132  usart.o(.text.MX_UART5_Init)
    MX_USART1_UART_Init                      0x08006231   Thumb Code   132  usart.o(.text.MX_USART1_UART_Init)
    MemManage_Handler                        0x080062b5   Thumb Code     2  stm32u5xx_it.o(.text.MemManage_Handler)
    NMI_Handler                              0x080062b9   Thumb Code     2  stm32u5xx_it.o(.text.NMI_Handler)
    PendSV_Handler                           0x080062bd   Thumb Code     2  stm32u5xx_it.o(.text.PendSV_Handler)
    SVC_Handler                              0x080064a9   Thumb Code     2  stm32u5xx_it.o(.text.SVC_Handler)
    SysTick_Handler                          0x080064ad   Thumb Code     4  stm32u5xx_it.o(.text.SysTick_Handler)
    SystemInit                               0x080064b1   Thumb Code    76  system_stm32u5xx.o(.text.SystemInit)
    UART5_IRQHandler                         0x080064fd   Thumb Code    46  stm32u5xx_it.o(.text.UART5_IRQHandler)
    UART_AdvFeatureConfig                    0x0800652d   Thumb Code   230  stm32u5xx_hal_uart.o(.text.UART_AdvFeatureConfig)
    UART_CheckIdleState                      0x08006615   Thumb Code   362  stm32u5xx_hal_uart.o(.text.UART_CheckIdleState)
    UART_SetConfig                           0x08007175   Thumb Code   522  stm32u5xx_hal_uart.o(.text.UART_SetConfig)
    UART_Start_Receive_IT                    0x08007381   Thumb Code   610  stm32u5xx_hal_uart.o(.text.UART_Start_Receive_IT)
    UART_WaitOnFlagUntilTimeout              0x080075e5   Thumb Code   710  stm32u5xx_hal_uart.o(.text.UART_WaitOnFlagUntilTimeout)
    USART_printf                             0x080078ad   Thumb Code   566  bsp_esp8266.o(.text.USART_printf)
    UsageFault_Handler                       0x08007ae5   Thumb Code     2  stm32u5xx_it.o(.text.UsageFault_Handler)
    _sys_exit                                0x08007ae9   Thumb Code     2  main.o(.text._sys_exit)
    _ttywrch                                 0x08007aed   Thumb Code     2  main.o(.text._ttywrch)
    cJSON_Delete                             0x08007b69   Thumb Code    96  cjson.o(.text.cJSON_Delete)
    cJSON_GetErrorPtr                        0x08007bc9   Thumb Code    16  cjson.o(.text.cJSON_GetErrorPtr)
    cJSON_GetObjectItem                      0x08007bd9   Thumb Code   138  cjson.o(.text.cJSON_GetObjectItem)
    cJSON_IsNumber                           0x08007c65   Thumb Code    20  cjson.o(.text.cJSON_IsNumber)
    cJSON_Parse                              0x08007c79   Thumb Code    32  cjson.o(.text.cJSON_Parse)
    cJSON_ParseWithLengthOpts                0x08007c99   Thumb Code   454  cjson.o(.text.cJSON_ParseWithLengthOpts)
    fputc                                    0x08007e61   Thumb Code    36  main.o(.text.fputc)
    main                                     0x08007e85   Thumb Code   272  main.o(.text.main)
    _btod_d2e                                0x08008ae9   Thumb Code    62  btod.o(CL$$btod_d2e)
    _d2e_denorm_low                          0x08008b27   Thumb Code    70  btod.o(CL$$btod_d2e_denorm_low)
    _d2e_norm_op1                            0x08008b6d   Thumb Code    96  btod.o(CL$$btod_d2e_norm_op1)
    __btod_div_common                        0x08008bcd   Thumb Code   696  btod.o(CL$$btod_div_common)
    _e2d                                     0x08008f05   Thumb Code   122  btod.o(CL$$btod_e2d)
    _e2e                                     0x08008f89   Thumb Code   220  btod.o(CL$$btod_e2e)
    _btod_ediv                               0x08009065   Thumb Code    42  btod.o(CL$$btod_ediv)
    _btod_edivd                              0x0800908f   Thumb Code    42  btod.o(CL$$btod_edivd)
    _btod_emul                               0x080090b9   Thumb Code    42  btod.o(CL$$btod_emul)
    _btod_emuld                              0x080090e3   Thumb Code    42  btod.o(CL$$btod_emuld)
    __btod_mult_common                       0x0800910d   Thumb Code   580  btod.o(CL$$btod_mult_common)
    __ARM_fpclassify                         0x08009351   Thumb Code    48  fpclassify.o(i.__ARM_fpclassify)
    __hardfp___mathlib_tofloat               0x08009381   Thumb Code   232  narrow.o(i.__hardfp___mathlib_tofloat)
    __hardfp_ldexp                           0x08009479   Thumb Code   200  ldexp.o(i.__hardfp_ldexp)
    __hardfp_strtod                          0x08009549   Thumb Code    32  strtod.o(i.__hardfp_strtod)
    __mathlib_dbl_overflow                   0x08009571   Thumb Code    24  dunder.o(i.__mathlib_dbl_overflow)
    __mathlib_dbl_underflow                  0x08009591   Thumb Code    24  dunder.o(i.__mathlib_dbl_underflow)
    __mathlib_narrow                         0x080095b1   Thumb Code    18  narrow.o(i.__mathlib_narrow)
    __support_ldexp                          0x080095c3   Thumb Code    20  ldexp.o(i.__support_ldexp)
    _is_digit                                0x080095d7   Thumb Code    14  __printf_wp.o(i._is_digit)
    frexp                                    0x080095e9   Thumb Code   118  frexp.o(i.frexp)
    _get_lc_ctype                            0x08009675   Thumb Code    44  lc_ctype_c.o(locale$$code)
    _get_lc_numeric                          0x080096a1   Thumb Code    44  lc_numeric_c.o(locale$$code)
    __aeabi_d2f                              0x080096cd   Thumb Code     0  d2f.o(x$fpl$d2f)
    _d2f                                     0x080096cd   Thumb Code    98  d2f.o(x$fpl$d2f)
    __fpl_dcheck_NaN1                        0x08009731   Thumb Code    10  dcheck1.o(x$fpl$dcheck1)
    __fpl_dcmp_Inf                           0x08009741   Thumb Code    24  dcmpi.o(x$fpl$dcmpinf)
    __aeabi_cdcmpeq                          0x08009759   Thumb Code     0  deqf.o(x$fpl$deqf)
    _dcmpeq                                  0x08009759   Thumb Code   120  deqf.o(x$fpl$deqf)
    __aeabi_d2iz                             0x080097d1   Thumb Code     0  dfix.o(x$fpl$dfix)
    _dfix                                    0x080097d1   Thumb Code    94  dfix.o(x$fpl$dfix)
    __aeabi_cdcmpge                          0x08009831   Thumb Code     0  dgeqf.o(x$fpl$dgeqf)
    _dcmpge                                  0x08009831   Thumb Code   120  dgeqf.o(x$fpl$dgeqf)
    __aeabi_cdcmple                          0x080098a9   Thumb Code     0  dleqf.o(x$fpl$dleqf)
    _dcmple                                  0x080098a9   Thumb Code   120  dleqf.o(x$fpl$dleqf)
    __fpl_dcmple_InfNaN                      0x0800990b   Thumb Code     0  dleqf.o(x$fpl$dleqf)
    __aeabi_dmul                             0x08009921   Thumb Code     0  dmul.o(x$fpl$dmul)
    _dmul                                    0x08009921   Thumb Code   332  dmul.o(x$fpl$dmul)
    __fpl_dnaninf                            0x08009a75   Thumb Code   156  dnaninf.o(x$fpl$dnaninf)
    __fpl_dretinf                            0x08009b11   Thumb Code    12  dretinf.o(x$fpl$dretinf)
    __aeabi_cdrcmple                         0x08009b1d   Thumb Code     0  drleqf.o(x$fpl$drleqf)
    _drcmple                                 0x08009b1d   Thumb Code   108  drleqf.o(x$fpl$drleqf)
    __aeabi_dcmpeq                           0x08009b89   Thumb Code     0  dcmp.o(x$fpl$fcmp)
    _deq                                     0x08009b89   Thumb Code    14  dcmp.o(x$fpl$fcmp)
    _dneq                                    0x08009b97   Thumb Code    14  dcmp.o(x$fpl$fcmp)
    __aeabi_dcmpgt                           0x08009ba5   Thumb Code     0  dcmp.o(x$fpl$fcmp)
    _dgr                                     0x08009ba5   Thumb Code    14  dcmp.o(x$fpl$fcmp)
    __aeabi_dcmpge                           0x08009bb3   Thumb Code     0  dcmp.o(x$fpl$fcmp)
    _dgeq                                    0x08009bb3   Thumb Code    14  dcmp.o(x$fpl$fcmp)
    __aeabi_dcmple                           0x08009bc1   Thumb Code     0  dcmp.o(x$fpl$fcmp)
    _dleq                                    0x08009bc1   Thumb Code    14  dcmp.o(x$fpl$fcmp)
    __aeabi_dcmplt                           0x08009bcf   Thumb Code     0  dcmp.o(x$fpl$fcmp)
    _dls                                     0x08009bcf   Thumb Code    14  dcmp.o(x$fpl$fcmp)
    _fp_init                                 0x08009bdd   Thumb Code    26  fpinit.o(x$fpl$fpinit)
    __fplib_config_fpu_vfp                   0x08009bf5   Thumb Code     0  fpinit.o(x$fpl$fpinit)
    __fplib_config_pureend_doubles           0x08009bf5   Thumb Code     0  fpinit.o(x$fpl$fpinit)
    __fpl_fretinf                            0x08009bf7   Thumb Code    10  fretinf.o(x$fpl$fretinf)
    __ieee_status                            0x08009c01   Thumb Code     6  istatus.o(x$fpl$ieeestatus)
    _printf_fp_dec                           0x08009c07   Thumb Code     4  printf1.o(x$fpl$printf1)
    __fpl_return_NaN                         0x08009c0b   Thumb Code   100  retnan.o(x$fpl$retnan)
    __ARM_scalbn                             0x08009c6f   Thumb Code    92  scalbn.o(x$fpl$scalbn)
    _scanf_real                              0x08009ccb   Thumb Code     4  scanf1.o(x$fpl$scanf1)
    _scanf_hex_real                          0x08009ccf   Thumb Code     4  scanf2.o(x$fpl$scanf2)
    _scanf_infnan                            0x08009cd3   Thumb Code     4  scanf2.o(x$fpl$scanf2)
    __fpl_cmpreturn                          0x08009cd7   Thumb Code    48  trapv.o(x$fpl$trapveneer)
    __I$use$fp                               0x08009d06   Number         0  usenofp.o(x$fpl$usenofp)
    AHBPrescTable                            0x08009de0   Data          16  system_stm32u5xx.o(.rodata.AHBPrescTable)
    APBPrescTable                            0x08009df0   Data           8  system_stm32u5xx.o(.rodata.APBPrescTable)
    MSIRangeTable                            0x08009e78   Data          64  system_stm32u5xx.o(.rodata.MSIRangeTable)
    UARTPrescTable                           0x08009eb8   Data          24  stm32u5xx_hal_uart.o(.rodata.UARTPrescTable)
    Region$$Table$$Base                      0x08009fe0   Number         0  anon$$obj.o(Region$$Table)
    Region$$Table$$Limit                     0x0800a000   Number         0  anon$$obj.o(Region$$Table)
    __aeabi_HUGE_VAL                         0x0800a000   Data           0  fpconst.o(c$$dinf)
    __aeabi_HUGE_VALL                        0x0800a000   Data           0  fpconst.o(c$$dinf)
    __aeabi_INFINITY                         0x0800a000   Data           0  fpconst.o(c$$dinf)
    __dInf                                   0x0800a000   Data           0  fpconst.o(c$$dinf)
    __huge_val                               0x0800a000   Data           0  fpconst.o(c$$dinf)
    __dbl_max                                0x0800a008   Data           0  fpconst.o(c$$dmax)
    __ctype                                  0x0800a01d   Data           0  lc_ctype_c.o(locale$$data)
    uwTickFreq                               0x20000000   Data           1  stm32u5xx_hal.o(.data..L_MergedGlobals)
    uwTickPrio                               0x20000004   Data           4  stm32u5xx_hal.o(.data..L_MergedGlobals)
    SystemCoreClock                          0x20000008   Data           4  system_stm32u5xx.o(.data.SystemCoreClock)
    json_str                                 0x20000018   Data          13  bsp_esp8266.o(.data.json_str)
    __libspace_start                         0x20000028   Data          96  libspace.o(.bss)
    __temporary_stack_top$libspace           0x20000088   Data           0  libspace.o(.bss)
    ESP8266_Fram_Record_Struct               0x20000090   Data        1026  bsp_esp8266.o(.bss.ESP8266_Fram_Record_Struct)
    __stdout                                 0x20000494   Data          84  main.o(.bss.__stdout)
    gRX_BufF                                 0x200004e8   Data           1  main.o(.bss.gRX_BufF)
    huart1                                   0x200004ec   Data         148  usart.o(.bss.huart1)
    huart5                                   0x20000580   Data         148  usart.o(.bss.huart5)
    uwTick                                   0x20000614   Data           4  stm32u5xx_hal.o(.bss.uwTick)



==============================================================================

Memory Map of the image

  Image Entry point : 0x08000239

  Load Region LR_IROM1 (Base: 0x08000000, Size: 0x0000a168, Max: 0x00200000, ABSOLUTE)

    Execution Region ER_IROM1 (Exec base: 0x08000000, Load base: 0x08000000, Size: 0x0000a13c, Max: 0x00200000, ABSOLUTE)

    Exec Addr    Load Addr    Size         Type   Attr      Idx    E Section Name        Object

    0x08000000   0x08000000   0x00000238   Data   RO            3    RESET               startup_stm32u575xx.o
    0x08000238   0x08000238   0x00000008   Code   RO         1525  * !!!main             c_w.l(__main.o)
    0x08000240   0x08000240   0x0000005c   Code   RO         1957    !!!scatter          c_w.l(__scatter.o)
    0x0800029c   0x0800029c   0x0000001a   Code   RO         1961    !!handler_copy      c_w.l(__scatter_copy.o)
    0x080002b6   0x080002b6   0x00000002   PAD
    0x080002b8   0x080002b8   0x00000002   Code   RO         1958    !!handler_null      c_w.l(__scatter.o)
    0x080002ba   0x080002ba   0x00000002   PAD
    0x080002bc   0x080002bc   0x0000001c   Code   RO         1963    !!handler_zi        c_w.l(__scatter_zi.o)
    0x080002d8   0x080002d8   0x00000000   Code   RO         1495    .ARM.Collect$$_printf_percent$$00000000  c_w.l(_printf_percent.o)
    0x080002d8   0x080002d8   0x00000006   Code   RO         1494    .ARM.Collect$$_printf_percent$$00000005  c_w.l(_printf_g.o)
    0x080002de   0x080002de   0x00000006   Code   RO         1491    .ARM.Collect$$_printf_percent$$00000008  c_w.l(_printf_i.o)
    0x080002e4   0x080002e4   0x00000006   Code   RO         1492    .ARM.Collect$$_printf_percent$$00000009  c_w.l(_printf_d.o)
    0x080002ea   0x080002ea   0x00000006   Code   RO         1493    .ARM.Collect$$_printf_percent$$0000000A  c_w.l(_printf_u.o)
    0x080002f0   0x080002f0   0x00000006   Code   RO         1490    .ARM.Collect$$_printf_percent$$0000000B  c_w.l(_printf_o.o)
    0x080002f6   0x080002f6   0x00000006   Code   RO         1489    .ARM.Collect$$_printf_percent$$0000000C  c_w.l(_printf_x.o)
    0x080002fc   0x080002fc   0x0000000a   Code   RO         1610    .ARM.Collect$$_printf_percent$$00000012  c_w.l(_printf_l.o)
    0x08000306   0x08000306   0x00000006   Code   RO         1487    .ARM.Collect$$_printf_percent$$00000013  c_w.l(_printf_c.o)
    0x0800030c   0x0800030c   0x00000006   Code   RO         1488    .ARM.Collect$$_printf_percent$$00000014  c_w.l(_printf_s.o)
    0x08000312   0x08000312   0x00000006   Code   RO         1496    .ARM.Collect$$_printf_percent$$00000015  c_w.l(_printf_lc.o)
    0x08000318   0x08000318   0x00000004   Code   RO         1609    .ARM.Collect$$_printf_percent$$00000017  c_w.l(_printf_percent_end.o)
    0x0800031c   0x0800031c   0x00000002   Code   RO         1850    .ARM.Collect$$libinit$$00000000  c_w.l(libinit.o)
    0x0800031e   0x0800031e   0x00000004   Code   RO         1627    .ARM.Collect$$libinit$$00000001  c_w.l(libinit2.o)
    0x08000322   0x08000322   0x00000000   Code   RO         1630    .ARM.Collect$$libinit$$00000004  c_w.l(libinit2.o)
    0x08000322   0x08000322   0x00000000   Code   RO         1632    .ARM.Collect$$libinit$$00000006  c_w.l(libinit2.o)
    0x08000322   0x08000322   0x00000008   Code   RO         1633    .ARM.Collect$$libinit$$00000007  c_w.l(libinit2.o)
    0x0800032a   0x0800032a   0x00000000   Code   RO         1635    .ARM.Collect$$libinit$$0000000C  c_w.l(libinit2.o)
    0x0800032a   0x0800032a   0x00000000   Code   RO         1637    .ARM.Collect$$libinit$$0000000E  c_w.l(libinit2.o)
    0x0800032a   0x0800032a   0x00000000   Code   RO         1639    .ARM.Collect$$libinit$$00000010  c_w.l(libinit2.o)
    0x0800032a   0x0800032a   0x00000006   Code   RO         1640    .ARM.Collect$$libinit$$00000011  c_w.l(libinit2.o)
    0x08000330   0x08000330   0x00000000   Code   RO         1642    .ARM.Collect$$libinit$$00000013  c_w.l(libinit2.o)
    0x08000330   0x08000330   0x0000000c   Code   RO         1643    .ARM.Collect$$libinit$$00000014  c_w.l(libinit2.o)
    0x0800033c   0x0800033c   0x00000000   Code   RO         1644    .ARM.Collect$$libinit$$00000015  c_w.l(libinit2.o)
    0x0800033c   0x0800033c   0x00000000   Code   RO         1646    .ARM.Collect$$libinit$$00000017  c_w.l(libinit2.o)
    0x0800033c   0x0800033c   0x0000000a   Code   RO         1647    .ARM.Collect$$libinit$$00000018  c_w.l(libinit2.o)
    0x08000346   0x08000346   0x00000000   Code   RO         1648    .ARM.Collect$$libinit$$00000019  c_w.l(libinit2.o)
    0x08000346   0x08000346   0x00000000   Code   RO         1650    .ARM.Collect$$libinit$$0000001B  c_w.l(libinit2.o)
    0x08000346   0x08000346   0x00000000   Code   RO         1652    .ARM.Collect$$libinit$$0000001D  c_w.l(libinit2.o)
    0x08000346   0x08000346   0x00000000   Code   RO         1654    .ARM.Collect$$libinit$$0000001F  c_w.l(libinit2.o)
    0x08000346   0x08000346   0x00000000   Code   RO         1656    .ARM.Collect$$libinit$$00000021  c_w.l(libinit2.o)
    0x08000346   0x08000346   0x00000000   Code   RO         1658    .ARM.Collect$$libinit$$00000023  c_w.l(libinit2.o)
    0x08000346   0x08000346   0x00000000   Code   RO         1660    .ARM.Collect$$libinit$$00000025  c_w.l(libinit2.o)
    0x08000346   0x08000346   0x00000000   Code   RO         1662    .ARM.Collect$$libinit$$00000027  c_w.l(libinit2.o)
    0x08000346   0x08000346   0x00000000   Code   RO         1666    .ARM.Collect$$libinit$$0000002E  c_w.l(libinit2.o)
    0x08000346   0x08000346   0x00000000   Code   RO         1668    .ARM.Collect$$libinit$$00000030  c_w.l(libinit2.o)
    0x08000346   0x08000346   0x00000000   Code   RO         1670    .ARM.Collect$$libinit$$00000032  c_w.l(libinit2.o)
    0x08000346   0x08000346   0x00000000   Code   RO         1672    .ARM.Collect$$libinit$$00000034  c_w.l(libinit2.o)
    0x08000346   0x08000346   0x00000002   Code   RO         1673    .ARM.Collect$$libinit$$00000035  c_w.l(libinit2.o)
    0x08000348   0x08000348   0x00000002   Code   RO         1944    .ARM.Collect$$libshutdown$$00000000  c_w.l(libshutdown.o)
    0x0800034a   0x0800034a   0x00000000   Code   RO         1878    .ARM.Collect$$libshutdown$$00000002  c_w.l(libshutdown2.o)
    0x0800034a   0x0800034a   0x00000000   Code   RO         1880    .ARM.Collect$$libshutdown$$00000004  c_w.l(libshutdown2.o)
    0x0800034a   0x0800034a   0x00000000   Code   RO         1883    .ARM.Collect$$libshutdown$$00000007  c_w.l(libshutdown2.o)
    0x0800034a   0x0800034a   0x00000000   Code   RO         1886    .ARM.Collect$$libshutdown$$0000000A  c_w.l(libshutdown2.o)
    0x0800034a   0x0800034a   0x00000000   Code   RO         1888    .ARM.Collect$$libshutdown$$0000000C  c_w.l(libshutdown2.o)
    0x0800034a   0x0800034a   0x00000000   Code   RO         1891    .ARM.Collect$$libshutdown$$0000000F  c_w.l(libshutdown2.o)
    0x0800034a   0x0800034a   0x00000002   Code   RO         1892    .ARM.Collect$$libshutdown$$00000010  c_w.l(libshutdown2.o)
    0x0800034c   0x0800034c   0x00000000   Code   RO         1563    .ARM.Collect$$rtentry$$00000000  c_w.l(__rtentry.o)
    0x0800034c   0x0800034c   0x00000000   Code   RO         1695    .ARM.Collect$$rtentry$$00000002  c_w.l(__rtentry2.o)
    0x0800034c   0x0800034c   0x00000006   Code   RO         1707    .ARM.Collect$$rtentry$$00000004  c_w.l(__rtentry4.o)
    0x08000352   0x08000352   0x00000000   Code   RO         1697    .ARM.Collect$$rtentry$$00000009  c_w.l(__rtentry2.o)
    0x08000352   0x08000352   0x00000004   Code   RO         1698    .ARM.Collect$$rtentry$$0000000A  c_w.l(__rtentry2.o)
    0x08000356   0x08000356   0x00000000   Code   RO         1700    .ARM.Collect$$rtentry$$0000000C  c_w.l(__rtentry2.o)
    0x08000356   0x08000356   0x00000008   Code   RO         1701    .ARM.Collect$$rtentry$$0000000D  c_w.l(__rtentry2.o)
    0x0800035e   0x0800035e   0x00000002   Code   RO         1861    .ARM.Collect$$rtexit$$00000000  c_w.l(rtexit.o)
    0x08000360   0x08000360   0x00000000   Code   RO         1904    .ARM.Collect$$rtexit$$00000002  c_w.l(rtexit2.o)
    0x08000360   0x08000360   0x00000004   Code   RO         1905    .ARM.Collect$$rtexit$$00000003  c_w.l(rtexit2.o)
    0x08000364   0x08000364   0x00000006   Code   RO         1906    .ARM.Collect$$rtexit$$00000004  c_w.l(rtexit2.o)
    0x0800036a   0x0800036a   0x00000002   PAD
    0x0800036c   0x0800036c   0x00000044   Code   RO            4    .text               startup_stm32u575xx.o
    0x080003b0   0x080003b0   0x00000002   Code   RO         1345    .text               c_w.l(use_no_semi_2.o)
    0x080003b2   0x080003b2   0x0000005e   Code   RO         1353    .text               c_w.l(h1_alloc.o)
    0x08000410   0x08000410   0x0000004e   Code   RO         1355    .text               c_w.l(h1_free.o)
    0x0800045e   0x0800045e   0x000000c4   Code   RO         1357    .text               c_w.l(h1_realloc.o)
    0x08000522   0x08000522   0x000000f0   Code   RO         1415    .text               c_w.l(lludivv7m.o)
    0x08000612   0x08000612   0x0000001a   Code   RO         1417    .text               c_w.l(tolower.o)
    0x0800062c   0x0800062c   0x00000018   Code   RO         1419    .text               c_w.l(__2printf.o)
    0x08000644   0x08000644   0x0000002c   Code   RO         1421    .text               c_w.l(__2sprintf.o)
    0x08000670   0x08000670   0x0000004e   Code   RO         1429    .text               c_w.l(_printf_pad.o)
    0x080006be   0x080006be   0x00000024   Code   RO         1431    .text               c_w.l(_printf_truncate.o)
    0x080006e2   0x080006e2   0x00000052   Code   RO         1433    .text               c_w.l(_printf_str.o)
    0x08000734   0x08000734   0x00000078   Code   RO         1435    .text               c_w.l(_printf_dec.o)
    0x080007ac   0x080007ac   0x000000bc   Code   RO         1437    .text               c_w.l(_printf_wctomb.o)
    0x08000868   0x08000868   0x00000054   Code   RO         1442    .text               c_w.l(_printf_oct_int.o)
    0x080008bc   0x080008bc   0x00000058   Code   RO         1449    .text               c_w.l(_printf_hex_int.o)
    0x08000914   0x08000914   0x00000188   Code   RO         1484    .text               c_w.l(__printf_flags_ss_wp.o)
    0x08000a9c   0x08000a9c   0x0000002c   Code   RO         1499    .text               c_w.l(puts.o)
    0x08000ac8   0x08000ac8   0x00000014   Code   RO         1501    .text               c_w.l(strchr.o)
    0x08000adc   0x08000adc   0x00000024   Code   RO         1503    .text               c_w.l(strstr.o)
    0x08000b00   0x08000b00   0x0000003e   Code   RO         1509    .text               c_w.l(strlen.o)
    0x08000b3e   0x08000b3e   0x00000096   Code   RO         1511    .text               c_w.l(strncmp.o)
    0x08000bd4   0x08000bd4   0x0000008a   Code   RO         1515    .text               c_w.l(rt_memcpy_v6.o)
    0x08000c5e   0x08000c5e   0x00000044   Code   RO         1517    .text               c_w.l(rt_memclr.o)
    0x08000ca2   0x08000ca2   0x0000004e   Code   RO         1519    .text               c_w.l(rt_memclr_w.o)
    0x08000cf0   0x08000cf0   0x0000007c   Code   RO         1521    .text               c_w.l(strcmpv8m_maindsp.o)
    0x08000d6c   0x08000d6c   0x00000006   Code   RO         1523    .text               c_w.l(heapauxi.o)
    0x08000d72   0x08000d72   0x00000002   Code   RO         1559    .text               c_w.l(use_no_semi.o)
    0x08000d74   0x08000d74   0x00000010   Code   RO         1564    .text               c_w.l(rt_ctype_table.o)
    0x08000d84   0x08000d84   0x00000008   Code   RO         1573    .text               c_w.l(rt_heap_descriptor_intlibspace.o)
    0x08000d8c   0x08000d8c   0x00000004   Code   RO         1575    .text               c_w.l(hguard.o)
    0x08000d90   0x08000d90   0x0000008a   Code   RO         1577    .text               c_w.l(init_alloc.o)
    0x08000e1a   0x08000e1a   0x0000000c   Code   RO         1581    .text               c_w.l(h1_init.o)
    0x08000e26   0x08000e26   0x000000b2   Code   RO         1593    .text               c_w.l(_printf_intcommon.o)
    0x08000ed8   0x08000ed8   0x0000041c   Code   RO         1595    .text               c_w.l(_printf_fp_dec.o)
    0x080012f4   0x080012f4   0x00000030   Code   RO         1599    .text               c_w.l(_printf_char_common.o)
    0x08001324   0x08001324   0x0000000a   Code   RO         1601    .text               c_w.l(_sputc.o)
    0x0800132e   0x0800132e   0x0000002c   Code   RO         1603    .text               c_w.l(_printf_char.o)
    0x0800135a   0x0800135a   0x00000002   PAD
    0x0800135c   0x0800135c   0x00000024   Code   RO         1605    .text               c_w.l(_printf_char_file.o)
    0x08001380   0x08001380   0x0000002c   Code   RO         1607    .text               c_w.l(_printf_wchar.o)
    0x080013ac   0x080013ac   0x000004f8   Code   RO         1611    .text               c_w.l(scanf_fp.o)
    0x080018a4   0x080018a4   0x00000040   Code   RO         1617    .text               c_w.l(_sgetc.o)
    0x080018e4   0x080018e4   0x000000b0   Code   RO         1619    .text               c_w.l(strtod.o)
    0x08001994   0x08001994   0x00000048   Code   RO         1621    .text               c_w.l(_c16rtomb.o)
    0x080019dc   0x080019dc   0x00000064   Code   RO         1623    .text               c_w.l(rt_memcpy_w.o)
    0x08001a40   0x08001a40   0x00000008   Code   RO         1691    .text               c_w.l(libspace.o)
    0x08001a48   0x08001a48   0x00000008   Code   RO         1714    .text               c_w.l(rt_locale_intlibspace.o)
    0x08001a50   0x08001a50   0x00000008   Code   RO         1719    .text               c_w.l(rt_errno_addr_intlibspace.o)
    0x08001a58   0x08001a58   0x00000000   Code   RO         1723    .text               c_w.l(maybetermalloc1.o)
    0x08001a58   0x08001a58   0x00000034   Code   RO         1725    .text               c_w.l(h1_extend.o)
    0x08001a8c   0x08001a8c   0x00000026   Code   RO         1729    .text               c_w.l(llshl.o)
    0x08001ab2   0x08001ab2   0x0000008a   Code   RO         1731    .text               c_w.l(lludiv10.o)
    0x08001b3c   0x08001b3c   0x00000012   Code   RO         1733    .text               c_w.l(isspace.o)
    0x08001b4e   0x08001b4e   0x00000002   PAD
    0x08001b50   0x08001b50   0x00000080   Code   RO         1735    .text               c_w.l(_printf_fp_infnan.o)
    0x08001bd0   0x08001bd0   0x000000e4   Code   RO         1741    .text               c_w.l(bigflt0.o)
    0x08001cb4   0x08001cb4   0x00000008   Code   RO         1771    .text               c_w.l(ferror.o)
    0x08001cbc   0x08001cbc   0x0000000e   Code   RO         1781    .text               c_w.l(defsig_rtmem_outer.o)
    0x08001cca   0x08001cca   0x0000004a   Code   RO         1817    .text               c_w.l(sys_stackheap_outer.o)
    0x08001d14   0x08001d14   0x00000016   Code   RO         1823    .text               c_w.l(_rserrno.o)
    0x08001d2a   0x08001d2a   0x00000002   PAD
    0x08001d2c   0x08001d2c   0x00000320   Code   RO         1825    .text               c_w.l(scanf_hexfp.o)
    0x0800204c   0x0800204c   0x00000134   Code   RO         1827    .text               c_w.l(scanf_infnan.o)
    0x08002180   0x08002180   0x00000012   Code   RO         1831    .text               c_w.l(exit.o)
    0x08002192   0x08002192   0x0000000a   Code   RO         1833    .text               c_w.l(defsig_exit.o)
    0x0800219c   0x0800219c   0x00000050   Code   RO         1839    .text               c_w.l(defsig_rtmem_inner.o)
    0x080021ec   0x080021ec   0x0000001c   Code   RO         1869    .text               c_w.l(_chval.o)
    0x08002208   0x08002208   0x00000032   Code   RO         1873    .text               c_w.l(defsig_general.o)
    0x0800223a   0x0800223a   0x00000002   PAD
    0x0800223c   0x0800223c   0x00000002   Code   RO           79    .text.BusFault_Handler  stm32u5xx_it.o
    0x0800223e   0x0800223e   0x00000002   PAD
    0x08002240   0x08002240   0x00000002   Code   RO           85    .text.DebugMon_Handler  stm32u5xx_it.o
    0x08002242   0x08002242   0x00000002   PAD
    0x08002244   0x08002244   0x000003bc   Code   RO          114    .text.ESP8266_AT_Test  bsp_esp8266.o
    0x08002600   0x08002600   0x0000002e   Code   RO          108    .text.ESP8266_Init  bsp_esp8266.o
    0x0800262e   0x0800262e   0x00000002   PAD
    0x08002630   0x08002630   0x0000014c   Code   RO          134    .text.ESP8266_Json_Parse  bsp_esp8266.o
    0x0800277c   0x0800277c   0x0000030c   Code   RO          132    .text.ESP8266_STA_MQTTClient  bsp_esp8266.o
    0x08002a88   0x08002a88   0x0000000a   Code   RO           21    .text.Error_Handler  main.o
    0x08002a92   0x08002a92   0x00000002   PAD
    0x08002a94   0x08002a94   0x000000a8   Code   RO          822    .text.HAL_DMA_Abort  stm32u5xx_hal_dma.o
    0x08002b3c   0x08002b3c   0x00000028   Code   RO          824    .text.HAL_DMA_Abort_IT  stm32u5xx_hal_dma.o
    0x08002b64   0x08002b64   0x00000028   Code   RO          518    .text.HAL_Delay     stm32u5xx_hal.o
    0x08002b8c   0x08002b8c   0x00000252   Code   RO          781    .text.HAL_GPIO_Init  stm32u5xx_hal_gpio.o
    0x08002dde   0x08002dde   0x00000002   PAD
    0x08002de0   0x08002de0   0x0000000c   Code   RO          787    .text.HAL_GPIO_WritePin  stm32u5xx_hal_gpio.o
    0x08002dec   0x08002dec   0x0000000c   Code   RO          510    .text.HAL_GetTick   stm32u5xx_hal.o
    0x08002df8   0x08002df8   0x00000020   Code   RO          454    .text.HAL_ICACHE_ConfigAssociativityMode  stm32u5xx_hal_icache.o
    0x08002e18   0x08002e18   0x00000014   Code   RO          466    .text.HAL_ICACHE_Enable  stm32u5xx_hal_icache.o
    0x08002e2c   0x08002e2c   0x0000001a   Code   RO          508    .text.HAL_IncTick   stm32u5xx_hal.o
    0x08002e46   0x08002e46   0x00000002   PAD
    0x08002e48   0x08002e48   0x00000056   Code   RO          498    .text.HAL_Init      stm32u5xx_hal.o
    0x08002e9e   0x08002e9e   0x00000002   PAD
    0x08002ea0   0x08002ea0   0x00000052   Code   RO          500    .text.HAL_InitTick  stm32u5xx_hal.o
    0x08002ef2   0x08002ef2   0x00000002   PAD
    0x08002ef4   0x08002ef4   0x00000020   Code   RO          100    .text.HAL_MspInit   stm32u5xx_hal_msp.o
    0x08002f14   0x08002f14   0x00000022   Code   RO          410    .text.HAL_NVIC_EnableIRQ  stm32u5xx_hal_cortex.o
    0x08002f36   0x08002f36   0x00000002   PAD
    0x08002f38   0x08002f38   0x00000056   Code   RO          408    .text.HAL_NVIC_SetPriority  stm32u5xx_hal_cortex.o
    0x08002f8e   0x08002f8e   0x00000002   PAD
    0x08002f90   0x08002f90   0x00000020   Code   RO          406    .text.HAL_NVIC_SetPriorityGrouping  stm32u5xx_hal_cortex.o
    0x08002fb0   0x08002fb0   0x000000fa   Code   RO         1007    .text.HAL_PWREx_ControlVoltageScaling  stm32u5xx_hal_pwr_ex.o
    0x080030aa   0x080030aa   0x00000002   PAD
    0x080030ac   0x080030ac   0x00000012   Code   RO         1077    .text.HAL_PWREx_DisableUCPDDeadBattery  stm32u5xx_hal_pwr_ex.o
    0x080030be   0x080030be   0x00000002   PAD
    0x080030c0   0x080030c0   0x00000010   Code   RO         1009    .text.HAL_PWREx_GetVoltageRange  stm32u5xx_hal_pwr_ex.o
    0x080030d0   0x080030d0   0x00000168   Code   RO          632    .text.HAL_RCCEx_GetPLL1ClockFreq  stm32u5xx_hal_rcc_ex.o
    0x08003238   0x08003238   0x00000168   Code   RO          634    .text.HAL_RCCEx_GetPLL2ClockFreq  stm32u5xx_hal_rcc_ex.o
    0x080033a0   0x080033a0   0x00000168   Code   RO          636    .text.HAL_RCCEx_GetPLL3ClockFreq  stm32u5xx_hal_rcc_ex.o
    0x08003508   0x08003508   0x00000938   Code   RO          638    .text.HAL_RCCEx_GetPeriphCLKFreq  stm32u5xx_hal_rcc_ex.o
    0x08003e40   0x08003e40   0x000005ca   Code   RO          624    .text.HAL_RCCEx_PeriphCLKConfig  stm32u5xx_hal_rcc_ex.o
    0x0800440a   0x0800440a   0x00000002   PAD
    0x0800440c   0x0800440c   0x000002fa   Code   RO          588    .text.HAL_RCC_ClockConfig  stm32u5xx_hal_rcc.o
    0x08004706   0x08004706   0x00000002   PAD
    0x08004708   0x08004708   0x0000002c   Code   RO          586    .text.HAL_RCC_GetHCLKFreq  stm32u5xx_hal_rcc.o
    0x08004734   0x08004734   0x0000003e   Code   RO          594    .text.HAL_RCC_GetPCLK1Freq  stm32u5xx_hal_rcc.o
    0x08004772   0x08004772   0x00000002   PAD
    0x08004774   0x08004774   0x0000003e   Code   RO          596    .text.HAL_RCC_GetPCLK2Freq  stm32u5xx_hal_rcc.o
    0x080047b2   0x080047b2   0x00000002   PAD
    0x080047b4   0x080047b4   0x0000003e   Code   RO          598    .text.HAL_RCC_GetPCLK3Freq  stm32u5xx_hal_rcc.o
    0x080047f2   0x080047f2   0x00000002   PAD
    0x080047f4   0x080047f4   0x00000108   Code   RO          590    .text.HAL_RCC_GetSysClockFreq  stm32u5xx_hal_rcc.o
    0x080048fc   0x080048fc   0x00000bb2   Code   RO          584    .text.HAL_RCC_OscConfig  stm32u5xx_hal_rcc.o
    0x080054ae   0x080054ae   0x00000002   PAD
    0x080054b0   0x080054b0   0x0000002c   Code   RO          418    .text.HAL_SYSTICK_Config  stm32u5xx_hal_cortex.o
    0x080054dc   0x080054dc   0x00000036   Code   RO         1299    .text.HAL_UARTEx_DisableFifoMode  stm32u5xx_hal_uart_ex.o
    0x08005512   0x08005512   0x00000002   PAD
    0x08005514   0x08005514   0x00000002   Code   RO         1230    .text.HAL_UARTEx_RxEventCallback  stm32u5xx_hal_uart.o
    0x08005516   0x08005516   0x00000002   PAD
    0x08005518   0x08005518   0x00000002   Code   RO         1285    .text.HAL_UARTEx_RxFifoFullCallback  stm32u5xx_hal_uart_ex.o
    0x0800551a   0x0800551a   0x00000002   PAD
    0x0800551c   0x0800551c   0x0000008c   Code   RO         1303    .text.HAL_UARTEx_SetRxFifoThreshold  stm32u5xx_hal_uart_ex.o
    0x080055a8   0x080055a8   0x0000008c   Code   RO         1301    .text.HAL_UARTEx_SetTxFifoThreshold  stm32u5xx_hal_uart_ex.o
    0x08005634   0x08005634   0x00000002   Code   RO         1287    .text.HAL_UARTEx_TxFifoEmptyCallback  stm32u5xx_hal_uart_ex.o
    0x08005636   0x08005636   0x00000002   PAD
    0x08005638   0x08005638   0x0000003a   Code   RO           25    .text.HAL_UART_AbortReceiveCpltCallback  main.o
    0x08005672   0x08005672   0x00000002   PAD
    0x08005674   0x08005674   0x0000014c   Code   RO         1218    .text.HAL_UART_AbortReceive_IT  stm32u5xx_hal_uart.o
    0x080057c0   0x080057c0   0x00000002   Code   RO         1228    .text.HAL_UART_ErrorCallback  stm32u5xx_hal_uart.o
    0x080057c2   0x080057c2   0x00000002   PAD
    0x080057c4   0x080057c4   0x0000057c   Code   RO         1224    .text.HAL_UART_IRQHandler  stm32u5xx_hal_uart.o
    0x08005d40   0x08005d40   0x00000064   Code   RO         1140    .text.HAL_UART_Init  stm32u5xx_hal_uart.o
    0x08005da4   0x08005da4   0x0000014a   Code   RO           59    .text.HAL_UART_MspInit  usart.o
    0x08005eee   0x08005eee   0x00000002   PAD
    0x08005ef0   0x08005ef0   0x000000c2   Code   RO         1176    .text.HAL_UART_Receive_IT  stm32u5xx_hal_uart.o
    0x08005fb2   0x08005fb2   0x00000002   PAD
    0x08005fb4   0x08005fb4   0x0000006a   Code   RO           23    .text.HAL_UART_RxCpltCallback  main.o
    0x0800601e   0x0800601e   0x00000002   PAD
    0x08006020   0x08006020   0x000000e2   Code   RO         1160    .text.HAL_UART_Transmit  stm32u5xx_hal_uart.o
    0x08006102   0x08006102   0x00000002   PAD
    0x08006104   0x08006104   0x00000002   Code   RO         1232    .text.HAL_UART_TxCpltCallback  stm32u5xx_hal_uart.o
    0x08006106   0x08006106   0x00000002   PAD
    0x08006108   0x08006108   0x00000002   Code   RO           75    .text.HardFault_Handler  stm32u5xx_it.o
    0x0800610a   0x0800610a   0x00000002   PAD
    0x0800610c   0x0800610c   0x0000007c   Code   RO           38    .text.MX_GPIO_Init  gpio.o
    0x08006188   0x08006188   0x00000022   Code   RO           47    .text.MX_ICACHE_Init  icache.o
    0x080061aa   0x080061aa   0x00000002   PAD
    0x080061ac   0x080061ac   0x00000084   Code   RO           55    .text.MX_UART5_Init  usart.o
    0x08006230   0x08006230   0x00000084   Code   RO           57    .text.MX_USART1_UART_Init  usart.o
    0x080062b4   0x080062b4   0x00000002   Code   RO           77    .text.MemManage_Handler  stm32u5xx_it.o
    0x080062b6   0x080062b6   0x00000002   PAD
    0x080062b8   0x080062b8   0x00000002   Code   RO           73    .text.NMI_Handler   stm32u5xx_it.o
    0x080062ba   0x080062ba   0x00000002   PAD
    0x080062bc   0x080062bc   0x00000002   Code   RO           87    .text.PendSV_Handler  stm32u5xx_it.o
    0x080062be   0x080062be   0x00000002   PAD
    0x080062c0   0x080062c0   0x000000f2   Code   RO          626    .text.RCCEx_PLL2_Config  stm32u5xx_hal_rcc_ex.o
    0x080063b2   0x080063b2   0x00000002   PAD
    0x080063b4   0x080063b4   0x000000f2   Code   RO          628    .text.RCCEx_PLL3_Config  stm32u5xx_hal_rcc_ex.o
    0x080064a6   0x080064a6   0x00000002   PAD
    0x080064a8   0x080064a8   0x00000002   Code   RO           83    .text.SVC_Handler   stm32u5xx_it.o
    0x080064aa   0x080064aa   0x00000002   PAD
    0x080064ac   0x080064ac   0x00000004   Code   RO           89    .text.SysTick_Handler  stm32u5xx_it.o
    0x080064b0   0x080064b0   0x0000004c   Code   RO         1328    .text.SystemInit    system_stm32u5xx.o
    0x080064fc   0x080064fc   0x0000002e   Code   RO           91    .text.UART5_IRQHandler  stm32u5xx_it.o
    0x0800652a   0x0800652a   0x00000002   PAD
    0x0800652c   0x0800652c   0x000000e6   Code   RO         1146    .text.UART_AdvFeatureConfig  stm32u5xx_hal_uart.o
    0x08006612   0x08006612   0x00000002   PAD
    0x08006614   0x08006614   0x0000016a   Code   RO         1148    .text.UART_CheckIdleState  stm32u5xx_hal_uart.o
    0x0800677e   0x0800677e   0x00000002   PAD
    0x08006780   0x08006780   0x00000010   Code   RO         1226    .text.UART_DMAAbortOnError  stm32u5xx_hal_uart.o
    0x08006790   0x08006790   0x00000022   Code   RO         1220    .text.UART_DMARxOnlyAbortCallback  stm32u5xx_hal_uart.o
    0x080067b2   0x080067b2   0x00000002   PAD
    0x080067b4   0x080067b4   0x000001ba   Code   RO         1266    .text.UART_RxISR_16BIT  stm32u5xx_hal_uart.o
    0x0800696e   0x0800696e   0x00000002   PAD
    0x08006970   0x08006970   0x0000031e   Code   RO         1262    .text.UART_RxISR_16BIT_FIFOEN  stm32u5xx_hal_uart.o
    0x08006c8e   0x08006c8e   0x00000002   PAD
    0x08006c90   0x08006c90   0x000001be   Code   RO         1268    .text.UART_RxISR_8BIT  stm32u5xx_hal_uart.o
    0x08006e4e   0x08006e4e   0x00000002   PAD
    0x08006e50   0x08006e50   0x00000322   Code   RO         1264    .text.UART_RxISR_8BIT_FIFOEN  stm32u5xx_hal_uart.o
    0x08007172   0x08007172   0x00000002   PAD
    0x08007174   0x08007174   0x0000020a   Code   RO         1144    .text.UART_SetConfig  stm32u5xx_hal_uart.o
    0x0800737e   0x0800737e   0x00000002   PAD
    0x08007380   0x08007380   0x00000262   Code   RO         1178    .text.UART_Start_Receive_IT  stm32u5xx_hal_uart.o
    0x080075e2   0x080075e2   0x00000002   PAD
    0x080075e4   0x080075e4   0x000002c6   Code   RO         1162    .text.UART_WaitOnFlagUntilTimeout  stm32u5xx_hal_uart.o
    0x080078aa   0x080078aa   0x00000002   PAD
    0x080078ac   0x080078ac   0x00000236   Code   RO          112    .text.USART_printf  bsp_esp8266.o
    0x08007ae2   0x08007ae2   0x00000002   PAD
    0x08007ae4   0x08007ae4   0x00000002   Code   RO           81    .text.UsageFault_Handler  stm32u5xx_it.o
    0x08007ae6   0x08007ae6   0x00000002   PAD
    0x08007ae8   0x08007ae8   0x00000002   Code   RO           11    .text._sys_exit     main.o
    0x08007aea   0x08007aea   0x00000002   PAD
    0x08007aec   0x08007aec   0x00000002   Code   RO           13    .text._ttywrch      main.o
    0x08007aee   0x08007aee   0x00000002   PAD
    0x08007af0   0x08007af0   0x00000076   Code   RO          177    .text.buffer_skip_whitespace  cjson.o
    0x08007b66   0x08007b66   0x00000002   PAD
    0x08007b68   0x08007b68   0x00000060   Code   RO          163    .text.cJSON_Delete  cjson.o
    0x08007bc8   0x08007bc8   0x00000010   Code   RO          149    .text.cJSON_GetErrorPtr  cjson.o
    0x08007bd8   0x08007bd8   0x0000008a   Code   RO          199    .text.cJSON_GetObjectItem  cjson.o
    0x08007c62   0x08007c62   0x00000002   PAD
    0x08007c64   0x08007c64   0x00000014   Code   RO          157    .text.cJSON_IsNumber  cjson.o
    0x08007c78   0x08007c78   0x00000020   Code   RO          179    .text.cJSON_Parse   cjson.o
    0x08007c98   0x08007c98   0x000001c6   Code   RO          173    .text.cJSON_ParseWithLengthOpts  cjson.o
    0x08007e5e   0x08007e5e   0x00000002   PAD
    0x08007e60   0x08007e60   0x00000024   Code   RO           15    .text.fputc         main.o
    0x08007e84   0x08007e84   0x00000110   Code   RO           17    .text.main          main.o
    0x08007f94   0x08007f94   0x00000100   Code   RO          325    .text.parse_hex4    cjson.o
    0x08008094   0x08008094   0x00000316   Code   RO          323    .text.parse_object  cjson.o
    0x080083aa   0x080083aa   0x00000002   PAD
    0x080083ac   0x080083ac   0x000003f2   Code   RO          321    .text.parse_string  cjson.o
    0x0800879e   0x0800879e   0x00000002   PAD
    0x080087a0   0x080087a0   0x00000348   Code   RO          175    .text.parse_value   cjson.o
    0x08008ae8   0x08008ae8   0x0000003e   Code   RO         1744    CL$$btod_d2e        c_w.l(btod.o)
    0x08008b26   0x08008b26   0x00000046   Code   RO         1746    CL$$btod_d2e_denorm_low  c_w.l(btod.o)
    0x08008b6c   0x08008b6c   0x00000060   Code   RO         1745    CL$$btod_d2e_norm_op1  c_w.l(btod.o)
    0x08008bcc   0x08008bcc   0x00000338   Code   RO         1754    CL$$btod_div_common  c_w.l(btod.o)
    0x08008f04   0x08008f04   0x00000084   Code   RO         1752    CL$$btod_e2d        c_w.l(btod.o)
    0x08008f88   0x08008f88   0x000000dc   Code   RO         1751    CL$$btod_e2e        c_w.l(btod.o)
    0x08009064   0x08009064   0x0000002a   Code   RO         1748    CL$$btod_ediv       c_w.l(btod.o)
    0x0800908e   0x0800908e   0x0000002a   Code   RO         1750    CL$$btod_edivd      c_w.l(btod.o)
    0x080090b8   0x080090b8   0x0000002a   Code   RO         1747    CL$$btod_emul       c_w.l(btod.o)
    0x080090e2   0x080090e2   0x0000002a   Code   RO         1749    CL$$btod_emuld      c_w.l(btod.o)
    0x0800910c   0x0800910c   0x00000244   Code   RO         1753    CL$$btod_mult_common  c_w.l(btod.o)
    0x08009350   0x08009350   0x00000030   Code   RO         1806    i.__ARM_fpclassify  m_wm.l(fpclassify.o)
    0x08009380   0x08009380   0x000000f8   Code   RO         1808    i.__hardfp___mathlib_tofloat  m_wm.l(narrow.o)
    0x08009478   0x08009478   0x000000d0   Code   RO         1895    i.__hardfp_ldexp    m_wm.l(ldexp.o)
    0x08009548   0x08009548   0x00000028   Code   RO         1553    i.__hardfp_strtod   m_wm.l(strtod.o)
    0x08009570   0x08009570   0x00000020   Code   RO         1918    i.__mathlib_dbl_overflow  m_wm.l(dunder.o)
    0x08009590   0x08009590   0x00000020   Code   RO         1920    i.__mathlib_dbl_underflow  m_wm.l(dunder.o)
    0x080095b0   0x080095b0   0x00000012   Code   RO         1809    i.__mathlib_narrow  m_wm.l(narrow.o)
    0x080095c2   0x080095c2   0x00000014   Code   RO         1897    i.__support_ldexp   m_wm.l(ldexp.o)
    0x080095d6   0x080095d6   0x0000000e   Code   RO         1477    i._is_digit         c_w.l(__printf_wp.o)
    0x080095e4   0x080095e4   0x00000004   PAD
    0x080095e8   0x080095e8   0x0000008c   Code   RO         1857    i.frexp             m_wm.l(frexp.o)
    0x08009674   0x08009674   0x0000002c   Code   RO         1776    locale$$code        c_w.l(lc_ctype_c.o)
    0x080096a0   0x080096a0   0x0000002c   Code   RO         1779    locale$$code        c_w.l(lc_numeric_c.o)
    0x080096cc   0x080096cc   0x00000062   Code   RO         1851    x$fpl$d2f           fz_wm.l(d2f.o)
    0x0800972e   0x0800972e   0x00000002   PAD
    0x08009730   0x08009730   0x00000010   Code   RO         1945    x$fpl$dcheck1       fz_wm.l(dcheck1.o)
    0x08009740   0x08009740   0x00000018   Code   RO         1790    x$fpl$dcmpinf       fz_wm.l(dcmpi.o)
    0x08009758   0x08009758   0x00000078   Code   RO         1674    x$fpl$deqf          fz_wm.l(deqf.o)
    0x080097d0   0x080097d0   0x0000005e   Code   RO         1535    x$fpl$dfix          fz_wm.l(dfix.o)
    0x0800982e   0x0800982e   0x00000002   PAD
    0x08009830   0x08009830   0x00000078   Code   RO         1676    x$fpl$dgeqf         fz_wm.l(dgeqf.o)
    0x080098a8   0x080098a8   0x00000078   Code   RO         1678    x$fpl$dleqf         fz_wm.l(dleqf.o)
    0x08009920   0x08009920   0x00000154   Code   RO         1545    x$fpl$dmul          fz_wm.l(dmul.o)
    0x08009a74   0x08009a74   0x0000009c   Code   RO         1680    x$fpl$dnaninf       fz_wm.l(dnaninf.o)
    0x08009b10   0x08009b10   0x0000000c   Code   RO         1682    x$fpl$dretinf       fz_wm.l(dretinf.o)
    0x08009b1c   0x08009b1c   0x0000006c   Code   RO         1853    x$fpl$drleqf        fz_wm.l(drleqf.o)
    0x08009b88   0x08009b88   0x00000054   Code   RO         1533    x$fpl$fcmp          fz_wm.l(dcmp.o)
    0x08009bdc   0x08009bdc   0x0000001a   Code   RO         1796    x$fpl$fpinit        fz_wm.l(fpinit.o)
    0x08009bf6   0x08009bf6   0x0000000a   Code   RO         1893    x$fpl$fretinf       fz_wm.l(fretinf.o)
    0x08009c00   0x08009c00   0x00000006   Code   RO         1798    x$fpl$ieeestatus    fz_wm.l(istatus.o)
    0x08009c06   0x08009c06   0x00000004   Code   RO         1549    x$fpl$printf1       fz_wm.l(printf1.o)
    0x08009c0a   0x08009c0a   0x00000064   Code   RO         1951    x$fpl$retnan        fz_wm.l(retnan.o)
    0x08009c6e   0x08009c6e   0x0000005c   Code   RO         1912    x$fpl$scalbn        fz_wm.l(scalbn.o)
    0x08009cca   0x08009cca   0x00000004   Code   RO         1551    x$fpl$scanf1        fz_wm.l(scanf1.o)
    0x08009cce   0x08009cce   0x00000008   Code   RO         1800    x$fpl$scanf2        fz_wm.l(scanf2.o)
    0x08009cd6   0x08009cd6   0x00000030   Code   RO         1953    x$fpl$trapveneer    fz_wm.l(trapv.o)
    0x08009d06   0x08009d06   0x00000000   Code   RO         1686    x$fpl$usenofp       fz_wm.l(usenofp.o)
    0x08009d06   0x08009d06   0x00000002   PAD
    0x08009d08   0x08009d08   0x00000008   Data   RO         1438    .constdata          c_w.l(_printf_wctomb.o)
    0x08009d10   0x08009d10   0x00000028   Data   RO         1450    .constdata          c_w.l(_printf_hex_int.o)
    0x08009d38   0x08009d38   0x00000011   Data   RO         1485    .constdata          c_w.l(__printf_flags_ss_wp.o)
    0x08009d49   0x08009d49   0x00000003   PAD
    0x08009d4c   0x08009d4c   0x00000094   Data   RO         1742    .constdata          c_w.l(bigflt0.o)
    0x08009de0   0x08009de0   0x00000010   Data   RO         1333    .rodata.AHBPrescTable  system_stm32u5xx.o
    0x08009df0   0x08009df0   0x00000008   Data   RO         1334    .rodata.APBPrescTable  system_stm32u5xx.o
    0x08009df8   0x08009df8   0x00000080   Data   RO          805    .rodata.LPGPIO_Map  stm32u5xx_hal_gpio.o
    0x08009e78   0x08009e78   0x00000040   Data   RO         1335    .rodata.MSIRangeTable  system_stm32u5xx.o
    0x08009eb8   0x08009eb8   0x00000018   Data   RO         1274    .rodata.UARTPrescTable  stm32u5xx_hal_uart.o
    0x08009ed0   0x08009ed0   0x00000010   Data   RO         1319    .rodata.cst8        stm32u5xx_hal_uart_ex.o
    0x08009ee0   0x08009ee0   0x000000ef   Data   RO          138    .rodata.str1.1      bsp_esp8266.o
    0x08009fcf   0x08009fcf   0x00000010   Data   RO          333    .rodata.str1.1      cjson.o
    0x08009fdf   0x08009fdf   0x00000001   PAD
    0x08009fe0   0x08009fe0   0x00000020   Data   RO         1956    Region$$Table       anon$$obj.o
    0x0800a000   0x0800a000   0x00000008   Data   RO         1792    c$$dinf             fz_wm.l(fpconst.o)
    0x0800a008   0x0800a008   0x00000008   Data   RO         1795    c$$dmax             fz_wm.l(fpconst.o)
    0x0800a010   0x0800a010   0x00000110   Data   RO         1775    locale$$data        c_w.l(lc_ctype_c.o)
    0x0800a120   0x0800a120   0x0000001c   Data   RO         1778    locale$$data        c_w.l(lc_numeric_c.o)


    Execution Region RW_IRAM1 (Exec base: 0x20000000, Load base: 0x0800a140, Size: 0x00000c18, Max: 0x000c0000, ABSOLUTE)

    Exec Addr    Load Addr    Size         Type   Attr      Idx    E Section Name        Object

    0x20000000   0x0800a140   0x00000008   Data   RW          571    .data..L_MergedGlobals  stm32u5xx_hal.o
    0x20000008   0x0800a148   0x00000004   Data   RW         1332    .data.SystemCoreClock  system_stm32u5xx.o
    0x2000000c   0x0800a14c   0x0000000c   Data   RW          332    .data.global_hooks  cjson.o
    0x20000018   0x0800a158   0x0000000d   Data   RW          136    .data.json_str      bsp_esp8266.o
    0x20000025   0x0800a165   0x00000003   PAD
    0x20000028        -       0x00000060   Zero   RW         1692    .bss                c_w.l(libspace.o)
    0x20000088        -       0x00000008   Zero   RW          334    .bss..L_MergedGlobals  cjson.o
    0x20000090        -       0x00000402   Zero   RW          137    .bss.ESP8266_Fram_Record_Struct  bsp_esp8266.o
    0x20000492   0x0800a165   0x00000002   PAD
    0x20000494        -       0x00000054   Zero   RW           28    .bss.__stdout       main.o
    0x200004e8        -       0x00000001   Zero   RW           27    .bss.gRX_BufF       main.o
    0x200004e9   0x0800a165   0x00000003   PAD
    0x200004ec        -       0x00000094   Zero   RW           64    .bss.huart1         usart.o
    0x20000580        -       0x00000094   Zero   RW           63    .bss.huart5         usart.o
    0x20000614        -       0x00000004   Zero   RW          570    .bss.uwTick         stm32u5xx_hal.o
    0x20000618        -       0x00000200   Zero   RW            2    HEAP                startup_stm32u575xx.o
    0x20000818        -       0x00000400   Zero   RW            1    STACK               startup_stm32u575xx.o


==============================================================================

Image component sizes


      Code (inc. data)   RO Data    RW Data    ZI Data      Debug   Object Name

      2680        272        239         13       1026      15788   bsp_esp8266.o
      3770        186         16         12          8      76441   cjson.o
       124          0          0          0          0       2978   gpio.o
        34          0          0          0          0        676   icache.o
       486          0          0          0         85       9291   main.o
        68         28        568          0       1536        956   startup_stm32u575xx.o
       246          0          0          8          4      11779   stm32u5xx_hal.o
       196          0          0          0          0      14024   stm32u5xx_hal_cortex.o
       208          0          0          0          0      11301   stm32u5xx_hal_dma.o
       606          0        128          0          0       7050   stm32u5xx_hal_gpio.o
        52          0          0          0          0       6625   stm32u5xx_hal_icache.o
        32          0          0          0          0       2216   stm32u5xx_hal_msp.o
       284          0          0          0          0      14262   stm32u5xx_hal_pwr_ex.o
      4250         12          0          0          0      16076   stm32u5xx_hal_rcc.o
      5406        302          0          0          0      22465   stm32u5xx_hal_rcc_ex.o
      7234          0         24          0          0      38914   stm32u5xx_hal_uart.o
       338          0         16          0          0      12739   stm32u5xx_hal_uart_ex.o
        66          0          0          0          0       5485   stm32u5xx_it.o
        76          0         88          4          0       4331   system_stm32u5xx.o
       594          0          0          0        296      11997   usart.o

    ----------------------------------------------------------------------
     26864        800       1112         40       2960     285394   Object Totals
         0          0         32          0          0          0   (incl. Generated)
       114          0          1          3          5          0   (incl. Padding)

    ----------------------------------------------------------------------

      Code (inc. data)   RO Data    RW Data    ZI Data      Debug   Library Member Name

        24          4          0          0          0         84   __2printf.o
        44          6          0          0          0         84   __2sprintf.o
         8          0          0          0          0         68   __main.o
       392          4         17          0          0         92   __printf_flags_ss_wp.o
        14          0          0          0          0         68   __printf_wp.o
         0          0          0          0          0          0   __rtentry.o
        12          0          0          0          0          0   __rtentry2.o
         6          0          0          0          0          0   __rtentry4.o
        94          8          0          0          0          0   __scatter.o
        26          0          0          0          0          0   __scatter_copy.o
        28          0          0          0          0          0   __scatter_zi.o
        72          0          0          0          0         96   _c16rtomb.o
        28          0          0          0          0         68   _chval.o
         6          0          0          0          0          0   _printf_c.o
        44          0          0          0          0        108   _printf_char.o
        48          6          0          0          0         96   _printf_char_common.o
        36          4          0          0          0         80   _printf_char_file.o
         6          0          0          0          0          0   _printf_d.o
       120         16          0          0          0         92   _printf_dec.o
      1052          0          0          0          0        148   _printf_fp_dec.o
       128         16          0          0          0         84   _printf_fp_infnan.o
         6          0          0          0          0          0   _printf_g.o
        88          4         40          0          0         88   _printf_hex_int.o
         6          0          0          0          0          0   _printf_i.o
       178          0          0          0          0         88   _printf_intcommon.o
        10          0          0          0          0          0   _printf_l.o
         6          0          0          0          0          0   _printf_lc.o
         6          0          0          0          0          0   _printf_o.o
        84         10          0          0          0         88   _printf_oct_int.o
        78          0          0          0          0        108   _printf_pad.o
         0          0          0          0          0          0   _printf_percent.o
         4          0          0          0          0          0   _printf_percent_end.o
         6          0          0          0          0          0   _printf_s.o
        82          0          0          0          0         80   _printf_str.o
        36          0          0          0          0         84   _printf_truncate.o
         6          0          0          0          0          0   _printf_u.o
        44          0          0          0          0        108   _printf_wchar.o
       188          6          8          0          0         92   _printf_wctomb.o
         6          0          0          0          0          0   _printf_x.o
        22          0          0          0          0        100   _rserrno.o
        64          0          0          0          0         84   _sgetc.o
        10          0          0          0          0         68   _sputc.o
       228          4        148          0          0         96   bigflt0.o
      2152        136          0          0          0        956   btod.o
        10          0          0          0          0         68   defsig_exit.o
        50          0          0          0          0         88   defsig_general.o
        80         58          0          0          0         76   defsig_rtmem_inner.o
        14          0          0          0          0         80   defsig_rtmem_outer.o
        18          0          0          0          0         80   exit.o
         8          0          0          0          0         68   ferror.o
        94          0          0          0          0         80   h1_alloc.o
        52          0          0          0          0         68   h1_extend.o
        78          0          0          0          0         80   h1_free.o
        12          0          0          0          0         84   h1_init.o
       196          0          0          0          0         92   h1_realloc.o
         6          0          0          0          0        152   heapauxi.o
         4          0          0          0          0        136   hguard.o
       138          0          0          0          0        168   init_alloc.o
        18          0          0          0          0         76   isspace.o
        44         10        272          0          0         76   lc_ctype_c.o
        44         10         28          0          0         76   lc_numeric_c.o
         2          0          0          0          0          0   libinit.o
        42          0          0          0          0          0   libinit2.o
         2          0          0          0          0          0   libshutdown.o
         2          0          0          0          0          0   libshutdown2.o
         8          4          0          0         96         68   libspace.o
        38          0          0          0          0         68   llshl.o
       138          0          0          0          0         80   lludiv10.o
       240          0          0          0          0        100   lludivv7m.o
         0          0          0          0          0          0   maybetermalloc1.o
        44          4          0          0          0         84   puts.o
        16          4          0          0          0         76   rt_ctype_table.o
         8          4          0          0          0         68   rt_errno_addr_intlibspace.o
         8          4          0          0          0         68   rt_heap_descriptor_intlibspace.o
         8          4          0          0          0         68   rt_locale_intlibspace.o
        68          0          0          0          0         68   rt_memclr.o
        78          0          0          0          0         80   rt_memclr_w.o
       138          0          0          0          0         68   rt_memcpy_v6.o
       100          0          0          0          0         80   rt_memcpy_w.o
         2          0          0          0          0          0   rtexit.o
        10          0          0          0          0          0   rtexit2.o
      1272         16          0          0          0        168   scanf_fp.o
       800         14          0          0          0        100   scanf_hexfp.o
       308         16          0          0          0        100   scanf_infnan.o
        20          0          0          0          0         68   strchr.o
       124          0          0          0          0         88   strcmpv8m_maindsp.o
        62          0          0          0          0         76   strlen.o
       150          0          0          0          0         80   strncmp.o
        36          0          0          0          0         80   strstr.o
       176         14          0          0          0        124   strtod.o
        74          0          0          0          0         80   sys_stackheap_outer.o
        26          0          0          0          0         76   tolower.o
         2          0          0          0          0         68   use_no_semi.o
         2          0          0          0          0         68   use_no_semi_2.o
        98          4          0          0          0        140   d2f.o
        16          4          0          0          0        116   dcheck1.o
        84          0          0          0          0        244   dcmp.o
        24          0          0          0          0        116   dcmpi.o
       120          4          0          0          0        140   deqf.o
        94          4          0          0          0        140   dfix.o
       120          4          0          0          0        140   dgeqf.o
       120          4          0          0          0        140   dleqf.o
       340         12          0          0          0        152   dmul.o
       156          4          0          0          0        140   dnaninf.o
        12          0          0          0          0        116   dretinf.o
       108          0          0          0          0        128   drleqf.o
         0          0         16          0          0          0   fpconst.o
        26          0          0          0          0        116   fpinit.o
        10          0          0          0          0        116   fretinf.o
         6          0          0          0          0        116   istatus.o
         4          0          0          0          0        116   printf1.o
       100          0          0          0          0        116   retnan.o
        92          0          0          0          0        116   scalbn.o
         4          0          0          0          0        116   scanf1.o
         8          0          0          0          0        132   scanf2.o
        48          0          0          0          0        116   trapv.o
         0          0          0          0          0          0   usenofp.o
        64         16          0          0          0        248   dunder.o
        48          0          0          0          0        124   fpclassify.o
       140         22          0          0          0        132   frexp.o
       228          8          0          0          0        308   ldexp.o
       266         16          0          0          0        308   narrow.o
        40          8          0          0          0        128   strtod.o

    ----------------------------------------------------------------------
     12768        496        532          0         96      10928   Library Totals
        24          0          3          0          0          0   (incl. Padding)

    ----------------------------------------------------------------------

      Code (inc. data)   RO Data    RW Data    ZI Data      Debug   Library Name

     10368        386        513          0         96       6908   c_w.l
      1590         40         16          0          0       2772   fz_wm.l
       786         70          0          0          0       1248   m_wm.l

    ----------------------------------------------------------------------
     12768        496        532          0         96      10928   Library Totals

    ----------------------------------------------------------------------

==============================================================================


      Code (inc. data)   RO Data    RW Data    ZI Data      Debug   

     39632       1296       1644         40       3056     289278   Grand Totals
     39632       1296       1644         40       3056     289278   ELF Image Totals
     39632       1296       1644         40          0          0   ROM Totals

==============================================================================

    Total RO  Size (Code + RO Data)                41276 (  40.31kB)
    Total RW  Size (RW Data + ZI Data)              3096 (   3.02kB)
    Total ROM Size (Code + RO Data + RW Data)      41316 (  40.35kB)

==============================================================================

