Component: Arm Compiler for Embedded 6.23 Tool: armlink [5f102400]

==============================================================================

Section Cross References

    startup_stm32u575xx.o(STACK) refers (Special) to heapauxi.o(.text) for __use_two_region_memory
    startup_stm32u575xx.o(HEAP) refers (Special) to heapauxi.o(.text) for __use_two_region_memory
    startup_stm32u575xx.o(RESET) refers (Special) to heapauxi.o(.text) for __use_two_region_memory
    startup_stm32u575xx.o(RESET) refers to startup_stm32u575xx.o(STACK) for __initial_sp
    startup_stm32u575xx.o(RESET) refers to startup_stm32u575xx.o(.text) for Reset_Handler
    startup_stm32u575xx.o(RESET) refers to stm32u5xx_it.o(.text.NMI_Handler) for NMI_Handler
    startup_stm32u575xx.o(RESET) refers to stm32u5xx_it.o(.text.HardFault_Handler) for HardFault_Handler
    startup_stm32u575xx.o(RESET) refers to stm32u5xx_it.o(.text.MemManage_Handler) for MemManage_Handler
    startup_stm32u575xx.o(RESET) refers to stm32u5xx_it.o(.text.BusFault_Handler) for BusFault_Handler
    startup_stm32u575xx.o(RESET) refers to stm32u5xx_it.o(.text.UsageFault_Handler) for UsageFault_Handler
    startup_stm32u575xx.o(RESET) refers to stm32u5xx_it.o(.text.SVC_Handler) for SVC_Handler
    startup_stm32u575xx.o(RESET) refers to stm32u5xx_it.o(.text.DebugMon_Handler) for DebugMon_Handler
    startup_stm32u575xx.o(RESET) refers to stm32u5xx_it.o(.text.PendSV_Handler) for PendSV_Handler
    startup_stm32u575xx.o(RESET) refers to stm32u5xx_it.o(.text.SysTick_Handler) for SysTick_Handler
    startup_stm32u575xx.o(RESET) refers to stm32u5xx_it.o(.text.UART5_IRQHandler) for UART5_IRQHandler
    startup_stm32u575xx.o(.text) refers (Special) to heapauxi.o(.text) for __use_two_region_memory
    startup_stm32u575xx.o(.text) refers to system_stm32u5xx.o(.text.SystemInit) for SystemInit
    startup_stm32u575xx.o(.text) refers to __main.o(!!!main) for __main
    startup_stm32u575xx.o(.text) refers to startup_stm32u575xx.o(HEAP) for Heap_Mem
    startup_stm32u575xx.o(.text) refers to startup_stm32u575xx.o(STACK) for Stack_Mem
    bsp_esp8266.o(.text) refers (Special) to _printf_percent.o(.ARM.Collect$$_printf_percent$$00000000) for _printf_percent
    bsp_esp8266.o(.text) refers (Special) to _printf_s.o(.ARM.Collect$$_printf_percent$$00000014) for _printf_s
    bsp_esp8266.o(.text) refers (Special) to _printf_d.o(.ARM.Collect$$_printf_percent$$00000009) for _printf_d
    bsp_esp8266.o(.text) refers (Special) to _printf_dec.o(.text) for _printf_int_dec
    bsp_esp8266.o(.text) refers (Special) to _printf_str.o(.text) for _printf_str
    bsp_esp8266.o(.text.ESP8266_Init) refers (Special) to _printf_percent.o(.ARM.Collect$$_printf_percent$$00000000) for _printf_percent
    bsp_esp8266.o(.text.ESP8266_Init) refers (Special) to _printf_s.o(.ARM.Collect$$_printf_percent$$00000014) for _printf_s
    bsp_esp8266.o(.text.ESP8266_Init) refers (Special) to _printf_d.o(.ARM.Collect$$_printf_percent$$00000009) for _printf_d
    bsp_esp8266.o(.text.ESP8266_Init) refers (Special) to _printf_dec.o(.text) for _printf_int_dec
    bsp_esp8266.o(.text.ESP8266_Init) refers (Special) to _printf_str.o(.text) for _printf_str
    bsp_esp8266.o(.text.ESP8266_Init) refers to stm32u5xx_hal_uart.o(.text.HAL_UART_Init) for HAL_UART_Init
    bsp_esp8266.o(.text.ESP8266_Init) refers to main.o(.text.Error_Handler) for Error_Handler
    bsp_esp8266.o(.text.ESP8266_Init) refers to stm32u5xx_hal_uart.o(.text.HAL_UART_Receive_IT) for HAL_UART_Receive_IT
    bsp_esp8266.o(.ARM.exidx.text.ESP8266_Init) refers (Special) to _printf_percent.o(.ARM.Collect$$_printf_percent$$00000000) for _printf_percent
    bsp_esp8266.o(.ARM.exidx.text.ESP8266_Init) refers (Special) to _printf_s.o(.ARM.Collect$$_printf_percent$$00000014) for _printf_s
    bsp_esp8266.o(.ARM.exidx.text.ESP8266_Init) refers (Special) to _printf_d.o(.ARM.Collect$$_printf_percent$$00000009) for _printf_d
    bsp_esp8266.o(.ARM.exidx.text.ESP8266_Init) refers (Special) to _printf_dec.o(.text) for _printf_int_dec
    bsp_esp8266.o(.ARM.exidx.text.ESP8266_Init) refers (Special) to _printf_str.o(.text) for _printf_str
    bsp_esp8266.o(.ARM.exidx.text.ESP8266_Init) refers to bsp_esp8266.o(.text.ESP8266_Init) for [Anonymous Symbol]
    bsp_esp8266.o(.text.ESP8266_Send_AT_Cmd) refers (Special) to _printf_percent.o(.ARM.Collect$$_printf_percent$$00000000) for _printf_percent
    bsp_esp8266.o(.text.ESP8266_Send_AT_Cmd) refers (Special) to _printf_s.o(.ARM.Collect$$_printf_percent$$00000014) for _printf_s
    bsp_esp8266.o(.text.ESP8266_Send_AT_Cmd) refers (Special) to _printf_d.o(.ARM.Collect$$_printf_percent$$00000009) for _printf_d
    bsp_esp8266.o(.text.ESP8266_Send_AT_Cmd) refers (Special) to _printf_dec.o(.text) for _printf_int_dec
    bsp_esp8266.o(.text.ESP8266_Send_AT_Cmd) refers (Special) to _printf_str.o(.text) for _printf_str
[...]
    GPDMA1_Channel1_IRQHandler               0x0800036d   Thumb Code     0  startup_stm32u575xx.o(.text)
    GPDMA1_Channel2_IRQHandler               0x0800036d   Thumb Code     0  startup_stm32u575xx.o(.text)
    GPDMA1_Channel3_IRQHandler               0x0800036d   Thumb Code     0  startup_stm32u575xx.o(.text)
    GPDMA1_Channel4_IRQHandler               0x0800036d   Thumb Code     0  startup_stm32u575xx.o(.text)
    GPDMA1_Channel5_IRQHandler               0x0800036d   Thumb Code     0  startup_stm32u575xx.o(.text)
    GPDMA1_Channel6_IRQHandler               0x0800036d   Thumb Code     0  startup_stm32u575xx.o(.text)
    GPDMA1_Channel7_IRQHandler               0x0800036d   Thumb Code     0  startup_stm32u575xx.o(.text)
    GPDMA1_Channel8_IRQHandler               0x0800036d   Thumb Code     0  startup_stm32u575xx.o(.text)
    GPDMA1_Channel9_IRQHandler               0x0800036d   Thumb Code     0  startup_stm32u575xx.o(.text)
    GTZC_IRQHandler                          0x0800036d   Thumb Code     0  startup_stm32u575xx.o(.text)
    HASH_IRQHandler                          0x0800036d   Thumb Code     0  startup_stm32u575xx.o(.text)
    I2C1_ER_IRQHandler                       0x0800036d   Thumb Code     0  startup_stm32u575xx.o(.text)
    I2C1_EV_IRQHandler                       0x0800036d   Thumb Code     0  startup_stm32u575xx.o(.text)
    I2C2_ER_IRQHandler                       0x0800036d   Thumb Code     0  startup_stm32u575xx.o(.text)
    I2C2_EV_IRQHandler                       0x0800036d   Thumb Code     0  startup_stm32u575xx.o(.text)
    I2C3_ER_IRQHandler                       0x0800036d   Thumb Code     0  startup_stm32u575xx.o(.text)
    I2C3_EV_IRQHandler                       0x0800036d   Thumb Code     0  startup_stm32u575xx.o(.text)
    I2C4_ER_IRQHandler                       0x0800036d   Thumb Code     0  startup_stm32u575xx.o(.text)
    I2C4_EV_IRQHandler                       0x0800036d   Thumb Code     0  startup_stm32u575xx.o(.text)
    ICACHE_IRQHandler                        0x0800036d   Thumb Code     0  startup_stm32u575xx.o(.text)
    IWDG_IRQHandler                          0x0800036d   Thumb Code     0  startup_stm32u575xx.o(.text)
    LPDMA1_Channel0_IRQHandler               0x0800036d   Thumb Code     0  startup_stm32u575xx.o(.text)
    LPDMA1_Channel1_IRQHandler               0x0800036d   Thumb Code     0  startup_stm32u575xx.o(.text)
    LPDMA1_Channel2_IRQHandler               0x0800036d   Thumb Code     0  startup_stm32u575xx.o(.text)
    LPDMA1_Channel3_IRQHandler               0x0800036d   Thumb Code     0  startup_stm32u575xx.o(.text)
    LPTIM1_IRQHandler                        0x0800036d   Thumb Code     0  startup_stm32u575xx.o(.text)
    LPTIM2_IRQHandler                        0x0800036d   Thumb Code     0  startup_stm32u575xx.o(.text)
    LPTIM3_IRQHandler                        0x0800036d   Thumb Code     0  startup_stm32u575xx.o(.text)
    LPTIM4_IRQHandler                        0x0800036d   Thumb Code     0  startup_stm32u575xx.o(.text)
    LPUART1_IRQHandler                       0x0800036d   Thumb Code     0  startup_stm32u575xx.o(.text)
    LSECSSD_IRQHandler                       0x0800036d   Thumb Code     0  startup_stm32u575xx.o(.text)
    MDF1_FLT0_IRQHandler                     0x0800036d   Thumb Code     0  startup_stm32u575xx.o(.text)
    MDF1_FLT1_IRQHandler                     0x0800036d   Thumb Code     0  startup_stm32u575xx.o(.text)
    MDF1_FLT2_IRQHandler                     0x0800036d   Thumb Code     0  startup_stm32u575xx.o(.text)
    MDF1_FLT3_IRQHandler                     0x0800036d   Thumb Code     0  startup_stm32u575xx.o(.text)
    MDF1_FLT4_IRQHandler                     0x0800036d   Thumb Code     0  startup_stm32u575xx.o(.text)
    MDF1_FLT5_IRQHandler                     0x0800036d   Thumb Code     0  startup_stm32u575xx.o(.text)
    OCTOSPI1_IRQHandler                      0x0800036d   Thumb Code     0  startup_stm32u575xx.o(.text)
    OCTOSPI2_IRQHandler                      0x0800036d   Thumb Code     0  startup_stm32u575xx.o(.text)
    OTG_FS_IRQHandler                        0x0800036d   Thumb Code     0  startup_stm32u575xx.o(.text)
    PVD_PVM_IRQHandler                       0x0800036d   Thumb Code     0  startup_stm32u575xx.o(.text)
    PWR_S3WU_IRQHandler                      0x0800036d   Thumb Code     0  startup_stm32u575xx.o(.text)
    RAMCFG_IRQHandler                        0x0800036d   Thumb Code     0  startup_stm32u575xx.o(.text)
    RCC_IRQHandler                           0x0800036d   Thumb Code     0  startup_stm32u575xx.o(.text)
    RCC_S_IRQHandler                         0x0800036d   Thumb Code     0  startup_stm32u575xx.o(.text)
    RNG_IRQHandler                           0x0800036d   Thumb Code     0  startup_stm32u575xx.o(.text)
    RTC_IRQHandler                           0x0800036d   Thumb Code     0  startup_stm32u575xx.o(.text)
    RTC_S_IRQHandler                         0x0800036d   Thumb Code     0  startup_stm32u575xx.o(.text)
    SAI1_IRQHandler                          0x0800036d   Thumb Code     0  startup_stm32u575xx.o(.text)
    SAI2_IRQHandler                          0x0800036d   Thumb Code     0  startup_stm32u575xx.o(.text)
    SDMMC1_IRQHandler                        0x0800036d   Thumb Code     0  startup_stm32u575xx.o(.text)
    SDMMC2_IRQHandler                        0x0800036d   Thumb Code     0  startup_stm32u575xx.o(.text)
    SPI1_IRQHandler                          0x0800036d   Thumb Code     0  startup_stm32u575xx.o(.text)
    SPI2_IRQHandler                          0x0800036d   Thumb Code     0  startup_stm32u575xx.o(.text)
    SPI3_IRQHandler                          0x0800036d   Thumb Code     0  startup_stm32u575xx.o(.text)
    TAMP_IRQHandler                          0x0800036d   Thumb Code     0  startup_stm32u575xx.o(.text)
    TIM15_IRQHandler                         0x0800036d   Thumb Code     0  startup_stm32u575xx.o(.text)
    TIM16_IRQHandler                         0x0800036d   Thumb Code     0  startup_stm32u575xx.o(.text)
    TIM17_IRQHandler                         0x0800036d   Thumb Code     0  startup_stm32u575xx.o(.text)
    TIM1_BRK_IRQHandler                      0x0800036d   Thumb Code     0  startup_stm32u575xx.o(.text)
    TIM1_CC_IRQHandler                       0x0800036d   Thumb Code     0  startup_stm32u575xx.o(.text)
    TIM1_TRG_COM_IRQHandler                  0x0800036d   Thumb Code     0  startup_stm32u575xx.o(.text)
    TIM1_UP_IRQHandler                       0x0800036d   Thumb Code     0  startup_stm32u575xx.o(.text)
    TIM2_IRQHandler                          0x0800036d   Thumb Code     0  startup_stm32u575xx.o(.text)
    TIM3_IRQHandler                          0x0800036d   Thumb Code     0  startup_stm32u575xx.o(.text)
    TIM4_IRQHandler                          0x0800036d   Thumb Code     0  startup_stm32u575xx.o(.text)
    TIM5_IRQHandler                          0x0800036d   Thumb Code     0  startup_stm32u575xx.o(.text)
    TIM6_IRQHandler                          0x0800036d   Thumb Code     0  startup_stm32u575xx.o(.text)
    TIM7_IRQHandler                          0x0800036d   Thumb Code     0  startup_stm32u575xx.o(.text)
    TIM8_BRK_IRQHandler                      0x0800036d   Thumb Code     0  startup_stm32u575xx.o(.text)
    TIM8_CC_IRQHandler                       0x0800036d   Thumb Code     0  startup_stm32u575xx.o(.text)
    TIM8_TRG_COM_IRQHandler                  0x0800036d   Thumb Code     0  startup_stm32u575xx.o(.text)
    TIM8_UP_IRQHandler                       0x0800036d   Thumb Code     0  startup_stm32u575xx.o(.text)
    TSC_IRQHandler                           0x0800036d   Thumb Code     0  startup_stm32u575xx.o(.text)
    UART4_IRQHandler                         0x0800036d   Thumb Code     0  startup_stm32u575xx.o(.text)
    UCPD1_IRQHandler                         0x0800036d   Thumb Code     0  startup_stm32u575xx.o(.text)
    USART1_IRQHandler                        0x0800036d   Thumb Code     0  startup_stm32u575xx.o(.text)
    USART2_IRQHandler                        0x0800036d   Thumb Code     0  startup_stm32u575xx.o(.text)
    USART3_IRQHandler                        0x0800036d   Thumb Code     0  startup_stm32u575xx.o(.text)
    WWDG_IRQHandler                          0x0800036d   Thumb Code     0  startup_stm32u575xx.o(.text)
    __user_initial_stackheap                 0x08000371   Thumb Code    10  startup_stm32u575xx.o(.text)
    __use_no_semihosting                     0x08000395   Thumb Code     2  use_no_semi_2.o(.text)
    malloc                                   0x08000397   Thumb Code    94  h1_alloc.o(.text)
    free                                     0x080003f5   Thumb Code    78  h1_free.o(.text)
    realloc                                  0x08000443   Thumb Code   196  h1_realloc.o(.text)
    __aeabi_uldivmod                         0x08000507   Thumb Code     0  lludivv7m.o(.text)
    _ll_udiv                                 0x08000507   Thumb Code   240  lludivv7m.o(.text)
    tolower                                  0x080005f7   Thumb Code    26  tolower.o(.text)
    __2printf                                0x08000611   Thumb Code    20  __2printf.o(.text)
    __2sprintf                               0x08000629   Thumb Code    38  __2sprintf.o(.text)
    __2snprintf                              0x08000655   Thumb Code    58  __2snprintf.o(.text)
    _printf_pre_padding                      0x08000695   Thumb Code    44  _printf_pad.o(.text)
    _printf_post_padding                     0x080006c1   Thumb Code    34  _printf_pad.o(.text)
    _printf_str                              0x080006e3   Thumb Code    82  _printf_str.o(.text)
    _printf_int_dec                          0x08000735   Thumb Code   104  _printf_dec.o(.text)
    _printf_int_hex                          0x080007ad   Thumb Code    84  _printf_hex_int.o(.text)
    _printf_longlong_hex                     0x080007ad   Thumb Code     0  _printf_hex_int.o(.text)
    __printf                                 0x08000805   Thumb Code   388  __printf_flags_ss_wp.o(.text)
    puts                                     0x0800098d   Thumb Code    40  puts.o(.text)
    strchr                                   0x080009b9   Thumb Code    20  strchr.o(.text)
    strstr                                   0x080009cd   Thumb Code    36  strstr.o(.text)
    strrchr                                  0x080009f1   Thumb Code    22  strrchr.o(.text)
    strlen                                   0x08000a07   Thumb Code    62  strlen.o(.text)
    strncmp                                  0x08000a45   Thumb Code   150  strncmp.o(.text)
    __aeabi_memcpy                           0x08000adb   Thumb Code     0  rt_memcpy_v6.o(.text)
    __rt_memcpy                              0x08000adb   Thumb Code   138  rt_memcpy_v6.o(.text)
    _memcpy_lastbytes                        0x08000b41   Thumb Code     0  rt_memcpy_v6.o(.text)
    __aeabi_memclr                           0x08000b65   Thumb Code     0  rt_memclr.o(.text)
    __rt_memclr                              0x08000b65   Thumb Code     0  rt_memclr.o(.text)
    _memset                                  0x08000b69   Thumb Code    64  rt_memclr.o(.text)
    __aeabi_memclr4                          0x08000ba9   Thumb Code     0  rt_memclr_w.o(.text)
    __aeabi_memclr8                          0x08000ba9   Thumb Code     0  rt_memclr_w.o(.text)
    __rt_memclr_w                            0x08000ba9   Thumb Code     0  rt_memclr_w.o(.text)
    _memset_w                                0x08000bad   Thumb Code    74  rt_memclr_w.o(.text)
    strcmp                                   0x08000bf9   Thumb Code   124  strcmpv8m_maindsp.o(.text)
    __use_two_region_memory                  0x08000c75   Thumb Code     2  heapauxi.o(.text)
    __rt_heap_escrow                         0x08000c77   Thumb Code     2  heapauxi.o(.text)
    __rt_heap_expand                         0x08000c79   Thumb Code     2  heapauxi.o(.text)
    __I$use$semihosting                      0x08000c7b   Thumb Code     0  use_no_semi.o(.text)
    __use_no_semihosting_swi                 0x08000c7b   Thumb Code     2  use_no_semi.o(.text)
    __rt_ctype_table                         0x08000c7d   Thumb Code    16  rt_ctype_table.o(.text)
    __rt_heap_descriptor                     0x08000c8d   Thumb Code     8  rt_heap_descriptor_intlibspace.o(.text)
    __use_no_heap                            0x08000c95   Thumb Code     2  hguard.o(.text)
    __heap$guard                             0x08000c97   Thumb Code     2  hguard.o(.text)
    _terminate_user_alloc                    0x08000c99   Thumb Code     2  init_alloc.o(.text)
    _init_user_alloc                         0x08000c9b   Thumb Code     2  init_alloc.o(.text)
    __Heap_Full                              0x08000c9d   Thumb Code    34  init_alloc.o(.text)
    __Heap_Broken                            0x08000cbf   Thumb Code     6  init_alloc.o(.text)
    _init_alloc                              0x08000cc5   Thumb Code    94  init_alloc.o(.text)
    __Heap_Initialize                        0x08000d23   Thumb Code     8  h1_init.o(.text)
    __Heap_DescSize                          0x08000d2b   Thumb Code     4  h1_init.o(.text)
    _printf_int_common                       0x08000d2f   Thumb Code   178  _printf_intcommon.o(.text)
    _printf_fp_dec_real                      0x08000f91   Thumb Code   620  _printf_fp_dec.o(.text)
    _printf_char_common                      0x08001207   Thumb Code    32  _printf_char_common.o(.text)
    _sputc                                   0x0800122d   Thumb Code    10  _sputc.o(.text)
    _snputc                                  0x08001237   Thumb Code    16  _snputc.o(.text)
    _printf_cs_common                        0x08001247   Thumb Code    20  _printf_char.o(.text)
    _printf_char                             0x0800125b   Thumb Code    16  _printf_char.o(.text)
    _printf_string                           0x0800126b   Thumb Code     8  _printf_char.o(.text)
    _printf_char_file                        0x08001275   Thumb Code    32  _printf_char_file.o(.text)
    _scanf_really_real                       0x080014e5   Thumb Code   684  scanf_fp.o(.text)
    _sgetc                                   0x08001791   Thumb Code    30  _sgetc.o(.text)
    _sbackspace                              0x080017af   Thumb Code    34  _sgetc.o(.text)
    __strtod_int                             0x08001815   Thumb Code    94  strtod.o(.text)
    __aeabi_memcpy4                          0x08001881   Thumb Code     0  rt_memcpy_w.o(.text)
    __aeabi_memcpy8                          0x08001881   Thumb Code     0  rt_memcpy_w.o(.text)
    __rt_memcpy_w                            0x08001881   Thumb Code   100  rt_memcpy_w.o(.text)
    _memcpy_lastbytes_aligned                0x080018c9   Thumb Code     0  rt_memcpy_w.o(.text)
    __user_libspace                          0x080018e5   Thumb Code     8  libspace.o(.text)
    __user_perproc_libspace                  0x080018e5   Thumb Code     0  libspace.o(.text)
    __user_perthread_libspace                0x080018e5   Thumb Code     0  libspace.o(.text)
    __rt_locale                              0x080018ed   Thumb Code     8  rt_locale_intlibspace.o(.text)
    __aeabi_errno_addr                       0x080018f5   Thumb Code     8  rt_errno_addr_intlibspace.o(.text)
    __errno$intlibspace                      0x080018f5   Thumb Code     0  rt_errno_addr_intlibspace.o(.text)
    __rt_errno_addr$intlibspace              0x080018f5   Thumb Code     0  rt_errno_addr_intlibspace.o(.text)
    __Heap_ProvideMemory                     0x080018fd   Thumb Code    52  h1_extend.o(.text)
    _maybe_terminate_alloc                   0x080018fd   Thumb Code     0  maybetermalloc1.o(.text)
    __aeabi_llsl                             0x08001931   Thumb Code     0  llshl.o(.text)
    _ll_shift_l                              0x08001931   Thumb Code    38  llshl.o(.text)
    _ll_udiv10                               0x08001957   Thumb Code   138  lludiv10.o(.text)
    isspace                                  0x080019e1   Thumb Code    18  isspace.o(.text)
    _printf_fp_infnan                        0x080019f5   Thumb Code   112  _printf_fp_infnan.o(.text)
    _btod_etento                             0x08001a75   Thumb Code   224  bigflt0.o(.text)
    ferror                                   0x08001b59   Thumb Code     8  ferror.o(.text)
    __rt_SIGRTMEM                            0x08001b61   Thumb Code    14  defsig_rtmem_outer.o(.text)
    __user_setup_stackheap                   0x08001b6f   Thumb Code    74  sys_stackheap_outer.o(.text)
    __read_errno                             0x08001bb9   Thumb Code    10  _rserrno.o(.text)
    __set_errno                              0x08001bc3   Thumb Code    12  _rserrno.o(.text)
    _scanf_really_hex_real                   0x08001bd1   Thumb Code   786  scanf_hexfp.o(.text)
    _scanf_really_infnan                     0x08001ef1   Thumb Code   292  scanf_infnan.o(.text)
    exit                                     0x08002025   Thumb Code    18  exit.o(.text)
    __sig_exit                               0x08002037   Thumb Code    10  defsig_exit.o(.text)
    __rt_SIGRTMEM_inner                      0x08002041   Thumb Code    22  defsig_rtmem_inner.o(.text)
    _chval                                   0x08002091   Thumb Code    28  _chval.o(.text)
    __default_signal_display                 0x080020ad   Thumb Code    50  defsig_general.o(.text)
    BSP_SHT20_GetData                        0x080020e1   Thumb Code   252  bsp_sht20.o(.text.BSP_SHT20_GetData)
    BusFault_Handler                         0x08002211   Thumb Code     2  stm32u5xx_it.o(.text.BusFault_Handler)
    DebugMon_Handler                         0x08002215   Thumb Code     2  stm32u5xx_it.o(.text.DebugMon_Handler)
    ESP8266_Init                             0x08002219   Thumb Code    46  bsp_esp8266.o(.text.ESP8266_Init)
    ESP8266_Json_Parse                       0x08002249   Thumb Code   316  bsp_esp8266.o(.text.ESP8266_Json_Parse)
    ESP8266_MQTTSUB                          0x08002415   Thumb Code   116  bsp_esp8266.o(.text.ESP8266_MQTTSUB)
    ESP8266_STA_MQTTClient                   0x0800249d   Thumb Code   376  bsp_esp8266.o(.text.ESP8266_STA_MQTTClient)
    Error_Handler                            0x0800267d   Thumb Code    10  main.o(.text.Error_Handler)
    HAL_DMA_Abort                            0x08002689   Thumb Code   168  stm32u5xx_hal_dma.o(.text.HAL_DMA_Abort)
    HAL_DMA_Abort_IT                         0x08002731   Thumb Code    40  stm32u5xx_hal_dma.o(.text.HAL_DMA_Abort_IT)
    HAL_Delay                                0x08002759   Thumb Code    40  stm32u5xx_hal.o(.text.HAL_Delay)
    HAL_GPIO_Init                            0x08002781   Thumb Code   594  stm32u5xx_hal_gpio.o(.text.HAL_GPIO_Init)
    HAL_GPIO_WritePin                        0x080029d5   Thumb Code    12  stm32u5xx_hal_gpio.o(.text.HAL_GPIO_WritePin)
    HAL_GetTick                              0x080029e1   Thumb Code    12  stm32u5xx_hal.o(.text.HAL_GetTick)
    HAL_I2CEx_ConfigAnalogFilter             0x080029ed   Thumb Code    74  stm32u5xx_hal_i2c_ex.o(.text.HAL_I2CEx_ConfigAnalogFilter)
    HAL_I2CEx_ConfigDigitalFilter            0x08002a39   Thumb Code    72  stm32u5xx_hal_i2c_ex.o(.text.HAL_I2CEx_ConfigDigitalFilter)
    HAL_I2C_Init                             0x08002a81   Thumb Code   162  stm32u5xx_hal_i2c.o(.text.HAL_I2C_Init)
    HAL_I2C_Master_Receive                   0x08002b25   Thumb Code   418  stm32u5xx_hal_i2c.o(.text.HAL_I2C_Master_Receive)
    HAL_I2C_Master_Transmit                  0x08002cc9   Thumb Code   418  stm32u5xx_hal_i2c.o(.text.HAL_I2C_Master_Transmit)
    HAL_I2C_MspInit                          0x08002e6d   Thumb Code   148  i2c.o(.text.HAL_I2C_MspInit)
    HAL_ICACHE_ConfigAssociativityMode       0x08002f01   Thumb Code    32  stm32u5xx_hal_icache.o(.text.HAL_ICACHE_ConfigAssociativityMode)
    HAL_ICACHE_Enable                        0x08002f21   Thumb Code    20  stm32u5xx_hal_icache.o(.text.HAL_ICACHE_Enable)
    HAL_IncTick                              0x08002f35   Thumb Code    26  stm32u5xx_hal.o(.text.HAL_IncTick)
    HAL_Init                                 0x08002f51   Thumb Code    86  stm32u5xx_hal.o(.text.HAL_Init)
    HAL_InitTick                             0x08002fa9   Thumb Code    82  stm32u5xx_hal.o(.text.HAL_InitTick)
    HAL_MspInit                              0x08002ffd   Thumb Code    32  stm32u5xx_hal_msp.o(.text.HAL_MspInit)
    HAL_NVIC_EnableIRQ                       0x0800301d   Thumb Code    34  stm32u5xx_hal_cortex.o(.text.HAL_NVIC_EnableIRQ)
    HAL_NVIC_SetPriority                     0x08003041   Thumb Code    86  stm32u5xx_hal_cortex.o(.text.HAL_NVIC_SetPriority)
    HAL_NVIC_SetPriorityGrouping             0x08003099   Thumb Code    32  stm32u5xx_hal_cortex.o(.text.HAL_NVIC_SetPriorityGrouping)
    HAL_PWREx_ControlVoltageScaling          0x080030b9   Thumb Code   250  stm32u5xx_hal_pwr_ex.o(.text.HAL_PWREx_ControlVoltageScaling)
    HAL_PWREx_DisableUCPDDeadBattery         0x080031b5   Thumb Code    18  stm32u5xx_hal_pwr_ex.o(.text.HAL_PWREx_DisableUCPDDeadBattery)
    HAL_PWREx_GetVoltageRange                0x080031c9   Thumb Code    16  stm32u5xx_hal_pwr_ex.o(.text.HAL_PWREx_GetVoltageRange)
    HAL_RCCEx_GetPLL1ClockFreq               0x080031d9   Thumb Code   352  stm32u5xx_hal_rcc_ex.o(.text.HAL_RCCEx_GetPLL1ClockFreq)
    HAL_RCCEx_GetPLL2ClockFreq               0x08003341   Thumb Code   352  stm32u5xx_hal_rcc_ex.o(.text.HAL_RCCEx_GetPLL2ClockFreq)
    HAL_RCCEx_GetPLL3ClockFreq               0x080034a9   Thumb Code   352  stm32u5xx_hal_rcc_ex.o(.text.HAL_RCCEx_GetPLL3ClockFreq)
    HAL_RCCEx_GetPeriphCLKFreq               0x08003611   Thumb Code  2360  stm32u5xx_hal_rcc_ex.o(.text.HAL_RCCEx_GetPeriphCLKFreq)
    HAL_RCCEx_PeriphCLKConfig                0x08003f49   Thumb Code  1482  stm32u5xx_hal_rcc_ex.o(.text.HAL_RCCEx_PeriphCLKConfig)
    HAL_RCC_ClockConfig                      0x08004515   Thumb Code   762  stm32u5xx_hal_rcc.o(.text.HAL_RCC_ClockConfig)
    HAL_RCC_GetHCLKFreq                      0x08004811   Thumb Code    44  stm32u5xx_hal_rcc.o(.text.HAL_RCC_GetHCLKFreq)
    HAL_RCC_GetPCLK1Freq                     0x0800483d   Thumb Code    62  stm32u5xx_hal_rcc.o(.text.HAL_RCC_GetPCLK1Freq)
    HAL_RCC_GetPCLK2Freq                     0x0800487d   Thumb Code    62  stm32u5xx_hal_rcc.o(.text.HAL_RCC_GetPCLK2Freq)
    HAL_RCC_GetPCLK3Freq                     0x080048bd   Thumb Code    62  stm32u5xx_hal_rcc.o(.text.HAL_RCC_GetPCLK3Freq)
    HAL_RCC_GetSysClockFreq                  0x080048fd   Thumb Code   252  stm32u5xx_hal_rcc.o(.text.HAL_RCC_GetSysClockFreq)
    HAL_RCC_OscConfig                        0x08004a05   Thumb Code  2994  stm32u5xx_hal_rcc.o(.text.HAL_RCC_OscConfig)
    HAL_SPIEx_SetConfigAutonomousMode        0x080055b9   Thumb Code    74  stm32u5xx_hal_spi_ex.o(.text.HAL_SPIEx_SetConfigAutonomousMode)
    HAL_SPI_Init                             0x08005605   Thumb Code   416  stm32u5xx_hal_spi.o(.text.HAL_SPI_Init)
    HAL_SPI_MspInit                          0x080057a5   Thumb Code   156  spi.o(.text.HAL_SPI_MspInit)
    HAL_SPI_Transmit                         0x08005841   Thumb Code   744  stm32u5xx_hal_spi.o(.text.HAL_SPI_Transmit)
    HAL_SYSTICK_Config                       0x08005b29   Thumb Code    44  stm32u5xx_hal_cortex.o(.text.HAL_SYSTICK_Config)
    HAL_UARTEx_DisableFifoMode               0x08005b55   Thumb Code    54  stm32u5xx_hal_uart_ex.o(.text.HAL_UARTEx_DisableFifoMode)
    HAL_UARTEx_RxEventCallback               0x08005b8d   Thumb Code     2  stm32u5xx_hal_uart.o(.text.HAL_UARTEx_RxEventCallback)
    HAL_UARTEx_RxFifoFullCallback            0x08005b91   Thumb Code     2  stm32u5xx_hal_uart_ex.o(.text.HAL_UARTEx_RxFifoFullCallback)
    HAL_UARTEx_SetRxFifoThreshold            0x08005b95   Thumb Code   140  stm32u5xx_hal_uart_ex.o(.text.HAL_UARTEx_SetRxFifoThreshold)
    HAL_UARTEx_SetTxFifoThreshold            0x08005c21   Thumb Code   140  stm32u5xx_hal_uart_ex.o(.text.HAL_UARTEx_SetTxFifoThreshold)
    HAL_UARTEx_TxFifoEmptyCallback           0x08005cad   Thumb Code     2  stm32u5xx_hal_uart_ex.o(.text.HAL_UARTEx_TxFifoEmptyCallback)
    HAL_UART_AbortReceiveCpltCallback        0x08005cb1   Thumb Code    58  main.o(.text.HAL_UART_AbortReceiveCpltCallback)
    HAL_UART_AbortReceive_IT                 0x08005ced   Thumb Code   332  stm32u5xx_hal_uart.o(.text.HAL_UART_AbortReceive_IT)
    HAL_UART_ErrorCallback                   0x08005e39   Thumb Code     2  stm32u5xx_hal_uart.o(.text.HAL_UART_ErrorCallback)
    HAL_UART_IRQHandler                      0x08005e3d   Thumb Code  1404  stm32u5xx_hal_uart.o(.text.HAL_UART_IRQHandler)
    HAL_UART_Init                            0x080063b9   Thumb Code   100  stm32u5xx_hal_uart.o(.text.HAL_UART_Init)
    HAL_UART_MspInit                         0x0800641d   Thumb Code   330  usart.o(.text.HAL_UART_MspInit)
    HAL_UART_Receive_IT                      0x08006569   Thumb Code   194  stm32u5xx_hal_uart.o(.text.HAL_UART_Receive_IT)
    HAL_UART_RxCpltCallback                  0x0800662d   Thumb Code   106  main.o(.text.HAL_UART_RxCpltCallback)
    HAL_UART_Transmit                        0x08006699   Thumb Code   226  stm32u5xx_hal_uart.o(.text.HAL_UART_Transmit)
    HAL_UART_TxCpltCallback                  0x0800677d   Thumb Code     2  stm32u5xx_hal_uart.o(.text.HAL_UART_TxCpltCallback)
    HardFault_Handler                        0x08006781   Thumb Code     2  stm32u5xx_it.o(.text.HardFault_Handler)
    ILI9341_Clear                            0x08006bbd   Thumb Code   252  bsp_ili9341_4line.o(.text.ILI9341_Clear)
    ILI9341_Display_Dir                      0x08006cb9   Thumb Code   374  bsp_ili9341_4line.o(.text.ILI9341_Display_Dir)
    ILI9341_DrawChar                         0x08006e31   Thumb Code   316  bsp_ili9341_4line.o(.text.ILI9341_DrawChar)
    ILI9341_DrawString                       0x08006f6d   Thumb Code   108  bsp_ili9341_4line.o(.text.ILI9341_DrawString)
    ILI9341_Init                             0x08006fd9   Thumb Code  2418  bsp_ili9341_4line.o(.text.ILI9341_Init)
    ILI9341_SetCursor                        0x0800794d   Thumb Code   160  bsp_ili9341_4line.o(.text.ILI9341_SetCursor)
    MX_GPIO_Init                             0x080079ed   Thumb Code   184  gpio.o(.text.MX_GPIO_Init)
    MX_I2C1_Init                             0x08007aa5   Thumb Code   112  i2c.o(.text.MX_I2C1_Init)
    MX_ICACHE_Init                           0x08007b15   Thumb Code    34  icache.o(.text.MX_ICACHE_Init)
    MX_SPI1_Init                             0x08007b39   Thumb Code   134  spi.o(.text.MX_SPI1_Init)
    MX_UART5_Init                            0x08007bc1   Thumb Code   132  usart.o(.text.MX_UART5_Init)
    MX_USART1_UART_Init                      0x08007c45   Thumb Code   132  usart.o(.text.MX_USART1_UART_Init)
    MemManage_Handler                        0x08007cc9   Thumb Code     2  stm32u5xx_it.o(.text.MemManage_Handler)
    NMI_Handler                              0x08007ccd   Thumb Code     2  stm32u5xx_it.o(.text.NMI_Handler)
    PendSV_Handler                           0x08007cd1   Thumb Code     2  stm32u5xx_it.o(.text.PendSV_Handler)
    SVC_Handler                              0x08007f8d   Thumb Code     2  stm32u5xx_it.o(.text.SVC_Handler)
    SysTick_Handler                          0x08007f91   Thumb Code     4  stm32u5xx_it.o(.text.SysTick_Handler)
    SystemInit                               0x08007f95   Thumb Code    76  system_stm32u5xx.o(.text.SystemInit)
    UART5_IRQHandler                         0x08007fe1   Thumb Code    46  stm32u5xx_it.o(.text.UART5_IRQHandler)
    UART_AdvFeatureConfig                    0x08008011   Thumb Code   230  stm32u5xx_hal_uart.o(.text.UART_AdvFeatureConfig)
    UART_CheckIdleState                      0x080080f9   Thumb Code   362  stm32u5xx_hal_uart.o(.text.UART_CheckIdleState)
    UART_SetConfig                           0x08008c59   Thumb Code   522  stm32u5xx_hal_uart.o(.text.UART_SetConfig)
    UART_Start_Receive_IT                    0x08008e65   Thumb Code   610  stm32u5xx_hal_uart.o(.text.UART_Start_Receive_IT)
    UART_WaitOnFlagUntilTimeout              0x080090c9   Thumb Code   710  stm32u5xx_hal_uart.o(.text.UART_WaitOnFlagUntilTimeout)
    USART_printf                             0x08009391   Thumb Code   566  bsp_esp8266.o(.text.USART_printf)
    UsageFault_Handler                       0x080095c9   Thumb Code     2  stm32u5xx_it.o(.text.UsageFault_Handler)
    _HW_FillFrame                            0x080095cd   Thumb Code   306  bsp_ili9341_4line.o(.text._HW_FillFrame)
    _sys_exit                                0x08009701   Thumb Code     2  main.o(.text._sys_exit)
    _ttywrch                                 0x08009705   Thumb Code     2  main.o(.text._ttywrch)
    cJSON_Delete                             0x08009781   Thumb Code    96  cjson.o(.text.cJSON_Delete)
    cJSON_GetErrorPtr                        0x080097e1   Thumb Code    16  cjson.o(.text.cJSON_GetErrorPtr)
    cJSON_GetObjectItem                      0x080097f1   Thumb Code   138  cjson.o(.text.cJSON_GetObjectItem)
    cJSON_IsNumber                           0x0800987d   Thumb Code    20  cjson.o(.text.cJSON_IsNumber)
    cJSON_Parse                              0x08009891   Thumb Code    32  cjson.o(.text.cJSON_Parse)
    cJSON_ParseWithLengthOpts                0x080098b1   Thumb Code   454  cjson.o(.text.cJSON_ParseWithLengthOpts)
    fputc                                    0x08009a79   Thumb Code    36  main.o(.text.fputc)
    main                                     0x08009a9d   Thumb Code   552  main.o(.text.main)
    _btod_d2e                                0x0800a8a1   Thumb Code    62  btod.o(CL$$btod_d2e)
    _d2e_denorm_low                          0x0800a8df   Thumb Code    70  btod.o(CL$$btod_d2e_denorm_low)
    _d2e_norm_op1                            0x0800a925   Thumb Code    96  btod.o(CL$$btod_d2e_norm_op1)
    __btod_div_common                        0x0800a985   Thumb Code   696  btod.o(CL$$btod_div_common)
    _e2d                                     0x0800acbd   Thumb Code   122  btod.o(CL$$btod_e2d)
    _e2e                                     0x0800ad41   Thumb Code   220  btod.o(CL$$btod_e2e)
    _btod_ediv                               0x0800ae1d   Thumb Code    42  btod.o(CL$$btod_ediv)
    _btod_edivd                              0x0800ae47   Thumb Code    42  btod.o(CL$$btod_edivd)
    _btod_emul                               0x0800ae71   Thumb Code    42  btod.o(CL$$btod_emul)
    _btod_emuld                              0x0800ae9b   Thumb Code    42  btod.o(CL$$btod_emuld)
    __btod_mult_common                       0x0800aec5   Thumb Code   580  btod.o(CL$$btod_mult_common)
    __ARM_fpclassify                         0x0800b109   Thumb Code    48  fpclassify.o(i.__ARM_fpclassify)
    __hardfp___mathlib_tofloat               0x0800b139   Thumb Code   232  narrow.o(i.__hardfp___mathlib_tofloat)
    __hardfp_ldexp                           0x0800b231   Thumb Code   200  ldexp.o(i.__hardfp_ldexp)
    __hardfp_strtod                          0x0800b301   Thumb Code    32  strtod.o(i.__hardfp_strtod)
    __mathlib_dbl_overflow                   0x0800b329   Thumb Code    24  dunder.o(i.__mathlib_dbl_overflow)
    __mathlib_dbl_underflow                  0x0800b349   Thumb Code    24  dunder.o(i.__mathlib_dbl_underflow)
    __mathlib_narrow                         0x0800b369   Thumb Code    18  narrow.o(i.__mathlib_narrow)
    __support_ldexp                          0x0800b37b   Thumb Code    20  ldexp.o(i.__support_ldexp)
    _is_digit                                0x0800b38f   Thumb Code    14  __printf_wp.o(i._is_digit)
    frexp                                    0x0800b3a1   Thumb Code   118  frexp.o(i.frexp)
    _get_lc_ctype                            0x0800b42d   Thumb Code    44  lc_ctype_c.o(locale$$code)
    _get_lc_numeric                          0x0800b459   Thumb Code    44  lc_numeric_c.o(locale$$code)
    __aeabi_d2f                              0x0800b485   Thumb Code     0  d2f.o(x$fpl$d2f)
    _d2f                                     0x0800b485   Thumb Code    98  d2f.o(x$fpl$d2f)
    __fpl_dcheck_NaN1                        0x0800b4e9   Thumb Code    10  dcheck1.o(x$fpl$dcheck1)
    __fpl_dcmp_Inf                           0x0800b4f9   Thumb Code    24  dcmpi.o(x$fpl$dcmpinf)
    __aeabi_cdcmpeq                          0x0800b511   Thumb Code     0  deqf.o(x$fpl$deqf)
    _dcmpeq                                  0x0800b511   Thumb Code   120  deqf.o(x$fpl$deqf)
    __aeabi_d2iz                             0x0800b589   Thumb Code     0  dfix.o(x$fpl$dfix)
    _dfix                                    0x0800b589   Thumb Code    94  dfix.o(x$fpl$dfix)
    __aeabi_cdcmpge                          0x0800b5e9   Thumb Code     0  dgeqf.o(x$fpl$dgeqf)
    _dcmpge                                  0x0800b5e9   Thumb Code   120  dgeqf.o(x$fpl$dgeqf)
    __aeabi_cdcmple                          0x0800b661   Thumb Code     0  dleqf.o(x$fpl$dleqf)
    _dcmple                                  0x0800b661   Thumb Code   120  dleqf.o(x$fpl$dleqf)
    __fpl_dcmple_InfNaN                      0x0800b6c3   Thumb Code     0  dleqf.o(x$fpl$dleqf)
    __aeabi_dmul                             0x0800b6d9   Thumb Code     0  dmul.o(x$fpl$dmul)
    _dmul                                    0x0800b6d9   Thumb Code   332  dmul.o(x$fpl$dmul)
    __fpl_dnaninf                            0x0800b82d   Thumb Code   156  dnaninf.o(x$fpl$dnaninf)
    __fpl_dretinf                            0x0800b8c9   Thumb Code    12  dretinf.o(x$fpl$dretinf)
    __aeabi_cdrcmple                         0x0800b8d5   Thumb Code     0  drleqf.o(x$fpl$drleqf)
    _drcmple                                 0x0800b8d5   Thumb Code   108  drleqf.o(x$fpl$drleqf)
    __aeabi_f2d                              0x0800b941   Thumb Code     0  f2d.o(x$fpl$f2d)
    _f2d                                     0x0800b941   Thumb Code    86  f2d.o(x$fpl$f2d)
    __aeabi_dcmpeq                           0x0800b997   Thumb Code     0  dcmp.o(x$fpl$fcmp)
    _deq                                     0x0800b997   Thumb Code    14  dcmp.o(x$fpl$fcmp)
    _dneq                                    0x0800b9a5   Thumb Code    14  dcmp.o(x$fpl$fcmp)
    __aeabi_dcmpgt                           0x0800b9b3   Thumb Code     0  dcmp.o(x$fpl$fcmp)
    _dgr                                     0x0800b9b3   Thumb Code    14  dcmp.o(x$fpl$fcmp)
    __aeabi_dcmpge                           0x0800b9c1   Thumb Code     0  dcmp.o(x$fpl$fcmp)
    _dgeq                                    0x0800b9c1   Thumb Code    14  dcmp.o(x$fpl$fcmp)
    __aeabi_dcmple                           0x0800b9cf   Thumb Code     0  dcmp.o(x$fpl$fcmp)
    _dleq                                    0x0800b9cf   Thumb Code    14  dcmp.o(x$fpl$fcmp)
    __aeabi_dcmplt                           0x0800b9dd   Thumb Code     0  dcmp.o(x$fpl$fcmp)
    _dls                                     0x0800b9dd   Thumb Code    14  dcmp.o(x$fpl$fcmp)
    __fpl_fnaninf                            0x0800b9eb   Thumb Code   140  fnaninf.o(x$fpl$fnaninf)
    _fp_init                                 0x0800ba77   Thumb Code    26  fpinit.o(x$fpl$fpinit)
    __fplib_config_fpu_vfp                   0x0800ba8f   Thumb Code     0  fpinit.o(x$fpl$fpinit)
    __fplib_config_pureend_doubles           0x0800ba8f   Thumb Code     0  fpinit.o(x$fpl$fpinit)
    __fpl_fretinf                            0x0800ba91   Thumb Code    10  fretinf.o(x$fpl$fretinf)
    __ieee_status                            0x0800ba9b   Thumb Code     6  istatus.o(x$fpl$ieeestatus)
    _printf_fp_dec                           0x0800baa1   Thumb Code     4  printf1.o(x$fpl$printf1)
    __fpl_return_NaN                         0x0800baa5   Thumb Code   100  retnan.o(x$fpl$retnan)
    __ARM_scalbn                             0x0800bb09   Thumb Code    92  scalbn.o(x$fpl$scalbn)
    _scanf_real                              0x0800bb65   Thumb Code     4  scanf1.o(x$fpl$scanf1)
    _scanf_hex_real                          0x0800bb69   Thumb Code     4  scanf2.o(x$fpl$scanf2)
    _scanf_infnan                            0x0800bb6d   Thumb Code     4  scanf2.o(x$fpl$scanf2)
    __fpl_cmpreturn                          0x0800bb71   Thumb Code    48  trapv.o(x$fpl$trapveneer)
    __I$use$fp                               0x0800bba0   Number         0  usenofp.o(x$fpl$usenofp)
    AHBPrescTable                            0x0800bc70   Data          16  system_stm32u5xx.o(.rodata.AHBPrescTable)
    APBPrescTable                            0x0800bc80   Data           8  system_stm32u5xx.o(.rodata.APBPrescTable)
    MSIRangeTable                            0x0800bd08   Data          64  system_stm32u5xx.o(.rodata.MSIRangeTable)
    UARTPrescTable                           0x0800bd48   Data          24  stm32u5xx_hal_uart.o(.rodata.UARTPrescTable)
    Region$$Table$$Base                      0x0800beac   Number         0  anon$$obj.o(Region$$Table)
    Region$$Table$$Limit                     0x0800becc   Number         0  anon$$obj.o(Region$$Table)
    __aeabi_HUGE_VAL                         0x0800becc   Data           0  fpconst.o(c$$dinf)
    __aeabi_HUGE_VALL                        0x0800becc   Data           0  fpconst.o(c$$dinf)
    __aeabi_INFINITY                         0x0800becc   Data           0  fpconst.o(c$$dinf)
    __dInf                                   0x0800becc   Data           0  fpconst.o(c$$dinf)
    __huge_val                               0x0800becc   Data           0  fpconst.o(c$$dinf)
    __dbl_max                                0x0800bed4   Data           0  fpconst.o(c$$dmax)
    __ctype                                  0x0800bee9   Data           0  lc_ctype_c.o(locale$$data)
    uwTickFreq                               0x20000000   Data           1  stm32u5xx_hal.o(.data..L_MergedGlobals)
    uwTickPrio                               0x20000004   Data           4  stm32u5xx_hal.o(.data..L_MergedGlobals)
    SystemCoreClock                          0x20000008   Data           4  system_stm32u5xx.o(.data.SystemCoreClock)
    __libspace_start                         0x20000018   Data          96  libspace.o(.bss)
    __temporary_stack_top$libspace           0x20000078   Data           0  libspace.o(.bss)
    ESP8266_Fram_Record_Struct               0x2000008a   Data        1026  bsp_esp8266.o(.bss.ESP8266_Fram_Record_Struct)
    __stdout                                 0x2000048c   Data          84  main.o(.bss.__stdout)
    gRX_BufF                                 0x200004e0   Data           1  main.o(.bss.gRX_BufF)
    gTemRH_Val                               0x200004e4   Data           8  bsp_sht20.o(.bss.gTemRH_Val)
    hi2c1                                    0x200004ec   Data          84  i2c.o(.bss.hi2c1)
    hspi1                                    0x20000540   Data         144  spi.o(.bss.hspi1)
    huart1                                   0x200005d0   Data         148  usart.o(.bss.huart1)
    huart5                                   0x20000664   Data         148  usart.o(.bss.huart5)
    uwTick                                   0x200006f8   Data           4  stm32u5xx_hal.o(.bss.uwTick)



==============================================================================

Memory Map of the image

  Image Entry point : 0x08000239

  Load Region LR_IROM1 (Base: 0x08000000, Size: 0x0000c020, Max: 0x00200000, ABSOLUTE)

    Execution Region ER_IROM1 (Exec base: 0x08000000, Load base: 0x08000000, Size: 0x0000c008, Max: 0x00200000, ABSOLUTE)

    Exec Addr    Load Addr    Size         Type   Attr      Idx    E Section Name        Object

    0x08000000   0x08000000   0x00000238   Data   RO            3    RESET               startup_stm32u575xx.o
    0x08000238   0x08000238   0x00000008   Code   RO         1896  * !!!main             c_w.l(__main.o)
    0x08000240   0x08000240   0x0000005c   Code   RO         2325    !!!scatter          c_w.l(__scatter.o)
    0x0800029c   0x0800029c   0x0000001a   Code   RO         2329    !!handler_copy      c_w.l(__scatter_copy.o)
    0x080002b6   0x080002b6   0x00000002   PAD
    0x080002b8   0x080002b8   0x00000002   Code   RO         2326    !!handler_null      c_w.l(__scatter.o)
    0x080002ba   0x080002ba   0x00000002   PAD
    0x080002bc   0x080002bc   0x0000001c   Code   RO         2331    !!handler_zi        c_w.l(__scatter_zi.o)
    0x080002d8   0x080002d8   0x00000000   Code   RO         1867    .ARM.Collect$$_printf_percent$$00000000  c_w.l(_printf_percent.o)
    0x080002d8   0x080002d8   0x00000006   Code   RO         1865    .ARM.Collect$$_printf_percent$$00000003  c_w.l(_printf_f.o)
    0x080002de   0x080002de   0x00000006   Code   RO         1866    .ARM.Collect$$_printf_percent$$00000005  c_w.l(_printf_g.o)
    0x080002e4   0x080002e4   0x00000006   Code   RO         1862    .ARM.Collect$$_printf_percent$$00000008  c_w.l(_printf_i.o)
    0x080002ea   0x080002ea   0x00000006   Code   RO         1863    .ARM.Collect$$_printf_percent$$00000009  c_w.l(_printf_d.o)
    0x080002f0   0x080002f0   0x00000006   Code   RO         1861    .ARM.Collect$$_printf_percent$$0000000C  c_w.l(_printf_x.o)
    0x080002f6   0x080002f6   0x00000006   Code   RO         1860    .ARM.Collect$$_printf_percent$$00000014  c_w.l(_printf_s.o)
    0x080002fc   0x080002fc   0x00000004   Code   RO         1980    .ARM.Collect$$_printf_percent$$00000017  c_w.l(_printf_percent_end.o)
    0x08000300   0x08000300   0x00000002   Code   RO         2218    .ARM.Collect$$libinit$$00000000  c_w.l(libinit.o)
    0x08000302   0x08000302   0x00000004   Code   RO         1995    .ARM.Collect$$libinit$$00000001  c_w.l(libinit2.o)
    0x08000306   0x08000306   0x00000000   Code   RO         1998    .ARM.Collect$$libinit$$00000004  c_w.l(libinit2.o)
    0x08000306   0x08000306   0x00000000   Code   RO         2000    .ARM.Collect$$libinit$$00000006  c_w.l(libinit2.o)
    0x08000306   0x08000306   0x00000008   Code   RO         2001    .ARM.Collect$$libinit$$00000007  c_w.l(libinit2.o)
    0x0800030e   0x0800030e   0x00000000   Code   RO         2003    .ARM.Collect$$libinit$$0000000C  c_w.l(libinit2.o)
    0x0800030e   0x0800030e   0x00000000   Code   RO         2005    .ARM.Collect$$libinit$$0000000E  c_w.l(libinit2.o)
    0x0800030e   0x0800030e   0x00000000   Code   RO         2007    .ARM.Collect$$libinit$$00000010  c_w.l(libinit2.o)
    0x0800030e   0x0800030e   0x00000006   Code   RO         2008    .ARM.Collect$$libinit$$00000011  c_w.l(libinit2.o)
    0x08000314   0x08000314   0x00000000   Code   RO         2010    .ARM.Collect$$libinit$$00000013  c_w.l(libinit2.o)
    0x08000314   0x08000314   0x0000000c   Code   RO         2011    .ARM.Collect$$libinit$$00000014  c_w.l(libinit2.o)
    0x08000320   0x08000320   0x00000000   Code   RO         2012    .ARM.Collect$$libinit$$00000015  c_w.l(libinit2.o)
    0x08000320   0x08000320   0x00000000   Code   RO         2014    .ARM.Collect$$libinit$$00000017  c_w.l(libinit2.o)
    0x08000320   0x08000320   0x0000000a   Code   RO         2015    .ARM.Collect$$libinit$$00000018  c_w.l(libinit2.o)
    0x0800032a   0x0800032a   0x00000000   Code   RO         2016    .ARM.Collect$$libinit$$00000019  c_w.l(libinit2.o)
    0x0800032a   0x0800032a   0x00000000   Code   RO         2018    .ARM.Collect$$libinit$$0000001B  c_w.l(libinit2.o)
    0x0800032a   0x0800032a   0x00000000   Code   RO         2020    .ARM.Collect$$libinit$$0000001D  c_w.l(libinit2.o)
    0x0800032a   0x0800032a   0x00000000   Code   RO         2022    .ARM.Collect$$libinit$$0000001F  c_w.l(libinit2.o)
    0x0800032a   0x0800032a   0x00000000   Code   RO         2024    .ARM.Collect$$libinit$$00000021  c_w.l(libinit2.o)
    0x0800032a   0x0800032a   0x00000000   Code   RO         2026    .ARM.Collect$$libinit$$00000023  c_w.l(libinit2.o)
    0x0800032a   0x0800032a   0x00000000   Code   RO         2028    .ARM.Collect$$libinit$$00000025  c_w.l(libinit2.o)
    0x0800032a   0x0800032a   0x00000000   Code   RO         2030    .ARM.Collect$$libinit$$00000027  c_w.l(libinit2.o)
    0x0800032a   0x0800032a   0x00000000   Code   RO         2034    .ARM.Collect$$libinit$$0000002E  c_w.l(libinit2.o)
    0x0800032a   0x0800032a   0x00000000   Code   RO         2036    .ARM.Collect$$libinit$$00000030  c_w.l(libinit2.o)
    0x0800032a   0x0800032a   0x00000000   Code   RO         2038    .ARM.Collect$$libinit$$00000032  c_w.l(libinit2.o)
    0x0800032a   0x0800032a   0x00000000   Code   RO         2040    .ARM.Collect$$libinit$$00000034  c_w.l(libinit2.o)
    0x0800032a   0x0800032a   0x00000002   Code   RO         2041    .ARM.Collect$$libinit$$00000035  c_w.l(libinit2.o)
    0x0800032c   0x0800032c   0x00000002   Code   RO         2312    .ARM.Collect$$libshutdown$$00000000  c_w.l(libshutdown.o)
    0x0800032e   0x0800032e   0x00000000   Code   RO         2246    .ARM.Collect$$libshutdown$$00000002  c_w.l(libshutdown2.o)
    0x0800032e   0x0800032e   0x00000000   Code   RO         2248    .ARM.Collect$$libshutdown$$00000004  c_w.l(libshutdown2.o)
    0x0800032e   0x0800032e   0x00000000   Code   RO         2251    .ARM.Collect$$libshutdown$$00000007  c_w.l(libshutdown2.o)
    0x0800032e   0x0800032e   0x00000000   Code   RO         2254    .ARM.Collect$$libshutdown$$0000000A  c_w.l(libshutdown2.o)
    0x0800032e   0x0800032e   0x00000000   Code   RO         2256    .ARM.Collect$$libshutdown$$0000000C  c_w.l(libshutdown2.o)
    0x0800032e   0x0800032e   0x00000000   Code   RO         2259    .ARM.Collect$$libshutdown$$0000000F  c_w.l(libshutdown2.o)
    0x0800032e   0x0800032e   0x00000002   Code   RO         2260    .ARM.Collect$$libshutdown$$00000010  c_w.l(libshutdown2.o)
    0x08000330   0x08000330   0x00000000   Code   RO         1934    .ARM.Collect$$rtentry$$00000000  c_w.l(__rtentry.o)
    0x08000330   0x08000330   0x00000000   Code   RO         2063    .ARM.Collect$$rtentry$$00000002  c_w.l(__rtentry2.o)
    0x08000330   0x08000330   0x00000006   Code   RO         2075    .ARM.Collect$$rtentry$$00000004  c_w.l(__rtentry4.o)
    0x08000336   0x08000336   0x00000000   Code   RO         2065    .ARM.Collect$$rtentry$$00000009  c_w.l(__rtentry2.o)
    0x08000336   0x08000336   0x00000004   Code   RO         2066    .ARM.Collect$$rtentry$$0000000A  c_w.l(__rtentry2.o)
    0x0800033a   0x0800033a   0x00000000   Code   RO         2068    .ARM.Collect$$rtentry$$0000000C  c_w.l(__rtentry2.o)
    0x0800033a   0x0800033a   0x00000008   Code   RO         2069    .ARM.Collect$$rtentry$$0000000D  c_w.l(__rtentry2.o)
    0x08000342   0x08000342   0x00000002   Code   RO         2229    .ARM.Collect$$rtexit$$00000000  c_w.l(rtexit.o)
    0x08000344   0x08000344   0x00000000   Code   RO         2272    .ARM.Collect$$rtexit$$00000002  c_w.l(rtexit2.o)
    0x08000344   0x08000344   0x00000004   Code   RO         2273    .ARM.Collect$$rtexit$$00000003  c_w.l(rtexit2.o)
    0x08000348   0x08000348   0x00000006   Code   RO         2274    .ARM.Collect$$rtexit$$00000004  c_w.l(rtexit2.o)
    0x0800034e   0x0800034e   0x00000002   PAD
    0x08000350   0x08000350   0x00000044   Code   RO            4    .text               startup_stm32u575xx.o
    0x08000394   0x08000394   0x00000002   Code   RO         1725    .text               c_w.l(use_no_semi_2.o)
    0x08000396   0x08000396   0x0000005e   Code   RO         1733    .text               c_w.l(h1_alloc.o)
    0x080003f4   0x080003f4   0x0000004e   Code   RO         1735    .text               c_w.l(h1_free.o)
    0x08000442   0x08000442   0x000000c4   Code   RO         1737    .text               c_w.l(h1_realloc.o)
    0x08000506   0x08000506   0x000000f0   Code   RO         1795    .text               c_w.l(lludivv7m.o)
    0x080005f6   0x080005f6   0x0000001a   Code   RO         1797    .text               c_w.l(tolower.o)
    0x08000610   0x08000610   0x00000018   Code   RO         1799    .text               c_w.l(__2printf.o)
    0x08000628   0x08000628   0x0000002c   Code   RO         1801    .text               c_w.l(__2sprintf.o)
    0x08000654   0x08000654   0x00000040   Code   RO         1803    .text               c_w.l(__2snprintf.o)
    0x08000694   0x08000694   0x0000004e   Code   RO         1813    .text               c_w.l(_printf_pad.o)
    0x080006e2   0x080006e2   0x00000052   Code   RO         1815    .text               c_w.l(_printf_str.o)
    0x08000734   0x08000734   0x00000078   Code   RO         1817    .text               c_w.l(_printf_dec.o)
    0x080007ac   0x080007ac   0x00000058   Code   RO         1822    .text               c_w.l(_printf_hex_int.o)
    0x08000804   0x08000804   0x00000188   Code   RO         1857    .text               c_w.l(__printf_flags_ss_wp.o)
    0x0800098c   0x0800098c   0x0000002c   Code   RO         1870    .text               c_w.l(puts.o)
    0x080009b8   0x080009b8   0x00000014   Code   RO         1872    .text               c_w.l(strchr.o)
    0x080009cc   0x080009cc   0x00000024   Code   RO         1874    .text               c_w.l(strstr.o)
    0x080009f0   0x080009f0   0x00000016   Code   RO         1878    .text               c_w.l(strrchr.o)
    0x08000a06   0x08000a06   0x0000003e   Code   RO         1880    .text               c_w.l(strlen.o)
    0x08000a44   0x08000a44   0x00000096   Code   RO         1882    .text               c_w.l(strncmp.o)
    0x08000ada   0x08000ada   0x0000008a   Code   RO         1886    .text               c_w.l(rt_memcpy_v6.o)
    0x08000b64   0x08000b64   0x00000044   Code   RO         1888    .text               c_w.l(rt_memclr.o)
    0x08000ba8   0x08000ba8   0x0000004e   Code   RO         1890    .text               c_w.l(rt_memclr_w.o)
    0x08000bf6   0x08000bf6   0x00000002   PAD
    0x08000bf8   0x08000bf8   0x0000007c   Code   RO         1892    .text               c_w.l(strcmpv8m_maindsp.o)
    0x08000c74   0x08000c74   0x00000006   Code   RO         1894    .text               c_w.l(heapauxi.o)
    0x08000c7a   0x08000c7a   0x00000002   Code   RO         1930    .text               c_w.l(use_no_semi.o)
    0x08000c7c   0x08000c7c   0x00000010   Code   RO         1935    .text               c_w.l(rt_ctype_table.o)
    0x08000c8c   0x08000c8c   0x00000008   Code   RO         1944    .text               c_w.l(rt_heap_descriptor_intlibspace.o)
    0x08000c94   0x08000c94   0x00000004   Code   RO         1946    .text               c_w.l(hguard.o)
    0x08000c98   0x08000c98   0x0000008a   Code   RO         1948    .text               c_w.l(init_alloc.o)
    0x08000d22   0x08000d22   0x0000000c   Code   RO         1952    .text               c_w.l(h1_init.o)
    0x08000d2e   0x08000d2e   0x000000b2   Code   RO         1964    .text               c_w.l(_printf_intcommon.o)
    0x08000de0   0x08000de0   0x0000041c   Code   RO         1966    .text               c_w.l(_printf_fp_dec.o)
    0x080011fc   0x080011fc   0x00000030   Code   RO         1970    .text               c_w.l(_printf_char_common.o)
    0x0800122c   0x0800122c   0x0000000a   Code   RO         1972    .text               c_w.l(_sputc.o)
    0x08001236   0x08001236   0x00000010   Code   RO         1974    .text               c_w.l(_snputc.o)
    0x08001246   0x08001246   0x0000002c   Code   RO         1976    .text               c_w.l(_printf_char.o)
    0x08001272   0x08001272   0x00000002   PAD
    0x08001274   0x08001274   0x00000024   Code   RO         1978    .text               c_w.l(_printf_char_file.o)
    0x08001298   0x08001298   0x000004f8   Code   RO         1981    .text               c_w.l(scanf_fp.o)
    0x08001790   0x08001790   0x00000040   Code   RO         1987    .text               c_w.l(_sgetc.o)
    0x080017d0   0x080017d0   0x000000b0   Code   RO         1989    .text               c_w.l(strtod.o)
    0x08001880   0x08001880   0x00000064   Code   RO         1991    .text               c_w.l(rt_memcpy_w.o)
    0x080018e4   0x080018e4   0x00000008   Code   RO         2059    .text               c_w.l(libspace.o)
    0x080018ec   0x080018ec   0x00000008   Code   RO         2082    .text               c_w.l(rt_locale_intlibspace.o)
    0x080018f4   0x080018f4   0x00000008   Code   RO         2087    .text               c_w.l(rt_errno_addr_intlibspace.o)
    0x080018fc   0x080018fc   0x00000000   Code   RO         2091    .text               c_w.l(maybetermalloc1.o)
    0x080018fc   0x080018fc   0x00000034   Code   RO         2093    .text               c_w.l(h1_extend.o)
    0x08001930   0x08001930   0x00000026   Code   RO         2097    .text               c_w.l(llshl.o)
    0x08001956   0x08001956   0x0000008a   Code   RO         2099    .text               c_w.l(lludiv10.o)
    0x080019e0   0x080019e0   0x00000012   Code   RO         2101    .text               c_w.l(isspace.o)
    0x080019f2   0x080019f2   0x00000002   PAD
    0x080019f4   0x080019f4   0x00000080   Code   RO         2103    .text               c_w.l(_printf_fp_infnan.o)
    0x08001a74   0x08001a74   0x000000e4   Code   RO         2109    .text               c_w.l(bigflt0.o)
    0x08001b58   0x08001b58   0x00000008   Code   RO         2139    .text               c_w.l(ferror.o)
    0x08001b60   0x08001b60   0x0000000e   Code   RO         2149    .text               c_w.l(defsig_rtmem_outer.o)
    0x08001b6e   0x08001b6e   0x0000004a   Code   RO         2185    .text               c_w.l(sys_stackheap_outer.o)
    0x08001bb8   0x08001bb8   0x00000016   Code   RO         2191    .text               c_w.l(_rserrno.o)
    0x08001bce   0x08001bce   0x00000002   PAD
    0x08001bd0   0x08001bd0   0x00000320   Code   RO         2193    .text               c_w.l(scanf_hexfp.o)
    0x08001ef0   0x08001ef0   0x00000134   Code   RO         2195    .text               c_w.l(scanf_infnan.o)
    0x08002024   0x08002024   0x00000012   Code   RO         2199    .text               c_w.l(exit.o)
    0x08002036   0x08002036   0x0000000a   Code   RO         2201    .text               c_w.l(defsig_exit.o)
    0x08002040   0x08002040   0x00000050   Code   RO         2207    .text               c_w.l(defsig_rtmem_inner.o)
    0x08002090   0x08002090   0x0000001c   Code   RO         2237    .text               c_w.l(_chval.o)
    0x080020ac   0x080020ac   0x00000032   Code   RO         2241    .text               c_w.l(defsig_general.o)
    0x080020de   0x080020de   0x00000002   PAD
    0x080020e0   0x080020e0   0x00000130   Code   RO          309    .text.BSP_SHT20_GetData  bsp_sht20.o
    0x08002210   0x08002210   0x00000002   Code   RO          459    .text.BusFault_Handler  stm32u5xx_it.o
    0x08002212   0x08002212   0x00000002   PAD
    0x08002214   0x08002214   0x00000002   Code   RO          465    .text.DebugMon_Handler  stm32u5xx_it.o
    0x08002216   0x08002216   0x00000002   PAD
    0x08002218   0x08002218   0x0000002e   Code   RO           11    .text.ESP8266_Init  bsp_esp8266.o
    0x08002246   0x08002246   0x00000002   PAD
    0x08002248   0x08002248   0x000001cc   Code   RO           37    .text.ESP8266_Json_Parse  bsp_esp8266.o
    0x08002414   0x08002414   0x00000088   Code   RO           27    .text.ESP8266_MQTTSUB  bsp_esp8266.o
    0x0800249c   0x0800249c   0x000001e0   Code   RO           35    .text.ESP8266_STA_MQTTClient  bsp_esp8266.o
    0x0800267c   0x0800267c   0x0000000a   Code   RO          371    .text.Error_Handler  main.o
    0x08002686   0x08002686   0x00000002   PAD
    0x08002688   0x08002688   0x000000a8   Code   RO          722    .text.HAL_DMA_Abort  stm32u5xx_hal_dma.o
    0x08002730   0x08002730   0x00000028   Code   RO          724    .text.HAL_DMA_Abort_IT  stm32u5xx_hal_dma.o
    0x08002758   0x08002758   0x00000028   Code   RO          851    .text.HAL_Delay     stm32u5xx_hal.o
    0x08002780   0x08002780   0x00000252   Code   RO         1112    .text.HAL_GPIO_Init  stm32u5xx_hal_gpio.o
    0x080029d2   0x080029d2   0x00000002   PAD
    0x080029d4   0x080029d4   0x0000000c   Code   RO         1118    .text.HAL_GPIO_WritePin  stm32u5xx_hal_gpio.o
    0x080029e0   0x080029e0   0x0000000c   Code   RO          843    .text.HAL_GetTick   stm32u5xx_hal.o
    0x080029ec   0x080029ec   0x0000004a   Code   RO          690    .text.HAL_I2CEx_ConfigAnalogFilter  stm32u5xx_hal_i2c_ex.o
    0x08002a36   0x08002a36   0x00000002   PAD
    0x08002a38   0x08002a38   0x00000048   Code   RO          692    .text.HAL_I2CEx_ConfigDigitalFilter  stm32u5xx_hal_i2c_ex.o
    0x08002a80   0x08002a80   0x000000a2   Code   RO          536    .text.HAL_I2C_Init  stm32u5xx_hal_i2c.o
    0x08002b22   0x08002b22   0x00000002   PAD
    0x08002b24   0x08002b24   0x000001a2   Code   RO          552    .text.HAL_I2C_Master_Receive  stm32u5xx_hal_i2c.o
    0x08002cc6   0x08002cc6   0x00000002   PAD
    0x08002cc8   0x08002cc8   0x000001a2   Code   RO          544    .text.HAL_I2C_Master_Transmit  stm32u5xx_hal_i2c.o
    0x08002e6a   0x08002e6a   0x00000002   PAD
    0x08002e6c   0x08002e6c   0x00000094   Code   RO          399    .text.HAL_I2C_MspInit  i2c.o
    0x08002f00   0x08002f00   0x00000020   Code   RO         1352    .text.HAL_ICACHE_ConfigAssociativityMode  stm32u5xx_hal_icache.o
    0x08002f20   0x08002f20   0x00000014   Code   RO         1364    .text.HAL_ICACHE_Enable  stm32u5xx_hal_icache.o
    0x08002f34   0x08002f34   0x0000001a   Code   RO          841    .text.HAL_IncTick   stm32u5xx_hal.o
    0x08002f4e   0x08002f4e   0x00000002   PAD
    0x08002f50   0x08002f50   0x00000056   Code   RO          831    .text.HAL_Init      stm32u5xx_hal.o
    0x08002fa6   0x08002fa6   0x00000002   PAD
    0x08002fa8   0x08002fa8   0x00000052   Code   RO          833    .text.HAL_InitTick  stm32u5xx_hal.o
    0x08002ffa   0x08002ffa   0x00000002   PAD
    0x08002ffc   0x08002ffc   0x00000020   Code   RO          480    .text.HAL_MspInit   stm32u5xx_hal_msp.o
    0x0800301c   0x0800301c   0x00000022   Code   RO          492    .text.HAL_NVIC_EnableIRQ  stm32u5xx_hal_cortex.o
    0x0800303e   0x0800303e   0x00000002   PAD
    0x08003040   0x08003040   0x00000056   Code   RO          490    .text.HAL_NVIC_SetPriority  stm32u5xx_hal_cortex.o
    0x08003096   0x08003096   0x00000002   PAD
    0x08003098   0x08003098   0x00000020   Code   RO          488    .text.HAL_NVIC_SetPriorityGrouping  stm32u5xx_hal_cortex.o
    0x080030b8   0x080030b8   0x000000fa   Code   RO         1221    .text.HAL_PWREx_ControlVoltageScaling  stm32u5xx_hal_pwr_ex.o
    0x080031b2   0x080031b2   0x00000002   PAD
    0x080031b4   0x080031b4   0x00000012   Code   RO         1291    .text.HAL_PWREx_DisableUCPDDeadBattery  stm32u5xx_hal_pwr_ex.o
    0x080031c6   0x080031c6   0x00000002   PAD
    0x080031c8   0x080031c8   0x00000010   Code   RO         1223    .text.HAL_PWREx_GetVoltageRange  stm32u5xx_hal_pwr_ex.o
    0x080031d8   0x080031d8   0x00000168   Code   RO          963    .text.HAL_RCCEx_GetPLL1ClockFreq  stm32u5xx_hal_rcc_ex.o
    0x08003340   0x08003340   0x00000168   Code   RO          965    .text.HAL_RCCEx_GetPLL2ClockFreq  stm32u5xx_hal_rcc_ex.o
    0x080034a8   0x080034a8   0x00000168   Code   RO          967    .text.HAL_RCCEx_GetPLL3ClockFreq  stm32u5xx_hal_rcc_ex.o
    0x08003610   0x08003610   0x00000938   Code   RO          969    .text.HAL_RCCEx_GetPeriphCLKFreq  stm32u5xx_hal_rcc_ex.o
    0x08003f48   0x08003f48   0x000005ca   Code   RO          955    .text.HAL_RCCEx_PeriphCLKConfig  stm32u5xx_hal_rcc_ex.o
    0x08004512   0x08004512   0x00000002   PAD
    0x08004514   0x08004514   0x000002fa   Code   RO          919    .text.HAL_RCC_ClockConfig  stm32u5xx_hal_rcc.o
    0x0800480e   0x0800480e   0x00000002   PAD
    0x08004810   0x08004810   0x0000002c   Code   RO          917    .text.HAL_RCC_GetHCLKFreq  stm32u5xx_hal_rcc.o
    0x0800483c   0x0800483c   0x0000003e   Code   RO          925    .text.HAL_RCC_GetPCLK1Freq  stm32u5xx_hal_rcc.o
    0x0800487a   0x0800487a   0x00000002   PAD
    0x0800487c   0x0800487c   0x0000003e   Code   RO          927    .text.HAL_RCC_GetPCLK2Freq  stm32u5xx_hal_rcc.o
    0x080048ba   0x080048ba   0x00000002   PAD
    0x080048bc   0x080048bc   0x0000003e   Code   RO          929    .text.HAL_RCC_GetPCLK3Freq  stm32u5xx_hal_rcc.o
    0x080048fa   0x080048fa   0x00000002   PAD
    0x080048fc   0x080048fc   0x00000108   Code   RO          921    .text.HAL_RCC_GetSysClockFreq  stm32u5xx_hal_rcc.o
    0x08004a04   0x08004a04   0x00000bb2   Code   RO          915    .text.HAL_RCC_OscConfig  stm32u5xx_hal_rcc.o
    0x080055b6   0x080055b6   0x00000002   PAD
    0x080055b8   0x080055b8   0x0000004a   Code   RO         1504    .text.HAL_SPIEx_SetConfigAutonomousMode  stm32u5xx_hal_spi_ex.o
    0x08005602   0x08005602   0x00000002   PAD
    0x08005604   0x08005604   0x000001a0   Code   RO         1396    .text.HAL_SPI_Init  stm32u5xx_hal_spi.o
    0x080057a4   0x080057a4   0x0000009c   Code   RO          422    .text.HAL_SPI_MspInit  spi.o
    0x08005840   0x08005840   0x000002e8   Code   RO         1404    .text.HAL_SPI_Transmit  stm32u5xx_hal_spi.o
    0x08005b28   0x08005b28   0x0000002c   Code   RO          500    .text.HAL_SYSTICK_Config  stm32u5xx_hal_cortex.o
    0x08005b54   0x08005b54   0x00000036   Code   RO         1679    .text.HAL_UARTEx_DisableFifoMode  stm32u5xx_hal_uart_ex.o
    0x08005b8a   0x08005b8a   0x00000002   PAD
    0x08005b8c   0x08005b8c   0x00000002   Code   RO         1610    .text.HAL_UARTEx_RxEventCallback  stm32u5xx_hal_uart.o
    0x08005b8e   0x08005b8e   0x00000002   PAD
    0x08005b90   0x08005b90   0x00000002   Code   RO         1665    .text.HAL_UARTEx_RxFifoFullCallback  stm32u5xx_hal_uart_ex.o
    0x08005b92   0x08005b92   0x00000002   PAD
    0x08005b94   0x08005b94   0x0000008c   Code   RO         1683    .text.HAL_UARTEx_SetRxFifoThreshold  stm32u5xx_hal_uart_ex.o
    0x08005c20   0x08005c20   0x0000008c   Code   RO         1681    .text.HAL_UARTEx_SetTxFifoThreshold  stm32u5xx_hal_uart_ex.o
    0x08005cac   0x08005cac   0x00000002   Code   RO         1667    .text.HAL_UARTEx_TxFifoEmptyCallback  stm32u5xx_hal_uart_ex.o
    0x08005cae   0x08005cae   0x00000002   PAD
    0x08005cb0   0x08005cb0   0x0000003a   Code   RO          375    .text.HAL_UART_AbortReceiveCpltCallback  main.o
    0x08005cea   0x08005cea   0x00000002   PAD
    0x08005cec   0x08005cec   0x0000014c   Code   RO         1598    .text.HAL_UART_AbortReceive_IT  stm32u5xx_hal_uart.o
    0x08005e38   0x08005e38   0x00000002   Code   RO         1608    .text.HAL_UART_ErrorCallback  stm32u5xx_hal_uart.o
    0x08005e3a   0x08005e3a   0x00000002   PAD
    0x08005e3c   0x08005e3c   0x0000057c   Code   RO         1604    .text.HAL_UART_IRQHandler  stm32u5xx_hal_uart.o
    0x080063b8   0x080063b8   0x00000064   Code   RO         1520    .text.HAL_UART_Init  stm32u5xx_hal_uart.o
    0x0800641c   0x0800641c   0x0000014a   Code   RO          439    .text.HAL_UART_MspInit  usart.o
    0x08006566   0x08006566   0x00000002   PAD
    0x08006568   0x08006568   0x000000c2   Code   RO         1556    .text.HAL_UART_Receive_IT  stm32u5xx_hal_uart.o
    0x0800662a   0x0800662a   0x00000002   PAD
    0x0800662c   0x0800662c   0x0000006a   Code   RO          373    .text.HAL_UART_RxCpltCallback  main.o
    0x08006696   0x08006696   0x00000002   PAD
    0x08006698   0x08006698   0x000000e2   Code   RO         1540    .text.HAL_UART_Transmit  stm32u5xx_hal_uart.o
    0x0800677a   0x0800677a   0x00000002   PAD
    0x0800677c   0x0800677c   0x00000002   Code   RO         1612    .text.HAL_UART_TxCpltCallback  stm32u5xx_hal_uart.o
    0x0800677e   0x0800677e   0x00000002   PAD
    0x08006780   0x08006780   0x00000002   Code   RO          455    .text.HardFault_Handler  stm32u5xx_it.o
    0x08006782   0x08006782   0x00000002   PAD
    0x08006784   0x08006784   0x00000160   Code   RO          680    .text.I2C_IsErrorOccurred  stm32u5xx_hal_i2c.o
    0x080068e4   0x080068e4   0x000000e8   Code   RO          546    .text.I2C_WaitOnFlagUntilTimeout  stm32u5xx_hal_i2c.o
    0x080069cc   0x080069cc   0x000000cc   Code   RO          554    .text.I2C_WaitOnRXNEFlagUntilTimeout  stm32u5xx_hal_i2c.o
    0x08006a98   0x08006a98   0x0000007c   Code   RO          550    .text.I2C_WaitOnSTOPFlagUntilTimeout  stm32u5xx_hal_i2c.o
    0x08006b14   0x08006b14   0x000000a6   Code   RO          548    .text.I2C_WaitOnTXISFlagUntilTimeout  stm32u5xx_hal_i2c.o
    0x08006bba   0x08006bba   0x00000002   PAD
    0x08006bbc   0x08006bbc   0x000000fc   Code   RO          338    .text.ILI9341_Clear  bsp_ili9341_4line.o
    0x08006cb8   0x08006cb8   0x00000176   Code   RO          334    .text.ILI9341_Display_Dir  bsp_ili9341_4line.o
    0x08006e2e   0x08006e2e   0x00000002   PAD
    0x08006e30   0x08006e30   0x0000013c   Code   RO          346    .text.ILI9341_DrawChar  bsp_ili9341_4line.o
    0x08006f6c   0x08006f6c   0x0000006c   Code   RO          348    .text.ILI9341_DrawString  bsp_ili9341_4line.o
    0x08006fd8   0x08006fd8   0x00000972   Code   RO          336    .text.ILI9341_Init  bsp_ili9341_4line.o
    0x0800794a   0x0800794a   0x00000002   PAD
    0x0800794c   0x0800794c   0x000000a0   Code   RO          330    .text.ILI9341_SetCursor  bsp_ili9341_4line.o
    0x080079ec   0x080079ec   0x000000b8   Code   RO          388    .text.MX_GPIO_Init  gpio.o
    0x08007aa4   0x08007aa4   0x00000070   Code   RO          397    .text.MX_I2C1_Init  i2c.o
    0x08007b14   0x08007b14   0x00000022   Code   RO          412    .text.MX_ICACHE_Init  icache.o
    0x08007b36   0x08007b36   0x00000002   PAD
    0x08007b38   0x08007b38   0x00000086   Code   RO          420    .text.MX_SPI1_Init  spi.o
    0x08007bbe   0x08007bbe   0x00000002   PAD
    0x08007bc0   0x08007bc0   0x00000084   Code   RO          435    .text.MX_UART5_Init  usart.o
    0x08007c44   0x08007c44   0x00000084   Code   RO          437    .text.MX_USART1_UART_Init  usart.o
    0x08007cc8   0x08007cc8   0x00000002   Code   RO          457    .text.MemManage_Handler  stm32u5xx_it.o
    0x08007cca   0x08007cca   0x00000002   PAD
    0x08007ccc   0x08007ccc   0x00000002   Code   RO          453    .text.NMI_Handler   stm32u5xx_it.o
    0x08007cce   0x08007cce   0x00000002   PAD
    0x08007cd0   0x08007cd0   0x00000002   Code   RO          467    .text.PendSV_Handler  stm32u5xx_it.o
    0x08007cd2   0x08007cd2   0x00000002   PAD
    0x08007cd4   0x08007cd4   0x000000f2   Code   RO          957    .text.RCCEx_PLL2_Config  stm32u5xx_hal_rcc_ex.o
    0x08007dc6   0x08007dc6   0x00000002   PAD
    0x08007dc8   0x08007dc8   0x000000f2   Code   RO          959    .text.RCCEx_PLL3_Config  stm32u5xx_hal_rcc_ex.o
    0x08007eba   0x08007eba   0x00000002   PAD
    0x08007ebc   0x08007ebc   0x000000d0   Code   RO         1406    .text.SPI_CloseTransfer  stm32u5xx_hal_spi.o
    0x08007f8c   0x08007f8c   0x00000002   Code   RO          463    .text.SVC_Handler   stm32u5xx_it.o
    0x08007f8e   0x08007f8e   0x00000002   PAD
    0x08007f90   0x08007f90   0x00000004   Code   RO          469    .text.SysTick_Handler  stm32u5xx_it.o
    0x08007f94   0x08007f94   0x0000004c   Code   RO         1708    .text.SystemInit    system_stm32u5xx.o
    0x08007fe0   0x08007fe0   0x0000002e   Code   RO          471    .text.UART5_IRQHandler  stm32u5xx_it.o
    0x0800800e   0x0800800e   0x00000002   PAD
    0x08008010   0x08008010   0x000000e6   Code   RO         1526    .text.UART_AdvFeatureConfig  stm32u5xx_hal_uart.o
    0x080080f6   0x080080f6   0x00000002   PAD
    0x080080f8   0x080080f8   0x0000016a   Code   RO         1528    .text.UART_CheckIdleState  stm32u5xx_hal_uart.o
    0x08008262   0x08008262   0x00000002   PAD
    0x08008264   0x08008264   0x00000010   Code   RO         1606    .text.UART_DMAAbortOnError  stm32u5xx_hal_uart.o
    0x08008274   0x08008274   0x00000022   Code   RO         1600    .text.UART_DMARxOnlyAbortCallback  stm32u5xx_hal_uart.o
    0x08008296   0x08008296   0x00000002   PAD
    0x08008298   0x08008298   0x000001ba   Code   RO         1646    .text.UART_RxISR_16BIT  stm32u5xx_hal_uart.o
    0x08008452   0x08008452   0x00000002   PAD
    0x08008454   0x08008454   0x0000031e   Code   RO         1642    .text.UART_RxISR_16BIT_FIFOEN  stm32u5xx_hal_uart.o
    0x08008772   0x08008772   0x00000002   PAD
    0x08008774   0x08008774   0x000001be   Code   RO         1648    .text.UART_RxISR_8BIT  stm32u5xx_hal_uart.o
    0x08008932   0x08008932   0x00000002   PAD
    0x08008934   0x08008934   0x00000322   Code   RO         1644    .text.UART_RxISR_8BIT_FIFOEN  stm32u5xx_hal_uart.o
    0x08008c56   0x08008c56   0x00000002   PAD
    0x08008c58   0x08008c58   0x0000020a   Code   RO         1524    .text.UART_SetConfig  stm32u5xx_hal_uart.o
    0x08008e62   0x08008e62   0x00000002   PAD
    0x08008e64   0x08008e64   0x00000262   Code   RO         1558    .text.UART_Start_Receive_IT  stm32u5xx_hal_uart.o
    0x080090c6   0x080090c6   0x00000002   PAD
    0x080090c8   0x080090c8   0x000002c6   Code   RO         1542    .text.UART_WaitOnFlagUntilTimeout  stm32u5xx_hal_uart.o
    0x0800938e   0x0800938e   0x00000002   PAD
    0x08009390   0x08009390   0x00000236   Code   RO           15    .text.USART_printf  bsp_esp8266.o
    0x080095c6   0x080095c6   0x00000002   PAD
    0x080095c8   0x080095c8   0x00000002   Code   RO          461    .text.UsageFault_Handler  stm32u5xx_it.o
    0x080095ca   0x080095ca   0x00000002   PAD
    0x080095cc   0x080095cc   0x00000132   Code   RO          342    .text._HW_FillFrame  bsp_ili9341_4line.o
    0x080096fe   0x080096fe   0x00000002   PAD
    0x08009700   0x08009700   0x00000002   Code   RO          361    .text._sys_exit     main.o
    0x08009702   0x08009702   0x00000002   PAD
    0x08009704   0x08009704   0x00000002   Code   RO          363    .text._ttywrch      main.o
    0x08009706   0x08009706   0x00000002   PAD
    0x08009708   0x08009708   0x00000076   Code   RO           78    .text.buffer_skip_whitespace  cjson.o
    0x0800977e   0x0800977e   0x00000002   PAD
    0x08009780   0x08009780   0x00000060   Code   RO           64    .text.cJSON_Delete  cjson.o
    0x080097e0   0x080097e0   0x00000010   Code   RO           50    .text.cJSON_GetErrorPtr  cjson.o
    0x080097f0   0x080097f0   0x0000008a   Code   RO          100    .text.cJSON_GetObjectItem  cjson.o
    0x0800987a   0x0800987a   0x00000002   PAD
    0x0800987c   0x0800987c   0x00000014   Code   RO           58    .text.cJSON_IsNumber  cjson.o
    0x08009890   0x08009890   0x00000020   Code   RO           80    .text.cJSON_Parse   cjson.o
    0x080098b0   0x080098b0   0x000001c6   Code   RO           74    .text.cJSON_ParseWithLengthOpts  cjson.o
    0x08009a76   0x08009a76   0x00000002   PAD
    0x08009a78   0x08009a78   0x00000024   Code   RO          365    .text.fputc         main.o
    0x08009a9c   0x08009a9c   0x000002ac   Code   RO          367    .text.main          main.o
    0x08009d48   0x08009d48   0x00000100   Code   RO          226    .text.parse_hex4    cjson.o
    0x08009e48   0x08009e48   0x00000316   Code   RO          224    .text.parse_object  cjson.o
    0x0800a15e   0x0800a15e   0x00000002   PAD
    0x0800a160   0x0800a160   0x000003f2   Code   RO          222    .text.parse_string  cjson.o
    0x0800a552   0x0800a552   0x00000006   PAD
    0x0800a558   0x0800a558   0x00000348   Code   RO           76    .text.parse_value   cjson.o
    0x0800a8a0   0x0800a8a0   0x0000003e   Code   RO         2112    CL$$btod_d2e        c_w.l(btod.o)
    0x0800a8de   0x0800a8de   0x00000046   Code   RO         2114    CL$$btod_d2e_denorm_low  c_w.l(btod.o)
    0x0800a924   0x0800a924   0x00000060   Code   RO         2113    CL$$btod_d2e_norm_op1  c_w.l(btod.o)
    0x0800a984   0x0800a984   0x00000338   Code   RO         2122    CL$$btod_div_common  c_w.l(btod.o)
    0x0800acbc   0x0800acbc   0x00000084   Code   RO         2120    CL$$btod_e2d        c_w.l(btod.o)
    0x0800ad40   0x0800ad40   0x000000dc   Code   RO         2119    CL$$btod_e2e        c_w.l(btod.o)
    0x0800ae1c   0x0800ae1c   0x0000002a   Code   RO         2116    CL$$btod_ediv       c_w.l(btod.o)
    0x0800ae46   0x0800ae46   0x0000002a   Code   RO         2118    CL$$btod_edivd      c_w.l(btod.o)
    0x0800ae70   0x0800ae70   0x0000002a   Code   RO         2115    CL$$btod_emul       c_w.l(btod.o)
    0x0800ae9a   0x0800ae9a   0x0000002a   Code   RO         2117    CL$$btod_emuld      c_w.l(btod.o)
    0x0800aec4   0x0800aec4   0x00000244   Code   RO         2121    CL$$btod_mult_common  c_w.l(btod.o)
    0x0800b108   0x0800b108   0x00000030   Code   RO         2174    i.__ARM_fpclassify  m_wm.l(fpclassify.o)
    0x0800b138   0x0800b138   0x000000f8   Code   RO         2176    i.__hardfp___mathlib_tofloat  m_wm.l(narrow.o)
    0x0800b230   0x0800b230   0x000000d0   Code   RO         2263    i.__hardfp_ldexp    m_wm.l(ldexp.o)
    0x0800b300   0x0800b300   0x00000028   Code   RO         1924    i.__hardfp_strtod   m_wm.l(strtod.o)
    0x0800b328   0x0800b328   0x00000020   Code   RO         2286    i.__mathlib_dbl_overflow  m_wm.l(dunder.o)
    0x0800b348   0x0800b348   0x00000020   Code   RO         2288    i.__mathlib_dbl_underflow  m_wm.l(dunder.o)
    0x0800b368   0x0800b368   0x00000012   Code   RO         2177    i.__mathlib_narrow  m_wm.l(narrow.o)
    0x0800b37a   0x0800b37a   0x00000014   Code   RO         2265    i.__support_ldexp   m_wm.l(ldexp.o)
    0x0800b38e   0x0800b38e   0x0000000e   Code   RO         1850    i._is_digit         c_w.l(__printf_wp.o)
    0x0800b39c   0x0800b39c   0x00000004   PAD
    0x0800b3a0   0x0800b3a0   0x0000008c   Code   RO         2225    i.frexp             m_wm.l(frexp.o)
    0x0800b42c   0x0800b42c   0x0000002c   Code   RO         2144    locale$$code        c_w.l(lc_ctype_c.o)
    0x0800b458   0x0800b458   0x0000002c   Code   RO         2147    locale$$code        c_w.l(lc_numeric_c.o)
    0x0800b484   0x0800b484   0x00000062   Code   RO         2219    x$fpl$d2f           fz_wm.l(d2f.o)
    0x0800b4e6   0x0800b4e6   0x00000002   PAD
    0x0800b4e8   0x0800b4e8   0x00000010   Code   RO         2313    x$fpl$dcheck1       fz_wm.l(dcheck1.o)
    0x0800b4f8   0x0800b4f8   0x00000018   Code   RO         2158    x$fpl$dcmpinf       fz_wm.l(dcmpi.o)
    0x0800b510   0x0800b510   0x00000078   Code   RO         2042    x$fpl$deqf          fz_wm.l(deqf.o)
    0x0800b588   0x0800b588   0x0000005e   Code   RO         1906    x$fpl$dfix          fz_wm.l(dfix.o)
    0x0800b5e6   0x0800b5e6   0x00000002   PAD
    0x0800b5e8   0x0800b5e8   0x00000078   Code   RO         2044    x$fpl$dgeqf         fz_wm.l(dgeqf.o)
    0x0800b660   0x0800b660   0x00000078   Code   RO         2046    x$fpl$dleqf         fz_wm.l(dleqf.o)
    0x0800b6d8   0x0800b6d8   0x00000154   Code   RO         1916    x$fpl$dmul          fz_wm.l(dmul.o)
    0x0800b82c   0x0800b82c   0x0000009c   Code   RO         2048    x$fpl$dnaninf       fz_wm.l(dnaninf.o)
    0x0800b8c8   0x0800b8c8   0x0000000c   Code   RO         2050    x$fpl$dretinf       fz_wm.l(dretinf.o)
    0x0800b8d4   0x0800b8d4   0x0000006c   Code   RO         2221    x$fpl$drleqf        fz_wm.l(drleqf.o)
    0x0800b940   0x0800b940   0x00000056   Code   RO         1918    x$fpl$f2d           fz_wm.l(f2d.o)
    0x0800b996   0x0800b996   0x00000054   Code   RO         1904    x$fpl$fcmp          fz_wm.l(dcmp.o)
    0x0800b9ea   0x0800b9ea   0x0000008c   Code   RO         2052    x$fpl$fnaninf       fz_wm.l(fnaninf.o)
    0x0800ba76   0x0800ba76   0x0000001a   Code   RO         2164    x$fpl$fpinit        fz_wm.l(fpinit.o)
    0x0800ba90   0x0800ba90   0x0000000a   Code   RO         2261    x$fpl$fretinf       fz_wm.l(fretinf.o)
    0x0800ba9a   0x0800ba9a   0x00000006   Code   RO         2166    x$fpl$ieeestatus    fz_wm.l(istatus.o)
    0x0800baa0   0x0800baa0   0x00000004   Code   RO         1920    x$fpl$printf1       fz_wm.l(printf1.o)
    0x0800baa4   0x0800baa4   0x00000064   Code   RO         2319    x$fpl$retnan        fz_wm.l(retnan.o)
    0x0800bb08   0x0800bb08   0x0000005c   Code   RO         2280    x$fpl$scalbn        fz_wm.l(scalbn.o)
    0x0800bb64   0x0800bb64   0x00000004   Code   RO         1922    x$fpl$scanf1        fz_wm.l(scanf1.o)
    0x0800bb68   0x0800bb68   0x00000008   Code   RO         2168    x$fpl$scanf2        fz_wm.l(scanf2.o)
    0x0800bb70   0x0800bb70   0x00000030   Code   RO         2321    x$fpl$trapveneer    fz_wm.l(trapv.o)
    0x0800bba0   0x0800bba0   0x00000000   Code   RO         2054    x$fpl$usenofp       fz_wm.l(usenofp.o)
    0x0800bba0   0x0800bba0   0x00000028   Data   RO         1823    .constdata          c_w.l(_printf_hex_int.o)
    0x0800bbc8   0x0800bbc8   0x00000011   Data   RO         1858    .constdata          c_w.l(__printf_flags_ss_wp.o)
    0x0800bbd9   0x0800bbd9   0x00000003   PAD
    0x0800bbdc   0x0800bbdc   0x00000094   Data   RO         2110    .constdata          c_w.l(bigflt0.o)
    0x0800bc70   0x0800bc70   0x00000010   Data   RO         1713    .rodata.AHBPrescTable  system_stm32u5xx.o
    0x0800bc80   0x0800bc80   0x00000008   Data   RO         1714    .rodata.APBPrescTable  system_stm32u5xx.o
    0x0800bc88   0x0800bc88   0x00000080   Data   RO         1136    .rodata.LPGPIO_Map  stm32u5xx_hal_gpio.o
    0x0800bd08   0x0800bd08   0x00000040   Data   RO         1715    .rodata.MSIRangeTable  system_stm32u5xx.o
    0x0800bd48   0x0800bd48   0x00000018   Data   RO         1654    .rodata.UARTPrescTable  stm32u5xx_hal_uart.o
    0x0800bd60   0x0800bd60   0x00000010   Data   RO         1699    .rodata.cst8        stm32u5xx_hal_uart_ex.o
    0x0800bd70   0x0800bd70   0x0000012b   Data   RO           40    .rodata.str1.1      bsp_esp8266.o
    0x0800be9b   0x0800be9b   0x00000010   Data   RO          234    .rodata.str1.1      cjson.o
    0x0800beab   0x0800beab   0x00000001   PAD
    0x0800beac   0x0800beac   0x00000020   Data   RO         2324    Region$$Table       anon$$obj.o
    0x0800becc   0x0800becc   0x00000008   Data   RO         2160    c$$dinf             fz_wm.l(fpconst.o)
    0x0800bed4   0x0800bed4   0x00000008   Data   RO         2163    c$$dmax             fz_wm.l(fpconst.o)
    0x0800bedc   0x0800bedc   0x00000110   Data   RO         2143    locale$$data        c_w.l(lc_ctype_c.o)
    0x0800bfec   0x0800bfec   0x0000001c   Data   RO         2146    locale$$data        c_w.l(lc_numeric_c.o)


    Execution Region RW_IRAM1 (Exec base: 0x20000000, Load base: 0x0800c008, Size: 0x00000d00, Max: 0x000c0000, ABSOLUTE)

    Exec Addr    Load Addr    Size         Type   Attr      Idx    E Section Name        Object

    0x20000000   0x0800c008   0x00000008   Data   RW          904    .data..L_MergedGlobals  stm32u5xx_hal.o
    0x20000008   0x0800c010   0x00000004   Data   RW         1712    .data.SystemCoreClock  system_stm32u5xx.o
    0x2000000c   0x0800c014   0x0000000c   Data   RW          233    .data.global_hooks  cjson.o
    0x20000018        -       0x00000060   Zero   RW         2060    .bss                c_w.l(libspace.o)
    0x20000078        -       0x00000008   Zero   RW          235    .bss..L_MergedGlobals  cjson.o
    0x20000080        -       0x0000000a   Zero   RW          352    .bss..L_MergedGlobals.1  bsp_ili9341_4line.o
    0x2000008a        -       0x00000402   Zero   RW           39    .bss.ESP8266_Fram_Record_Struct  bsp_esp8266.o
    0x2000048c        -       0x00000054   Zero   RW          378    .bss.__stdout       main.o
    0x200004e0        -       0x00000001   Zero   RW          377    .bss.gRX_BufF       main.o
    0x200004e1   0x0800c020   0x00000003   PAD
    0x200004e4        -       0x00000008   Zero   RW          311    .bss.gTemRH_Val     bsp_sht20.o
    0x200004ec        -       0x00000054   Zero   RW          403    .bss.hi2c1          i2c.o
    0x20000540        -       0x00000090   Zero   RW          426    .bss.hspi1          spi.o
    0x200005d0        -       0x00000094   Zero   RW          444    .bss.huart1         usart.o
    0x20000664        -       0x00000094   Zero   RW          443    .bss.huart5         usart.o
    0x200006f8        -       0x00000004   Zero   RW          903    .bss.uwTick         stm32u5xx_hal.o
    0x200006fc   0x0800c020   0x00000004   PAD
    0x20000700        -       0x00000200   Zero   RW            2    HEAP                startup_stm32u575xx.o
    0x20000900        -       0x00000400   Zero   RW            1    STACK               startup_stm32u575xx.o


==============================================================================

Image component sizes


      Code (inc. data)   RO Data    RW Data    ZI Data      Debug   Object Name

      1688        268        299          0       1026      15890   bsp_esp8266.o
      3934          0          0          0         10      15471   bsp_ili9341_4line.o
       304         52          0          0          8       2786   bsp_sht20.o
      3770        186         16         12          8      76441   cjson.o
       184          0          0          0          0       3021   gpio.o
       260          0          0          0         84       8703   i2c.o
        34          0          0          0          0        676   icache.o
       898        132          0          0         85       9765   main.o
       290          0          0          0        144       9058   spi.o
        68         28        568          0       1536        956   startup_stm32u575xx.o
       246          0          0          8          4      11779   stm32u5xx_hal.o
       196          0          0          0          0      14024   stm32u5xx_hal_cortex.o
       208          0          0          0          0      11301   stm32u5xx_hal_dma.o
       606          0        128          0          0       7050   stm32u5xx_hal_gpio.o
      2076          0          0          0          0      61082   stm32u5xx_hal_i2c.o
       146          0          0          0          0       6925   stm32u5xx_hal_i2c_ex.o
        52          0          0          0          0       6625   stm32u5xx_hal_icache.o
        32          0          0          0          0       2216   stm32u5xx_hal_msp.o
       284          0          0          0          0      14262   stm32u5xx_hal_pwr_ex.o
      4250         12          0          0          0      16076   stm32u5xx_hal_rcc.o
      5406        302          0          0          0      22465   stm32u5xx_hal_rcc_ex.o
      1368          0          0          0          0      25556   stm32u5xx_hal_spi.o
        74          0          0          0          0       7001   stm32u5xx_hal_spi_ex.o
      7234          0         24          0          0      38914   stm32u5xx_hal_uart.o
       338          0         16          0          0      12739   stm32u5xx_hal_uart_ex.o
        66          0          0          0          0       5485   stm32u5xx_it.o
        76          0         88          4          0       4331   system_stm32u5xx.o
       594          0          0          0        296      11997   usart.o

    ----------------------------------------------------------------------
     34820        980       1172         24       3208     422595   Object Totals
         0          0         32          0          0          0   (incl. Generated)
       138          0          1          0          7          0   (incl. Padding)

    ----------------------------------------------------------------------

      Code (inc. data)   RO Data    RW Data    ZI Data      Debug   Library Member Name

        24          4          0          0          0         84   __2printf.o
        64          6          0          0          0         84   __2snprintf.o
        44          6          0          0          0         84   __2sprintf.o
         8          0          0          0          0         68   __main.o
       392          4         17          0          0         92   __printf_flags_ss_wp.o
        14          0          0          0          0         68   __printf_wp.o
         0          0          0          0          0          0   __rtentry.o
        12          0          0          0          0          0   __rtentry2.o
         6          0          0          0          0          0   __rtentry4.o
        94          8          0          0          0          0   __scatter.o
        26          0          0          0          0          0   __scatter_copy.o
        28          0          0          0          0          0   __scatter_zi.o
        28          0          0          0          0         68   _chval.o
        44          0          0          0          0        108   _printf_char.o
        48          6          0          0          0         96   _printf_char_common.o
        36          4          0          0          0         80   _printf_char_file.o
         6          0          0          0          0          0   _printf_d.o
       120         16          0          0          0         92   _printf_dec.o
         6          0          0          0          0          0   _printf_f.o
      1052          0          0          0          0        148   _printf_fp_dec.o
       128         16          0          0          0         84   _printf_fp_infnan.o
         6          0          0          0          0          0   _printf_g.o
        88          4         40          0          0         88   _printf_hex_int.o
         6          0          0          0          0          0   _printf_i.o
       178          0          0          0          0         88   _printf_intcommon.o
        78          0          0          0          0        108   _printf_pad.o
         0          0          0          0          0          0   _printf_percent.o
         4          0          0          0          0          0   _printf_percent_end.o
         6          0          0          0          0          0   _printf_s.o
        82          0          0          0          0         80   _printf_str.o
         6          0          0          0          0          0   _printf_x.o
        22          0          0          0          0        100   _rserrno.o
        64          0          0          0          0         84   _sgetc.o
        16          0          0          0          0         68   _snputc.o
        10          0          0          0          0         68   _sputc.o
       228          4        148          0          0         96   bigflt0.o
      2152        136          0          0          0        956   btod.o
        10          0          0          0          0         68   defsig_exit.o
        50          0          0          0          0         88   defsig_general.o
        80         58          0          0          0         76   defsig_rtmem_inner.o
        14          0          0          0          0         80   defsig_rtmem_outer.o
        18          0          0          0          0         80   exit.o
         8          0          0          0          0         68   ferror.o
        94          0          0          0          0         80   h1_alloc.o
        52          0          0          0          0         68   h1_extend.o
        78          0          0          0          0         80   h1_free.o
        12          0          0          0          0         84   h1_init.o
       196          0          0          0          0         92   h1_realloc.o
         6          0          0          0          0        152   heapauxi.o
         4          0          0          0          0        136   hguard.o
       138          0          0          0          0        168   init_alloc.o
        18          0          0          0          0         76   isspace.o
        44         10        272          0          0         76   lc_ctype_c.o
        44         10         28          0          0         76   lc_numeric_c.o
         2          0          0          0          0          0   libinit.o
        42          0          0          0          0          0   libinit2.o
         2          0          0          0          0          0   libshutdown.o
         2          0          0          0          0          0   libshutdown2.o
         8          4          0          0         96         68   libspace.o
        38          0          0          0          0         68   llshl.o
       138          0          0          0          0         80   lludiv10.o
       240          0          0          0          0        100   lludivv7m.o
         0          0          0          0          0          0   maybetermalloc1.o
        44          4          0          0          0         84   puts.o
        16          4          0          0          0         76   rt_ctype_table.o
         8          4          0          0          0         68   rt_errno_addr_intlibspace.o
         8          4          0          0          0         68   rt_heap_descriptor_intlibspace.o
         8          4          0          0          0         68   rt_locale_intlibspace.o
        68          0          0          0          0         68   rt_memclr.o
        78          0          0          0          0         80   rt_memclr_w.o
       138          0          0          0          0         68   rt_memcpy_v6.o
       100          0          0          0          0         80   rt_memcpy_w.o
         2          0          0          0          0          0   rtexit.o
        10          0          0          0          0          0   rtexit2.o
      1272         16          0          0          0        168   scanf_fp.o
       800         14          0          0          0        100   scanf_hexfp.o
       308         16          0          0          0        100   scanf_infnan.o
        20          0          0          0          0         68   strchr.o
       124          0          0          0          0         88   strcmpv8m_maindsp.o
        62          0          0          0          0         76   strlen.o
       150          0          0          0          0         80   strncmp.o
        22          0          0          0          0         68   strrchr.o
        36          0          0          0          0         80   strstr.o
       176         14          0          0          0        124   strtod.o
        74          0          0          0          0         80   sys_stackheap_outer.o
        26          0          0          0          0         76   tolower.o
         2          0          0          0          0         68   use_no_semi.o
         2          0          0          0          0         68   use_no_semi_2.o
        98          4          0          0          0        140   d2f.o
        16          4          0          0          0        116   dcheck1.o
        84          0          0          0          0        244   dcmp.o
        24          0          0          0          0        116   dcmpi.o
       120          4          0          0          0        140   deqf.o
        94          4          0          0          0        140   dfix.o
       120          4          0          0          0        140   dgeqf.o
       120          4          0          0          0        140   dleqf.o
       340         12          0          0          0        152   dmul.o
       156          4          0          0          0        140   dnaninf.o
        12          0          0          0          0        116   dretinf.o
       108          0          0          0          0        128   drleqf.o
        86          4          0          0          0        132   f2d.o
       140          4          0          0          0        132   fnaninf.o
         0          0         16          0          0          0   fpconst.o
        26          0          0          0          0        116   fpinit.o
        10          0          0          0          0        116   fretinf.o
         6          0          0          0          0        116   istatus.o
         4          0          0          0          0        116   printf1.o
       100          0          0          0          0        116   retnan.o
        92          0          0          0          0        116   scalbn.o
         4          0          0          0          0        116   scanf1.o
         8          0          0          0          0        132   scanf2.o
        48          0          0          0          0        116   trapv.o
         0          0          0          0          0          0   usenofp.o
        64         16          0          0          0        248   dunder.o
        48          0          0          0          0        124   fpclassify.o
       140         22          0          0          0        132   frexp.o
       228          8          0          0          0        308   ldexp.o
       266         16          0          0          0        308   narrow.o
        40          8          0          0          0        128   strtod.o

    ----------------------------------------------------------------------
     12644        494        524          0         96      10944   Library Totals
        24          0          3          0          0          0   (incl. Padding)

    ----------------------------------------------------------------------

      Code (inc. data)   RO Data    RW Data    ZI Data      Debug   Library Name

     10018        376        505          0         96       6660   c_w.l
      1816         48         16          0          0       3036   fz_wm.l
       786         70          0          0          0       1248   m_wm.l

    ----------------------------------------------------------------------
     12644        494        524          0         96      10944   Library Totals

    ----------------------------------------------------------------------

==============================================================================


      Code (inc. data)   RO Data    RW Data    ZI Data      Debug   

     47464       1474       1696         24       3304     426239   Grand Totals
     47464       1474       1696         24       3304     426239   ELF Image Totals
     47464       1474       1696         24          0          0   ROM Totals

==============================================================================

    Total RO  Size (Code + RO Data)                49160 (  48.01kB)
    Total RW  Size (RW Data + ZI Data)              3328 (   3.25kB)
    Total ROM Size (Code + RO Data + RW Data)      49184 (  48.03kB)

==============================================================================

