<html>
<body>
<pre>
<h1>µVision Build Log</h1>
<h2>Tool Versions:</h2>
IDE-Version: ¶ÃVision V5.42.0.0
Copyright (C) 2025 ARM Ltd and ARM Germany GmbH. All rights reserved.
License Information: 1 2576165572@qq.com, 1, LIC=21E4T-R5U0K-9UH4U-SL4FD-PF18J-8PI6E
 
Tool Versions:
Toolchain:       MDK-ARM Plus  Version: 5.42.0.0
Toolchain Path:  D:\Keil_v5\ARM\ARMCLANG\Bin
C Compiler:      ArmClang.exe V6.23
Assembler:       Armasm.exe V6.23
Linker/Locator:  ArmLink.exe V6.23
Library Manager: ArmAr.exe V6.23
Hex Converter:   FromElf.exe V6.23
CPU DLL:         
Dialog DLL:      
Target DLL:      STLink\ST-LINKIII-KEIL_SWO.dll V3.3.0.0
Dialog DLL:      TCM.DLL V1.56.6.0
 
<h2>Project:</h2>
D:\ŒÔ¡™Õ¯¥Û»¸\01-1_STM32U575_Software_Config\MDK-ARM\01-1_STM32U575_Software_Config.uvprojx
Project File Date:  08/15/2025

<h2>Output:</h2>
*** Using Compiler 'V6.23', folder: 'D:\Keil_v5\ARM\ARMCLANG\Bin'
Build target '01-1_STM32U575_Software_Config'
../Core/Src/app_freertos.c(240): warning: passing 'const uint8_t *' (aka 'const unsigned char *') to parameter of type 'uint8_t *' (aka 'unsigned char *') discards qualifiers [-Wincompatible-pointer-types-discards-qualifiers]
  240 |                 FIFO_ReadData(camera_img_dsc.data, CAMERA_FRAME_SIZE);  // ËØªÂèñ‰∏ÄÂ∏ßÊï∞ÊçÆ
      |                               ^~~~~~~~~~~~~~~~~~~
../Core/Inc\bsp_ov7670.h(27): note: passing argument to parameter 'cache' here
   27 | void FIFO_ReadData(uint8_t* cache, uint16_t len);
      |                             ^
../Core/Src/app_freertos.c(240): warning: implicit conversion from 'int' to 'uint16_t' (aka 'unsigned short') changes value from 153600 to 22528 [-Wconstant-conversion]
  240 |                 FIFO_ReadData(camera_img_dsc.data, CAMERA_FRAME_SIZE);  // ËØªÂèñ‰∏ÄÂ∏ßÊï∞ÊçÆ
      |                 ~~~~~~~~~~~~~                      ^~~~~~~~~~~~~~~~~
../Core/Inc\bsp_ov7670.h(16): note: expanded from macro 'CAMERA_FRAME_SIZE'
   16 | #define CAMERA_FRAME_SIZE (CAMERA_WIDTH * CAMERA_HEIGHT * 2)  // 153600Â≠óËäÇ
      |                            ~~~~~~~~~~~~~~~~~~~~~~~~~~~~~^~~
2 warnings generated.
compiling app_freertos.c...
linking...
Program Size: Code=270800 RO-data=34868 RW-data=153808 ZI-data=248304  
FromELF: creating hex file...
"01-1_STM32U575_Software_Config\01-1_STM32U575_Software_Config.axf" - 0 Error(s), 2 Warning(s).

<h2>Software Packages used:</h2>

Package Vendor: ARM
                https://www.keil.com/pack/ARM.CMSIS.6.1.0.pack
                ARM::CMSIS@6.1.0
                CMSIS (Common Microcontroller Software Interface Standard)
   * Component: CORE Version: 6.1.0

Package Vendor: Keil
                https://www.keil.com/pack/Keil.STM32U5xx_DFP.3.0.0.pack
                Keil::STM32U5xx_DFP@3.0.0
                STMicroelectronics STM32U5 Series Device Support

<h2>Collection of Component include folders:</h2>
  ./RTE/_01-1_STM32U575_Software_Config
  D:/Keil_v5/Arm/Packs/ARM/CMSIS/6.1.0/CMSIS/Core/Include

<h2>Collection of Component Files used:</h2>

   * Component: ARM::CMSIS:CORE@6.1.0
      Include file:  CMSIS/Core/Include/tz_context.h
Build Time Elapsed:  00:00:09
</pre>
</body>
</html>
